watgpu608:254038:254250 [2] NCCL INFO proxyProgressAsync opId=0x758828003810 op.type=3 op.reqBuff=0x758820010d80 op.respSize=80 done
watgpu608:254038:254226 [2] NCCL INFO ncclPollProxyResponse Received new opId=0x758828003810
watgpu608:254038:254250 [2] NCCL INFO Received and initiated operation=Setup res=0
watgpu608:254038:254226 [2] NCCL INFO resp.opId=0x758828003810 matches expected opId=0x758828003810
watgpu608:254039:254249 [3] NCCL INFO transport/p2p.cc:218 Cuda Alloc Size 2097152 pointer 0x7f7cb9600000
watgpu608:254039:254249 [3] NCCL INFO Allocated shareable buffer 0x7f7cb9600000 size 2097152 ipcDesc 0x7f7c8400ad50
watgpu608:254039:254249 [3] NCCL INFO proxyProgressAsync opId=0x7f7c8c003810 op.type=3 op.reqBuff=0x7f7c8400f4e0 op.respSize=80 done
watgpu608:254039:254227 [3] NCCL INFO ncclPollProxyResponse Received new opId=0x7f7c8c003810
watgpu608:254039:254249 [3] NCCL INFO Received and initiated operation=Setup res=0
watgpu608:254039:254227 [3] NCCL INFO resp.opId=0x7f7c8c003810 matches expected opId=0x7f7c8c003810
watgpu608:254039:254227 [3] NCCL INFO Channel 06/0 : 3[3] -> 0[0] via P2P/IPC
watgpu608:254039:254249 [3] NCCL INFO New proxy send connection 14 from local rank 3, transport 0
watgpu608:254039:254249 [3] NCCL INFO proxyProgressAsync opId=0x7f7c8c003810 op.type=1 op.reqBuff=0x7f7c8400f4e0 op.respSize=16 done
watgpu608:254039:254227 [3] NCCL INFO ncclPollProxyResponse Received new opId=0x7f7c8c003810
watgpu608:254039:254249 [3] NCCL INFO Received and initiated operation=Init res=0
watgpu608:254039:254227 [3] NCCL INFO resp.opId=0x7f7c8c003810 matches expected opId=0x7f7c8c003810
watgpu608:254039:254227 [3] NCCL INFO Connected to proxy localRank 3 -> connection 0x7f7c840019b0
watgpu608:254036:254251 [0] NCCL INFO transport/p2p.cc:218 Cuda Alloc Size 2097152 pointer 0x7fab3d400000
watgpu608:254036:254251 [0] NCCL INFO Allocated shareable buffer 0x7fab3d400000 size 2097152 ipcDesc 0x7fab3400a060
watgpu608:254036:254251 [0] NCCL INFO proxyProgressAsync opId=0x7fab08003810 op.type=3 op.reqBuff=0x7fab3400e890 op.respSize=80 done
watgpu608:254036:254251 [0] NCCL INFO Received and initiated operation=Setup res=0
watgpu608:254037:254252 [1] NCCL INFO transport/p2p.cc:218 Cuda Alloc Size 2097152 pointer 0x70d3e1c00000
watgpu608:254037:254252 [1] NCCL INFO Allocated shareable buffer 0x70d3e1c00000 size 2097152 ipcDesc 0x70d3b800ad50
watgpu608:254037:254252 [1] NCCL INFO proxyProgressAsync opId=0x70d3c0003810 op.type=3 op.reqBuff=0x70d3b800c620 op.respSize=80 done
watgpu608:254039:254249 [3] NCCL INFO transport/p2p.cc:218 Cuda Alloc Size 2097152 pointer 0x7f7cb9800000
watgpu608:254039:254249 [3] NCCL INFO Allocated shareable buffer 0x7f7cb9800000 size 2097152 ipcDesc 0x7f7c8400ad50
watgpu608:254037:254248 [1] NCCL INFO ncclPollProxyResponse Received new opId=0x70d3c0003810
watgpu608:254039:254249 [3] NCCL INFO proxyProgressAsync opId=0x7f7c8c003810 op.type=3 op.reqBuff=0x7f7c84010130 op.respSize=80 done
watgpu608:254037:254252 [1] NCCL INFO Received and initiated operation=Setup res=0
watgpu608:254037:254248 [1] NCCL INFO resp.opId=0x70d3c0003810 matches expected opId=0x70d3c0003810
watgpu608:254037:254248 [1] NCCL INFO Channel 02/0 : 1[1] -> 2[2] via P2P/IPC
watgpu608:254039:254249 [3] NCCL INFO Received and initiated operation=Setup res=0
watgpu608:254037:254252 [1] NCCL INFO New proxy send connection 10 from local rank 1, transport 0
watgpu608:254037:254252 [1] NCCL INFO proxyProgressAsync opId=0x70d3c0003810 op.type=1 op.reqBuff=0x70d3b800c620 op.respSize=16 done
watgpu608:254037:254248 [1] NCCL INFO ncclPollProxyResponse Received new opId=0x70d3c0003810
watgpu608:254037:254252 [1] NCCL INFO Received and initiated operation=Init res=0
watgpu608:254037:254248 [1] NCCL INFO resp.opId=0x70d3c0003810 matches expected opId=0x70d3c0003810
watgpu608:254037:254248 [1] NCCL INFO Connected to proxy localRank 1 -> connection 0x70d3b80017d0
watgpu608:254037:254252 [1] NCCL INFO transport/p2p.cc:218 Cuda Alloc Size 2097152 pointer 0x70d3e1e00000
watgpu608:254037:254252 [1] NCCL INFO Allocated shareable buffer 0x70d3e1e00000 size 2097152 ipcDesc 0x70d3b800ad50
watgpu608:254037:254252 [1] NCCL INFO proxyProgressAsync opId=0x70d3c0003810 op.type=3 op.reqBuff=0x70d3b800d270 op.respSize=80 done
watgpu608:254037:254248 [1] NCCL INFO ncclPollProxyResponse Received new opId=0x70d3c0003810
watgpu608:254037:254252 [1] NCCL INFO Received and initiated operation=Setup res=0
watgpu608:254037:254248 [1] NCCL INFO resp.opId=0x70d3c0003810 matches expected opId=0x70d3c0003810
watgpu608:254037:254248 [1] NCCL INFO Channel 03/0 : 1[1] -> 2[2] via P2P/IPC
watgpu608:254039:254227 [3] NCCL INFO ncclPollProxyResponse Received new opId=0x7f7c8c003810
watgpu608:254036:254225 [0] NCCL INFO ncclPollProxyResponse Received new opId=0x7fab08003810
watgpu608:254039:254227 [3] NCCL INFO resp.opId=0x7f7c8c003810 matches expected opId=0x7f7c8c003810
watgpu608:254036:254225 [0] NCCL INFO resp.opId=0x7fab08003810 matches expected opId=0x7fab08003810
watgpu608:254039:254227 [3] NCCL INFO Channel 07/0 : 3[3] -> 0[0] via P2P/IPC
watgpu608:254036:254225 [0] NCCL INFO Channel 05/0 : 0[0] -> 1[1] via P2P/IPC
watgpu608:254037:254252 [1] NCCL INFO New proxy send connection 11 from local rank 1, transport 0
watgpu608:254037:254252 [1] NCCL INFO proxyProgressAsync opId=0x70d3c0003810 op.type=1 op.reqBuff=0x70d3b800d270 op.respSize=16 done
watgpu608:254037:254248 [1] NCCL INFO ncclPollProxyResponse Received new opId=0x70d3c0003810
watgpu608:254039:254249 [3] NCCL INFO New proxy send connection 15 from local rank 3, transport 0
watgpu608:254037:254252 [1] NCCL INFO Received and initiated operation=Init res=0
watgpu608:254036:254251 [0] NCCL INFO New proxy send connection 13 from local rank 0, transport 0
watgpu608:254039:254249 [3] NCCL INFO proxyProgressAsync opId=0x7f7c8c003810 op.type=1 op.reqBuff=0x7f7c84010130 op.respSize=16 done
watgpu608:254036:254251 [0] NCCL INFO proxyProgressAsync opId=0x7fab08003810 op.type=1 op.reqBuff=0x7fab3400e890 op.respSize=16 done
watgpu608:254037:254248 [1] NCCL INFO resp.opId=0x70d3c0003810 matches expected opId=0x70d3c0003810
watgpu608:254039:254227 [3] NCCL INFO ncclPollProxyResponse Received new opId=0x7f7c8c003810
watgpu608:254037:254248 [1] NCCL INFO Connected to proxy localRank 1 -> connection 0x70d3b8001848
watgpu608:254036:254225 [0] NCCL INFO ncclPollProxyResponse Received new opId=0x7fab08003810
watgpu608:254039:254249 [3] NCCL INFO Received and initiated operation=Init res=0
watgpu608:254036:254251 [0] NCCL INFO Received and initiated operation=Init res=0
watgpu608:254039:254227 [3] NCCL INFO resp.opId=0x7f7c8c003810 matches expected opId=0x7f7c8c003810
watgpu608:254036:254225 [0] NCCL INFO resp.opId=0x7fab08003810 matches expected opId=0x7fab08003810
watgpu608:254039:254227 [3] NCCL INFO Connected to proxy localRank 3 -> connection 0x7f7c84001a28
watgpu608:254036:254225 [0] NCCL INFO Connected to proxy localRank 0 -> connection 0x7fab34001a68
watgpu608:254039:254249 [3] NCCL INFO transport/p2p.cc:218 Cuda Alloc Size 2097152 pointer 0x7f7cb9a00000
watgpu608:254036:254251 [0] NCCL INFO transport/p2p.cc:218 Cuda Alloc Size 2097152 pointer 0x7fab3d600000
watgpu608:254039:254249 [3] NCCL INFO Allocated shareable buffer 0x7f7cb9a00000 size 2097152 ipcDesc 0x7f7c8400ad50
watgpu608:254039:254249 [3] NCCL INFO proxyProgressAsync opId=0x7f7c8c003810 op.type=3 op.reqBuff=0x7f7c84010d80 op.respSize=80 done
watgpu608:254036:254251 [0] NCCL INFO Allocated shareable buffer 0x7fab3d600000 size 2097152 ipcDesc 0x7fab3400a060
watgpu608:254036:254251 [0] NCCL INFO proxyProgressAsync opId=0x7fab08003810 op.type=3 op.reqBuff=0x7fab3400f4e0 op.respSize=80 done
watgpu608:254039:254227 [3] NCCL INFO ncclPollProxyResponse Received new opId=0x7f7c8c003810
watgpu608:254036:254225 [0] NCCL INFO ncclPollProxyResponse Received new opId=0x7fab08003810
watgpu608:254039:254249 [3] NCCL INFO Received and initiated operation=Setup res=0
watgpu608:254037:254252 [1] NCCL INFO transport/p2p.cc:218 Cuda Alloc Size 2097152 pointer 0x70d3ed200000
watgpu608:254036:254251 [0] NCCL INFO Received and initiated operation=Setup res=0
watgpu608:254039:254227 [3] NCCL INFO resp.opId=0x7f7c8c003810 matches expected opId=0x7f7c8c003810
watgpu608:254036:254225 [0] NCCL INFO resp.opId=0x7fab08003810 matches expected opId=0x7fab08003810
watgpu608:254036:254225 [0] NCCL INFO Channel 06/0 : 0[0] -> 1[1] via P2P/IPC
watgpu608:254037:254252 [1] NCCL INFO Allocated shareable buffer 0x70d3ed200000 size 2097152 ipcDesc 0x70d3b800ad50
watgpu608:254037:254252 [1] NCCL INFO proxyProgressAsync opId=0x70d3c0003810 op.type=3 op.reqBuff=0x70d3b800dc40 op.respSize=80 done
watgpu608:254037:254248 [1] NCCL INFO ncclPollProxyResponse Received new opId=0x70d3c0003810
watgpu608:254036:254251 [0] NCCL INFO New proxy send connection 14 from local rank 0, transport 0
watgpu608:254036:254251 [0] NCCL INFO proxyProgressAsync opId=0x7fab08003810 op.type=1 op.reqBuff=0x7fab3400f4e0 op.respSize=16 done
watgpu608:254037:254252 [1] NCCL INFO Received and initiated operation=Setup res=0
watgpu608:254036:254225 [0] NCCL INFO ncclPollProxyResponse Received new opId=0x7fab08003810
watgpu608:254036:254251 [0] NCCL INFO Received and initiated operation=Init res=0
watgpu608:254037:254248 [1] NCCL INFO resp.opId=0x70d3c0003810 matches expected opId=0x70d3c0003810
watgpu608:254036:254225 [0] NCCL INFO resp.opId=0x7fab08003810 matches expected opId=0x7fab08003810
watgpu608:254037:254248 [1] NCCL INFO Channel 04/0 : 1[1] -> 2[2] via P2P/IPC
watgpu608:254036:254225 [0] NCCL INFO Connected to proxy localRank 0 -> connection 0x7fab34001ae0
watgpu608:254037:254252 [1] NCCL INFO New proxy send connection 12 from local rank 1, transport 0
watgpu608:254037:254252 [1] NCCL INFO proxyProgressAsync opId=0x70d3c0003810 op.type=1 op.reqBuff=0x70d3b800dc40 op.respSize=16 done
watgpu608:254037:254248 [1] NCCL INFO ncclPollProxyResponse Received new opId=0x70d3c0003810
watgpu608:254037:254252 [1] NCCL INFO Received and initiated operation=Init res=0
watgpu608:254037:254248 [1] NCCL INFO resp.opId=0x70d3c0003810 matches expected opId=0x70d3c0003810
watgpu608:254037:254248 [1] NCCL INFO Connected to proxy localRank 1 -> connection 0x70d3b80018c0
watgpu608:254036:254251 [0] NCCL INFO transport/p2p.cc:218 Cuda Alloc Size 2097152 pointer 0x7fab3d800000
watgpu608:254036:254251 [0] NCCL INFO Allocated shareable buffer 0x7fab3d800000 size 2097152 ipcDesc 0x7fab3400a060
watgpu608:254036:254251 [0] NCCL INFO proxyProgressAsync opId=0x7fab08003810 op.type=3 op.reqBuff=0x7fab34010130 op.respSize=80 done
watgpu608:254036:254225 [0] NCCL INFO ncclPollProxyResponse Received new opId=0x7fab08003810
watgpu608:254036:254251 [0] NCCL INFO Received and initiated operation=Setup res=0
watgpu608:254036:254225 [0] NCCL INFO resp.opId=0x7fab08003810 matches expected opId=0x7fab08003810
watgpu608:254036:254225 [0] NCCL INFO Channel 07/0 : 0[0] -> 1[1] via P2P/IPC
watgpu608:254036:254251 [0] NCCL INFO New proxy send connection 15 from local rank 0, transport 0
watgpu608:254036:254251 [0] NCCL INFO proxyProgressAsync opId=0x7fab08003810 op.type=1 op.reqBuff=0x7fab34010130 op.respSize=16 done
watgpu608:254036:254225 [0] NCCL INFO ncclPollProxyResponse Received new opId=0x7fab08003810
watgpu608:254036:254251 [0] NCCL INFO Received and initiated operation=Init res=0
watgpu608:254036:254225 [0] NCCL INFO resp.opId=0x7fab08003810 matches expected opId=0x7fab08003810
watgpu608:254036:254225 [0] NCCL INFO Connected to proxy localRank 0 -> connection 0x7fab34001b58
watgpu608:254037:254252 [1] NCCL INFO transport/p2p.cc:218 Cuda Alloc Size 2097152 pointer 0x70d3ed400000
watgpu608:254037:254252 [1] NCCL INFO Allocated shareable buffer 0x70d3ed400000 size 2097152 ipcDesc 0x70d3b800ad50
watgpu608:254037:254252 [1] NCCL INFO proxyProgressAsync opId=0x70d3c0003810 op.type=3 op.reqBuff=0x70d3b800e890 op.respSize=80 done
watgpu608:254037:254248 [1] NCCL INFO ncclPollProxyResponse Received new opId=0x70d3c0003810
watgpu608:254037:254252 [1] NCCL INFO Received and initiated operation=Setup res=0
watgpu608:254037:254248 [1] NCCL INFO resp.opId=0x70d3c0003810 matches expected opId=0x70d3c0003810
watgpu608:254037:254248 [1] NCCL INFO Channel 05/0 : 1[1] -> 2[2] via P2P/IPC
watgpu608:254037:254252 [1] NCCL INFO New proxy send connection 13 from local rank 1, transport 0
watgpu608:254037:254252 [1] NCCL INFO proxyProgressAsync opId=0x70d3c0003810 op.type=1 op.reqBuff=0x70d3b800e890 op.respSize=16 done
watgpu608:254037:254248 [1] NCCL INFO ncclPollProxyResponse Received new opId=0x70d3c0003810
watgpu608:254037:254252 [1] NCCL INFO Received and initiated operation=Init res=0
watgpu608:254037:254248 [1] NCCL INFO resp.opId=0x70d3c0003810 matches expected opId=0x70d3c0003810
watgpu608:254037:254248 [1] NCCL INFO Connected to proxy localRank 1 -> connection 0x70d3b8001938
watgpu608:254036:254251 [0] NCCL INFO transport/p2p.cc:218 Cuda Alloc Size 2097152 pointer 0x7fab3da00000
watgpu608:254036:254251 [0] NCCL INFO Allocated shareable buffer 0x7fab3da00000 size 2097152 ipcDesc 0x7fab3400a060
watgpu608:254036:254251 [0] NCCL INFO proxyProgressAsync opId=0x7fab08003810 op.type=3 op.reqBuff=0x7fab34010d80 op.respSize=80 done
watgpu608:254036:254225 [0] NCCL INFO ncclPollProxyResponse Received new opId=0x7fab08003810
watgpu608:254036:254251 [0] NCCL INFO Received and initiated operation=Setup res=0
watgpu608:254036:254225 [0] NCCL INFO resp.opId=0x7fab08003810 matches expected opId=0x7fab08003810
watgpu608:254037:254252 [1] NCCL INFO transport/p2p.cc:218 Cuda Alloc Size 2097152 pointer 0x70d3ed600000
watgpu608:254037:254252 [1] NCCL INFO Allocated shareable buffer 0x70d3ed600000 size 2097152 ipcDesc 0x70d3b800ad50
watgpu608:254037:254252 [1] NCCL INFO proxyProgressAsync opId=0x70d3c0003810 op.type=3 op.reqBuff=0x70d3b800f4e0 op.respSize=80 done
watgpu608:254037:254248 [1] NCCL INFO ncclPollProxyResponse Received new opId=0x70d3c0003810
watgpu608:254037:254252 [1] NCCL INFO Received and initiated operation=Setup res=0
watgpu608:254037:254248 [1] NCCL INFO resp.opId=0x70d3c0003810 matches expected opId=0x70d3c0003810
watgpu608:254037:254248 [1] NCCL INFO Channel 06/0 : 1[1] -> 2[2] via P2P/IPC
watgpu608:254037:254252 [1] NCCL INFO New proxy send connection 14 from local rank 1, transport 0
watgpu608:254037:254252 [1] NCCL INFO proxyProgressAsync opId=0x70d3c0003810 op.type=1 op.reqBuff=0x70d3b800f4e0 op.respSize=16 done
watgpu608:254037:254248 [1] NCCL INFO ncclPollProxyResponse Received new opId=0x70d3c0003810
watgpu608:254037:254252 [1] NCCL INFO Received and initiated operation=Init res=0
watgpu608:254037:254248 [1] NCCL INFO resp.opId=0x70d3c0003810 matches expected opId=0x70d3c0003810
watgpu608:254037:254248 [1] NCCL INFO Connected to proxy localRank 1 -> connection 0x70d3b80019b0
watgpu608:254039:254227 [3] NCCL INFO Imported shareable buffer device 3 size 10485760 ptr 0x7f7cb9c00000
watgpu608:254037:254252 [1] NCCL INFO transport/p2p.cc:218 Cuda Alloc Size 2097152 pointer 0x70d3ed800000
watgpu608:254037:254252 [1] NCCL INFO Allocated shareable buffer 0x70d3ed800000 size 2097152 ipcDesc 0x70d3b800ad50
watgpu608:254037:254252 [1] NCCL INFO proxyProgressAsync opId=0x70d3c0003810 op.type=3 op.reqBuff=0x70d3b8010130 op.respSize=80 done
watgpu608:254037:254248 [1] NCCL INFO ncclPollProxyResponse Received new opId=0x70d3c0003810
watgpu608:254037:254252 [1] NCCL INFO Received and initiated operation=Setup res=0
watgpu608:254037:254248 [1] NCCL INFO resp.opId=0x70d3c0003810 matches expected opId=0x70d3c0003810
watgpu608:254037:254248 [1] NCCL INFO Channel 07/0 : 1[1] -> 2[2] via P2P/IPC
watgpu608:254037:254252 [1] NCCL INFO New proxy send connection 15 from local rank 1, transport 0
watgpu608:254037:254252 [1] NCCL INFO proxyProgressAsync opId=0x70d3c0003810 op.type=1 op.reqBuff=0x70d3b8010130 op.respSize=16 done
watgpu608:254037:254248 [1] NCCL INFO ncclPollProxyResponse Received new opId=0x70d3c0003810
watgpu608:254037:254252 [1] NCCL INFO Received and initiated operation=Init res=0
watgpu608:254037:254248 [1] NCCL INFO resp.opId=0x70d3c0003810 matches expected opId=0x70d3c0003810
watgpu608:254037:254248 [1] NCCL INFO Connected to proxy localRank 1 -> connection 0x70d3b8001a28
watgpu608:254039:254227 [3] NCCL INFO Imported shareable buffer device 3 size 2097152 ptr 0x7f7cba600000
watgpu608:254037:254252 [1] NCCL INFO transport/p2p.cc:218 Cuda Alloc Size 2097152 pointer 0x70d3eda00000
watgpu608:254039:254227 [3] NCCL INFO Imported shareable buffer device 3 size 10485760 ptr 0x7f7cba800000
watgpu608:254037:254252 [1] NCCL INFO Allocated shareable buffer 0x70d3eda00000 size 2097152 ipcDesc 0x70d3b800ad50
watgpu608:254037:254252 [1] NCCL INFO proxyProgressAsync opId=0x70d3c0003810 op.type=3 op.reqBuff=0x70d3b8010d80 op.respSize=80 done
watgpu608:254037:254248 [1] NCCL INFO ncclPollProxyResponse Received new opId=0x70d3c0003810
watgpu608:254037:254252 [1] NCCL INFO Received and initiated operation=Setup res=0
watgpu608:254037:254248 [1] NCCL INFO resp.opId=0x70d3c0003810 matches expected opId=0x70d3c0003810
watgpu608:254039:254227 [3] NCCL INFO Imported shareable buffer device 3 size 2097152 ptr 0x7f7cbb200000
watgpu608:254039:254227 [3] NCCL INFO Imported shareable buffer device 3 size 10485760 ptr 0x7f7cbb400000
watgpu608:254039:254227 [3] NCCL INFO Imported shareable buffer device 3 size 2097152 ptr 0x7f7cbbe00000
watgpu608:254039:254227 [3] NCCL INFO Imported shareable buffer device 3 size 10485760 ptr 0x7f7cbc000000
watgpu608:254038:254226 [2] NCCL INFO Imported shareable buffer device 2 size 10485760 ptr 0x758855c00000
watgpu608:254039:254227 [3] NCCL INFO Imported shareable buffer device 3 size 2097152 ptr 0x7f7cbca00000
watgpu608:254036:254225 [0] NCCL INFO Imported shareable buffer device 0 size 10485760 ptr 0x7fab3dc00000
watgpu608:254039:254227 [3] NCCL INFO Imported shareable buffer device 3 size 10485760 ptr 0x7f7cbcc00000
watgpu608:254038:254226 [2] NCCL INFO Imported shareable buffer device 2 size 2097152 ptr 0x758856600000
watgpu608:254039:254227 [3] NCCL INFO Imported shareable buffer device 3 size 2097152 ptr 0x7f7cbd600000
watgpu608:254039:254227 [3] NCCL INFO Imported shareable buffer device 3 size 10485760 ptr 0x7f7cbd800000
watgpu608:254036:254225 [0] NCCL INFO Imported shareable buffer device 0 size 2097152 ptr 0x7fab3e600000
watgpu608:254038:254226 [2] NCCL INFO Imported shareable buffer device 2 size 10485760 ptr 0x758856800000
watgpu608:254037:254248 [1] NCCL INFO Imported shareable buffer device 1 size 10485760 ptr 0x70d3edc00000
watgpu608:254039:254227 [3] NCCL INFO Imported shareable buffer device 3 size 2097152 ptr 0x7f7cbe200000
watgpu608:254037:254248 [1] NCCL INFO Imported shareable buffer device 1 size 2097152 ptr 0x70d3ee600000
watgpu608:254036:254225 [0] NCCL INFO Imported shareable buffer device 0 size 10485760 ptr 0x7fab3e800000
watgpu608:254039:254227 [3] NCCL INFO Imported shareable buffer device 3 size 10485760 ptr 0x7f7cbe400000
watgpu608:254039:254227 [3] NCCL INFO Imported shareable buffer device 3 size 2097152 ptr 0x7f7cbee00000
watgpu608:254039:254227 [3] NCCL INFO Imported shareable buffer device 3 size 10485760 ptr 0x7f7cbf000000
watgpu608:254038:254226 [2] NCCL INFO Imported shareable buffer device 2 size 2097152 ptr 0x758857200000
watgpu608:254036:254225 [0] NCCL INFO Imported shareable buffer device 0 size 2097152 ptr 0x7fab3f200000
watgpu608:254037:254248 [1] NCCL INFO Imported shareable buffer device 1 size 10485760 ptr 0x70d3ee800000
watgpu608:254037:254248 [1] NCCL INFO Imported shareable buffer device 1 size 2097152 ptr 0x70d3ef200000
watgpu608:254037:254248 [1] NCCL INFO Imported shareable buffer device 1 size 10485760 ptr 0x70d3ef400000
watgpu608:254037:254248 [1] NCCL INFO Imported shareable buffer device 1 size 2097152 ptr 0x70d3efe00000
watgpu608:254038:254226 [2] NCCL INFO Imported shareable buffer device 2 size 10485760 ptr 0x758857400000
watgpu608:254036:254225 [0] NCCL INFO Imported shareable buffer device 0 size 10485760 ptr 0x7fab3f400000
watgpu608:254039:254227 [3] NCCL INFO Imported shareable buffer device 3 size 2097152 ptr 0x7f7cbfa00000
watgpu608:254038:254226 [2] NCCL INFO Imported shareable buffer device 2 size 2097152 ptr 0x758857e00000
watgpu608:254037:254248 [1] NCCL INFO Imported shareable buffer device 1 size 10485760 ptr 0x70d3f0000000
watgpu608:254038:254226 [2] NCCL INFO Imported shareable buffer device 2 size 10485760 ptr 0x758858000000
watgpu608:254036:254225 [0] NCCL INFO Imported shareable buffer device 0 size 2097152 ptr 0x7fab3fe00000
watgpu608:254037:254248 [1] NCCL INFO Imported shareable buffer device 1 size 2097152 ptr 0x70d3f0a00000
watgpu608:254038:254226 [2] NCCL INFO Imported shareable buffer device 2 size 2097152 ptr 0x758858a00000
watgpu608:254036:254225 [0] NCCL INFO Imported shareable buffer device 0 size 10485760 ptr 0x7fab40000000
watgpu608:254037:254248 [1] NCCL INFO Imported shareable buffer device 1 size 10485760 ptr 0x70d3f0c00000
watgpu608:254038:254226 [2] NCCL INFO Imported shareable buffer device 2 size 10485760 ptr 0x758858c00000
watgpu608:254036:254225 [0] NCCL INFO Imported shareable buffer device 0 size 2097152 ptr 0x7fab40a00000
watgpu608:254037:254248 [1] NCCL INFO Imported shareable buffer device 1 size 2097152 ptr 0x70d3f1600000
watgpu608:254038:254226 [2] NCCL INFO Imported shareable buffer device 2 size 2097152 ptr 0x758859600000
watgpu608:254036:254225 [0] NCCL INFO Imported shareable buffer device 0 size 10485760 ptr 0x7fab40c00000
watgpu608:254037:254248 [1] NCCL INFO Imported shareable buffer device 1 size 10485760 ptr 0x70d3f1800000
watgpu608:254037:254248 [1] NCCL INFO Imported shareable buffer device 1 size 2097152 ptr 0x70d3f2200000
watgpu608:254037:254248 [1] NCCL INFO Imported shareable buffer device 1 size 10485760 ptr 0x70d3f2400000
watgpu608:254037:254248 [1] NCCL INFO Imported shareable buffer device 1 size 2097152 ptr 0x70d3f2e00000
watgpu608:254038:254226 [2] NCCL INFO Imported shareable buffer device 2 size 10485760 ptr 0x758859800000
watgpu608:254036:254225 [0] NCCL INFO Imported shareable buffer device 0 size 2097152 ptr 0x7fab41600000
watgpu608:254037:254248 [1] NCCL INFO Imported shareable buffer device 1 size 10485760 ptr 0x70d3f3000000
watgpu608:254038:254226 [2] NCCL INFO Imported shareable buffer device 2 size 2097152 ptr 0x75885a200000
watgpu608:254036:254225 [0] NCCL INFO Imported shareable buffer device 0 size 10485760 ptr 0x7fab41800000
watgpu608:254038:254226 [2] NCCL INFO Imported shareable buffer device 2 size 10485760 ptr 0x75885a400000
watgpu608:254036:254225 [0] NCCL INFO Imported shareable buffer device 0 size 2097152 ptr 0x7fab42200000
watgpu608:254037:254248 [1] NCCL INFO Imported shareable buffer device 1 size 2097152 ptr 0x70d3f3a00000
watgpu608:254036:254225 [0] NCCL INFO Imported shareable buffer device 0 size 10485760 ptr 0x7fab42400000
watgpu608:254038:254226 [2] NCCL INFO Imported shareable buffer device 2 size 2097152 ptr 0x75885ae00000
watgpu608:254038:254226 [2] NCCL INFO Imported shareable buffer device 2 size 10485760 ptr 0x75885b000000
watgpu608:254036:254225 [0] NCCL INFO Imported shareable buffer device 0 size 2097152 ptr 0x7fab42e00000
watgpu608:254036:254225 [0] NCCL INFO Imported shareable buffer device 0 size 10485760 ptr 0x7fab43000000
watgpu608:254038:254226 [2] NCCL INFO Imported shareable buffer device 2 size 2097152 ptr 0x75885ba00000
watgpu608:254036:254225 [0] NCCL INFO Imported shareable buffer device 0 size 2097152 ptr 0x7fab43a00000
watgpu608:254038:254226 [2] NCCL INFO Connected all rings
watgpu608:254037:254248 [1] NCCL INFO Connected all rings
watgpu608:254038:254250 [2] NCCL INFO New proxy recv connection 16 from local rank 2, transport 0
watgpu608:254038:254250 [2] NCCL INFO proxyProgressAsync opId=0x758828003810 op.type=1 op.reqBuff=0x758820010d80 op.respSize=16 done
watgpu608:254038:254226 [2] NCCL INFO ncclPollProxyResponse Received new opId=0x758828003810
watgpu608:254038:254250 [2] NCCL INFO Received and initiated operation=Init res=0
watgpu608:254038:254226 [2] NCCL INFO resp.opId=0x758828003810 matches expected opId=0x758828003810
watgpu608:254038:254226 [2] NCCL INFO Connected to proxy localRank 2 -> connection 0x758820001aa0
watgpu608:254039:254227 [3] NCCL INFO Connected all rings
watgpu608:254037:254252 [1] NCCL INFO New proxy recv connection 16 from local rank 1, transport 0
watgpu608:254037:254252 [1] NCCL INFO proxyProgressAsync opId=0x70d3c0003810 op.type=1 op.reqBuff=0x70d3b8010d80 op.respSize=16 done
watgpu608:254039:254227 [3] NCCL INFO Channel 00/0 : 3[3] -> 2[2] via P2P/IPC
watgpu608:254036:254225 [0] NCCL INFO Connected all rings
watgpu608:254037:254248 [1] NCCL INFO ncclPollProxyResponse Received new opId=0x70d3c0003810
watgpu608:254037:254252 [1] NCCL INFO Received and initiated operation=Init res=0
watgpu608:254037:254248 [1] NCCL INFO resp.opId=0x70d3c0003810 matches expected opId=0x70d3c0003810
watgpu608:254037:254248 [1] NCCL INFO Connected to proxy localRank 1 -> connection 0x70d3b8001aa0
watgpu608:254036:254251 [0] NCCL INFO New proxy recv connection 16 from local rank 0, transport 0
watgpu608:254036:254251 [0] NCCL INFO proxyProgressAsync opId=0x7fab08003810 op.type=1 op.reqBuff=0x7fab34010d80 op.respSize=16 done
watgpu608:254036:254225 [0] NCCL INFO ncclPollProxyResponse Received new opId=0x7fab08003810
watgpu608:254039:254249 [3] NCCL INFO New proxy send connection 16 from local rank 3, transport 0
watgpu608:254036:254251 [0] NCCL INFO Received and initiated operation=Init res=0
watgpu608:254039:254249 [3] NCCL INFO proxyProgressAsync opId=0x7f7c8c003810 op.type=1 op.reqBuff=0x7f7c84010d80 op.respSize=16 done
watgpu608:254036:254225 [0] NCCL INFO resp.opId=0x7fab08003810 matches expected opId=0x7fab08003810
watgpu608:254036:254225 [0] NCCL INFO Connected to proxy localRank 0 -> connection 0x7fab34001bd0
watgpu608:254039:254227 [3] NCCL INFO ncclPollProxyResponse Received new opId=0x7f7c8c003810
watgpu608:254039:254249 [3] NCCL INFO Received and initiated operation=Init res=0
watgpu608:254039:254227 [3] NCCL INFO resp.opId=0x7f7c8c003810 matches expected opId=0x7f7c8c003810
watgpu608:254039:254227 [3] NCCL INFO Connected to proxy localRank 3 -> connection 0x7f7c84001aa0
watgpu608:254038:254250 [2] NCCL INFO transport/p2p.cc:218 Cuda Alloc Size 10485760 pointer 0x75885bc00000
watgpu608:254038:254250 [2] NCCL INFO Allocated shareable buffer 0x75885bc00000 size 10485760 ipcDesc 0x75882000ad50
watgpu608:254038:254250 [2] NCCL INFO proxyProgressAsync opId=0x758828003810 op.type=3 op.reqBuff=0x7588200119d0 op.respSize=80 done
watgpu608:254038:254226 [2] NCCL INFO ncclPollProxyResponse Received new opId=0x758828003810
watgpu608:254038:254250 [2] NCCL INFO Received and initiated operation=Setup res=0
watgpu608:254038:254226 [2] NCCL INFO resp.opId=0x758828003810 matches expected opId=0x758828003810
watgpu608:254038:254250 [2] NCCL INFO New proxy recv connection 17 from local rank 2, transport 0
watgpu608:254038:254250 [2] NCCL INFO proxyProgressAsync opId=0x758828003810 op.type=1 op.reqBuff=0x7588200119d0 op.respSize=16 done
watgpu608:254038:254226 [2] NCCL INFO ncclPollProxyResponse Received new opId=0x758828003810
watgpu608:254038:254250 [2] NCCL INFO Received and initiated operation=Init res=0
watgpu608:254038:254226 [2] NCCL INFO resp.opId=0x758828003810 matches expected opId=0x758828003810
watgpu608:254038:254226 [2] NCCL INFO Connected to proxy localRank 2 -> connection 0x758820001b18
watgpu608:254038:254250 [2] NCCL INFO transport/p2p.cc:218 Cuda Alloc Size 10485760 pointer 0x75885c600000
watgpu608:254036:254251 [0] NCCL INFO transport/p2p.cc:218 Cuda Alloc Size 10485760 pointer 0x7fab43c00000
watgpu608:254038:254250 [2] NCCL INFO Allocated shareable buffer 0x75885c600000 size 10485760 ipcDesc 0x75882000ad50
watgpu608:254038:254250 [2] NCCL INFO proxyProgressAsync opId=0x758828003810 op.type=3 op.reqBuff=0x758820012620 op.respSize=80 done
watgpu608:254039:254249 [3] NCCL INFO transport/p2p.cc:218 Cuda Alloc Size 2097152 pointer 0x7f7cbfc00000
watgpu608:254038:254226 [2] NCCL INFO ncclPollProxyResponse Received new opId=0x758828003810
watgpu608:254036:254251 [0] NCCL INFO Allocated shareable buffer 0x7fab43c00000 size 10485760 ipcDesc 0x7fab3400a060
watgpu608:254038:254250 [2] NCCL INFO Received and initiated operation=Setup res=0
watgpu608:254036:254251 [0] NCCL INFO proxyProgressAsync opId=0x7fab08003810 op.type=3 op.reqBuff=0x7fab340119d0 op.respSize=80 done
watgpu608:254039:254249 [3] NCCL INFO Allocated shareable buffer 0x7f7cbfc00000 size 2097152 ipcDesc 0x7f7c8400ad50
watgpu608:254039:254249 [3] NCCL INFO proxyProgressAsync opId=0x7f7c8c003810 op.type=3 op.reqBuff=0x7f7c840119d0 op.respSize=80 done
watgpu608:254038:254226 [2] NCCL INFO resp.opId=0x758828003810 matches expected opId=0x758828003810
watgpu608:254036:254225 [0] NCCL INFO ncclPollProxyResponse Received new opId=0x7fab08003810
watgpu608:254036:254251 [0] NCCL INFO Received and initiated operation=Setup res=0
watgpu608:254039:254227 [3] NCCL INFO ncclPollProxyResponse Received new opId=0x7f7c8c003810
watgpu608:254037:254252 [1] NCCL INFO transport/p2p.cc:218 Cuda Alloc Size 10485760 pointer 0x70d3f3c00000
watgpu608:254036:254225 [0] NCCL INFO resp.opId=0x7fab08003810 matches expected opId=0x7fab08003810
watgpu608:254039:254249 [3] NCCL INFO Received and initiated operation=Setup res=0
watgpu608:254038:254250 [2] NCCL INFO New proxy recv connection 18 from local rank 2, transport 0
watgpu608:254038:254250 [2] NCCL INFO proxyProgressAsync opId=0x758828003810 op.type=1 op.reqBuff=0x758820012620 op.respSize=16 done
watgpu608:254039:254227 [3] NCCL INFO resp.opId=0x7f7c8c003810 matches expected opId=0x7f7c8c003810
watgpu608:254038:254226 [2] NCCL INFO ncclPollProxyResponse Received new opId=0x758828003810
watgpu608:254037:254252 [1] NCCL INFO Allocated shareable buffer 0x70d3f3c00000 size 10485760 ipcDesc 0x70d3b800ad50
watgpu608:254039:254227 [3] NCCL INFO Channel 01/0 : 3[3] -> 2[2] via P2P/IPC
watgpu608:254038:254250 [2] NCCL INFO Received and initiated operation=Init res=0
watgpu608:254037:254252 [1] NCCL INFO proxyProgressAsync opId=0x70d3c0003810 op.type=3 op.reqBuff=0x70d3b80119d0 op.respSize=80 done
watgpu608:254038:254226 [2] NCCL INFO resp.opId=0x758828003810 matches expected opId=0x758828003810
watgpu608:254038:254226 [2] NCCL INFO Connected to proxy localRank 2 -> connection 0x758820001b90
watgpu608:254036:254251 [0] NCCL INFO New proxy recv connection 17 from local rank 0, transport 0
watgpu608:254036:254251 [0] NCCL INFO proxyProgressAsync opId=0x7fab08003810 op.type=1 op.reqBuff=0x7fab340119d0 op.respSize=16 done
watgpu608:254037:254248 [1] NCCL INFO ncclPollProxyResponse Received new opId=0x70d3c0003810
watgpu608:254036:254225 [0] NCCL INFO ncclPollProxyResponse Received new opId=0x7fab08003810
watgpu608:254039:254249 [3] NCCL INFO New proxy send connection 17 from local rank 3, transport 0
watgpu608:254036:254251 [0] NCCL INFO Received and initiated operation=Init res=0
watgpu608:254037:254252 [1] NCCL INFO Received and initiated operation=Setup res=0
watgpu608:254039:254249 [3] NCCL INFO proxyProgressAsync opId=0x7f7c8c003810 op.type=1 op.reqBuff=0x7f7c840119d0 op.respSize=16 done
watgpu608:254036:254225 [0] NCCL INFO resp.opId=0x7fab08003810 matches expected opId=0x7fab08003810
watgpu608:254036:254225 [0] NCCL INFO Connected to proxy localRank 0 -> connection 0x7fab34001c48
watgpu608:254037:254248 [1] NCCL INFO resp.opId=0x70d3c0003810 matches expected opId=0x70d3c0003810
watgpu608:254039:254227 [3] NCCL INFO ncclPollProxyResponse Received new opId=0x7f7c8c003810
watgpu608:254039:254249 [3] NCCL INFO Received and initiated operation=Init res=0
watgpu608:254039:254227 [3] NCCL INFO resp.opId=0x7f7c8c003810 matches expected opId=0x7f7c8c003810
watgpu608:254039:254227 [3] NCCL INFO Connected to proxy localRank 3 -> connection 0x7f7c84001b18
watgpu608:254037:254252 [1] NCCL INFO New proxy recv connection 17 from local rank 1, transport 0
watgpu608:254037:254252 [1] NCCL INFO proxyProgressAsync opId=0x70d3c0003810 op.type=1 op.reqBuff=0x70d3b80119d0 op.respSize=16 done
watgpu608:254037:254248 [1] NCCL INFO ncclPollProxyResponse Received new opId=0x70d3c0003810
watgpu608:254037:254252 [1] NCCL INFO Received and initiated operation=Init res=0
watgpu608:254037:254248 [1] NCCL INFO resp.opId=0x70d3c0003810 matches expected opId=0x70d3c0003810
watgpu608:254037:254248 [1] NCCL INFO Connected to proxy localRank 1 -> connection 0x70d3b8001b18
watgpu608:254038:254250 [2] NCCL INFO transport/p2p.cc:218 Cuda Alloc Size 10485760 pointer 0x75885d000000
watgpu608:254036:254251 [0] NCCL INFO transport/p2p.cc:218 Cuda Alloc Size 10485760 pointer 0x7fab44600000
watgpu608:254038:254250 [2] NCCL INFO Allocated shareable buffer 0x75885d000000 size 10485760 ipcDesc 0x75882000ad50
watgpu608:254038:254250 [2] NCCL INFO proxyProgressAsync opId=0x758828003810 op.type=3 op.reqBuff=0x758820013270 op.respSize=80 done
watgpu608:254038:254226 [2] NCCL INFO ncclPollProxyResponse Received new opId=0x758828003810
watgpu608:254038:254250 [2] NCCL INFO Received and initiated operation=Setup res=0
watgpu608:254038:254226 [2] NCCL INFO resp.opId=0x758828003810 matches expected opId=0x758828003810
watgpu608:254038:254250 [2] NCCL INFO New proxy recv connection 19 from local rank 2, transport 0
watgpu608:254038:254250 [2] NCCL INFO proxyProgressAsync opId=0x758828003810 op.type=1 op.reqBuff=0x758820013270 op.respSize=16 done
watgpu608:254036:254251 [0] NCCL INFO Allocated shareable buffer 0x7fab44600000 size 10485760 ipcDesc 0x7fab3400a060
watgpu608:254038:254226 [2] NCCL INFO ncclPollProxyResponse Received new opId=0x758828003810
watgpu608:254036:254251 [0] NCCL INFO proxyProgressAsync opId=0x7fab08003810 op.type=3 op.reqBuff=0x7fab34012620 op.respSize=80 done
watgpu608:254038:254250 [2] NCCL INFO Received and initiated operation=Init res=0
watgpu608:254038:254226 [2] NCCL INFO resp.opId=0x758828003810 matches expected opId=0x758828003810
watgpu608:254036:254225 [0] NCCL INFO ncclPollProxyResponse Received new opId=0x7fab08003810
watgpu608:254038:254226 [2] NCCL INFO Connected to proxy localRank 2 -> connection 0x758820001c08
watgpu608:254036:254251 [0] NCCL INFO Received and initiated operation=Setup res=0
watgpu608:254036:254225 [0] NCCL INFO resp.opId=0x7fab08003810 matches expected opId=0x7fab08003810
watgpu608:254036:254251 [0] NCCL INFO New proxy recv connection 18 from local rank 0, transport 0
watgpu608:254036:254251 [0] NCCL INFO proxyProgressAsync opId=0x7fab08003810 op.type=1 op.reqBuff=0x7fab34012620 op.respSize=16 done
watgpu608:254036:254225 [0] NCCL INFO ncclPollProxyResponse Received new opId=0x7fab08003810
watgpu608:254036:254251 [0] NCCL INFO Received and initiated operation=Init res=0
watgpu608:254039:254249 [3] NCCL INFO transport/p2p.cc:218 Cuda Alloc Size 2097152 pointer 0x7f7cbfe00000
watgpu608:254036:254225 [0] NCCL INFO resp.opId=0x7fab08003810 matches expected opId=0x7fab08003810
watgpu608:254036:254225 [0] NCCL INFO Connected to proxy localRank 0 -> connection 0x7fab34001cc0
watgpu608:254039:254249 [3] NCCL INFO Allocated shareable buffer 0x7f7cbfe00000 size 2097152 ipcDesc 0x7f7c8400ad50
watgpu608:254039:254249 [3] NCCL INFO proxyProgressAsync opId=0x7f7c8c003810 op.type=3 op.reqBuff=0x7f7c84012620 op.respSize=80 done
watgpu608:254039:254227 [3] NCCL INFO ncclPollProxyResponse Received new opId=0x7f7c8c003810
watgpu608:254039:254249 [3] NCCL INFO Received and initiated operation=Setup res=0
watgpu608:254037:254252 [1] NCCL INFO transport/p2p.cc:218 Cuda Alloc Size 10485760 pointer 0x70d3f4600000
watgpu608:254039:254227 [3] NCCL INFO resp.opId=0x7f7c8c003810 matches expected opId=0x7f7c8c003810
watgpu608:254039:254227 [3] NCCL INFO Channel 02/0 : 3[3] -> 2[2] via P2P/IPC
watgpu608:254039:254249 [3] NCCL INFO New proxy send connection 18 from local rank 3, transport 0
watgpu608:254039:254249 [3] NCCL INFO proxyProgressAsync opId=0x7f7c8c003810 op.type=1 op.reqBuff=0x7f7c84012620 op.respSize=16 done
watgpu608:254039:254227 [3] NCCL INFO ncclPollProxyResponse Received new opId=0x7f7c8c003810
watgpu608:254037:254252 [1] NCCL INFO Allocated shareable buffer 0x70d3f4600000 size 10485760 ipcDesc 0x70d3b800ad50
watgpu608:254039:254249 [3] NCCL INFO Received and initiated operation=Init res=0
watgpu608:254037:254252 [1] NCCL INFO proxyProgressAsync opId=0x70d3c0003810 op.type=3 op.reqBuff=0x70d3b8012620 op.respSize=80 done
watgpu608:254039:254227 [3] NCCL INFO resp.opId=0x7f7c8c003810 matches expected opId=0x7f7c8c003810
watgpu608:254039:254227 [3] NCCL INFO Connected to proxy localRank 3 -> connection 0x7f7c84001b90
watgpu608:254037:254248 [1] NCCL INFO ncclPollProxyResponse Received new opId=0x70d3c0003810
watgpu608:254037:254252 [1] NCCL INFO Received and initiated operation=Setup res=0
watgpu608:254037:254248 [1] NCCL INFO resp.opId=0x70d3c0003810 matches expected opId=0x70d3c0003810
watgpu608:254038:254250 [2] NCCL INFO transport/p2p.cc:218 Cuda Alloc Size 10485760 pointer 0x75885da00000
watgpu608:254037:254252 [1] NCCL INFO New proxy recv connection 18 from local rank 1, transport 0
watgpu608:254037:254252 [1] NCCL INFO proxyProgressAsync opId=0x70d3c0003810 op.type=1 op.reqBuff=0x70d3b8012620 op.respSize=16 done
watgpu608:254037:254248 [1] NCCL INFO ncclPollProxyResponse Received new opId=0x70d3c0003810
watgpu608:254036:254251 [0] NCCL INFO transport/p2p.cc:218 Cuda Alloc Size 10485760 pointer 0x7fab45000000
watgpu608:254038:254250 [2] NCCL INFO Allocated shareable buffer 0x75885da00000 size 10485760 ipcDesc 0x75882000ad50
watgpu608:254037:254252 [1] NCCL INFO Received and initiated operation=Init res=0
watgpu608:254038:254250 [2] NCCL INFO proxyProgressAsync opId=0x758828003810 op.type=3 op.reqBuff=0x758820013ec0 op.respSize=80 done
watgpu608:254037:254248 [1] NCCL INFO resp.opId=0x70d3c0003810 matches expected opId=0x70d3c0003810
watgpu608:254037:254248 [1] NCCL INFO Connected to proxy localRank 1 -> connection 0x70d3b8001b90
watgpu608:254038:254226 [2] NCCL INFO ncclPollProxyResponse Received new opId=0x758828003810
watgpu608:254038:254250 [2] NCCL INFO Received and initiated operation=Setup res=0
watgpu608:254038:254226 [2] NCCL INFO resp.opId=0x758828003810 matches expected opId=0x758828003810
watgpu608:254036:254251 [0] NCCL INFO Allocated shareable buffer 0x7fab45000000 size 10485760 ipcDesc 0x7fab3400a060
watgpu608:254036:254251 [0] NCCL INFO proxyProgressAsync opId=0x7fab08003810 op.type=3 op.reqBuff=0x7fab34013270 op.respSize=80 done
watgpu608:254036:254225 [0] NCCL INFO ncclPollProxyResponse Received new opId=0x7fab08003810
watgpu608:254038:254250 [2] NCCL INFO New proxy recv connection 20 from local rank 2, transport 0
watgpu608:254038:254250 [2] NCCL INFO proxyProgressAsync opId=0x758828003810 op.type=1 op.reqBuff=0x758820013ec0 op.respSize=16 done
watgpu608:254036:254251 [0] NCCL INFO Received and initiated operation=Setup res=0
watgpu608:254038:254226 [2] NCCL INFO ncclPollProxyResponse Received new opId=0x758828003810
watgpu608:254038:254250 [2] NCCL INFO Received and initiated operation=Init res=0
watgpu608:254038:254226 [2] NCCL INFO resp.opId=0x758828003810 matches expected opId=0x758828003810
watgpu608:254036:254225 [0] NCCL INFO resp.opId=0x7fab08003810 matches expected opId=0x7fab08003810
watgpu608:254038:254226 [2] NCCL INFO Connected to proxy localRank 2 -> connection 0x758820001c80
watgpu608:254036:254251 [0] NCCL INFO New proxy recv connection 19 from local rank 0, transport 0
watgpu608:254036:254251 [0] NCCL INFO proxyProgressAsync opId=0x7fab08003810 op.type=1 op.reqBuff=0x7fab34013270 op.respSize=16 done
watgpu608:254036:254225 [0] NCCL INFO ncclPollProxyResponse Received new opId=0x7fab08003810
watgpu608:254036:254251 [0] NCCL INFO Received and initiated operation=Init res=0
watgpu608:254036:254225 [0] NCCL INFO resp.opId=0x7fab08003810 matches expected opId=0x7fab08003810
watgpu608:254036:254225 [0] NCCL INFO Connected to proxy localRank 0 -> connection 0x7fab34001d38
watgpu608:254039:254249 [3] NCCL INFO transport/p2p.cc:218 Cuda Alloc Size 2097152 pointer 0x7f7cc0000000
watgpu608:254039:254249 [3] NCCL INFO Allocated shareable buffer 0x7f7cc0000000 size 2097152 ipcDesc 0x7f7c8400ad50
watgpu608:254039:254249 [3] NCCL INFO proxyProgressAsync opId=0x7f7c8c003810 op.type=3 op.reqBuff=0x7f7c84013270 op.respSize=80 done
watgpu608:254039:254227 [3] NCCL INFO ncclPollProxyResponse Received new opId=0x7f7c8c003810
watgpu608:254039:254249 [3] NCCL INFO Received and initiated operation=Setup res=0
watgpu608:254039:254227 [3] NCCL INFO resp.opId=0x7f7c8c003810 matches expected opId=0x7f7c8c003810
watgpu608:254039:254227 [3] NCCL INFO Channel 03/0 : 3[3] -> 2[2] via P2P/IPC
watgpu608:254039:254249 [3] NCCL INFO New proxy send connection 19 from local rank 3, transport 0
watgpu608:254039:254249 [3] NCCL INFO proxyProgressAsync opId=0x7f7c8c003810 op.type=1 op.reqBuff=0x7f7c84013270 op.respSize=16 done
watgpu608:254039:254227 [3] NCCL INFO ncclPollProxyResponse Received new opId=0x7f7c8c003810
watgpu608:254039:254249 [3] NCCL INFO Received and initiated operation=Init res=0
watgpu608:254039:254227 [3] NCCL INFO resp.opId=0x7f7c8c003810 matches expected opId=0x7f7c8c003810
watgpu608:254039:254227 [3] NCCL INFO Connected to proxy localRank 3 -> connection 0x7f7c84001c08
watgpu608:254038:254250 [2] NCCL INFO transport/p2p.cc:218 Cuda Alloc Size 10485760 pointer 0x75885e400000
watgpu608:254036:254251 [0] NCCL INFO transport/p2p.cc:218 Cuda Alloc Size 10485760 pointer 0x7fab45a00000
watgpu608:254036:254251 [0] NCCL INFO Allocated shareable buffer 0x7fab45a00000 size 10485760 ipcDesc 0x7fab3400a060
watgpu608:254038:254250 [2] NCCL INFO Allocated shareable buffer 0x75885e400000 size 10485760 ipcDesc 0x75882000ad50
watgpu608:254036:254251 [0] NCCL INFO proxyProgressAsync opId=0x7fab08003810 op.type=3 op.reqBuff=0x7fab34013ec0 op.respSize=80 done
watgpu608:254038:254250 [2] NCCL INFO proxyProgressAsync opId=0x758828003810 op.type=3 op.reqBuff=0x758820014b10 op.respSize=80 done
watgpu608:254037:254252 [1] NCCL INFO transport/p2p.cc:218 Cuda Alloc Size 10485760 pointer 0x70d3f5000000
watgpu608:254038:254226 [2] NCCL INFO ncclPollProxyResponse Received new opId=0x758828003810
watgpu608:254036:254225 [0] NCCL INFO ncclPollProxyResponse Received new opId=0x7fab08003810
watgpu608:254036:254251 [0] NCCL INFO Received and initiated operation=Setup res=0
watgpu608:254038:254250 [2] NCCL INFO Received and initiated operation=Setup res=0
watgpu608:254038:254226 [2] NCCL INFO resp.opId=0x758828003810 matches expected opId=0x758828003810
watgpu608:254036:254225 [0] NCCL INFO resp.opId=0x7fab08003810 matches expected opId=0x7fab08003810
watgpu608:254037:254252 [1] NCCL INFO Allocated shareable buffer 0x70d3f5000000 size 10485760 ipcDesc 0x70d3b800ad50
watgpu608:254037:254252 [1] NCCL INFO proxyProgressAsync opId=0x70d3c0003810 op.type=3 op.reqBuff=0x70d3b8013270 op.respSize=80 done
watgpu608:254038:254250 [2] NCCL INFO New proxy recv connection 21 from local rank 2, transport 0
watgpu608:254038:254250 [2] NCCL INFO proxyProgressAsync opId=0x758828003810 op.type=1 op.reqBuff=0x758820014b10 op.respSize=16 done
watgpu608:254037:254248 [1] NCCL INFO ncclPollProxyResponse Received new opId=0x70d3c0003810
watgpu608:254036:254251 [0] NCCL INFO New proxy recv connection 20 from local rank 0, transport 0
watgpu608:254038:254226 [2] NCCL INFO ncclPollProxyResponse Received new opId=0x758828003810
watgpu608:254036:254251 [0] NCCL INFO proxyProgressAsync opId=0x7fab08003810 op.type=1 op.reqBuff=0x7fab34013ec0 op.respSize=16 done
watgpu608:254037:254252 [1] NCCL INFO Received and initiated operation=Setup res=0
watgpu608:254038:254250 [2] NCCL INFO Received and initiated operation=Init res=0
watgpu608:254036:254225 [0] NCCL INFO ncclPollProxyResponse Received new opId=0x7fab08003810
watgpu608:254038:254226 [2] NCCL INFO resp.opId=0x758828003810 matches expected opId=0x758828003810
watgpu608:254036:254251 [0] NCCL INFO Received and initiated operation=Init res=0
watgpu608:254037:254248 [1] NCCL INFO resp.opId=0x70d3c0003810 matches expected opId=0x70d3c0003810
watgpu608:254038:254226 [2] NCCL INFO Connected to proxy localRank 2 -> connection 0x758820001cf8
watgpu608:254036:254225 [0] NCCL INFO resp.opId=0x7fab08003810 matches expected opId=0x7fab08003810
watgpu608:254036:254225 [0] NCCL INFO Connected to proxy localRank 0 -> connection 0x7fab34001db0
watgpu608:254039:254249 [3] NCCL INFO transport/p2p.cc:218 Cuda Alloc Size 2097152 pointer 0x7f7cc0200000
watgpu608:254037:254252 [1] NCCL INFO New proxy recv connection 19 from local rank 1, transport 0
watgpu608:254037:254252 [1] NCCL INFO proxyProgressAsync opId=0x70d3c0003810 op.type=1 op.reqBuff=0x70d3b8013270 op.respSize=16 done
watgpu608:254039:254249 [3] NCCL INFO Allocated shareable buffer 0x7f7cc0200000 size 2097152 ipcDesc 0x7f7c8400ad50
watgpu608:254039:254249 [3] NCCL INFO proxyProgressAsync opId=0x7f7c8c003810 op.type=3 op.reqBuff=0x7f7c84013ec0 op.respSize=80 done
watgpu608:254037:254248 [1] NCCL INFO ncclPollProxyResponse Received new opId=0x70d3c0003810
watgpu608:254039:254227 [3] NCCL INFO ncclPollProxyResponse Received new opId=0x7f7c8c003810
watgpu608:254037:254252 [1] NCCL INFO Received and initiated operation=Init res=0
watgpu608:254039:254249 [3] NCCL INFO Received and initiated operation=Setup res=0
watgpu608:254039:254227 [3] NCCL INFO resp.opId=0x7f7c8c003810 matches expected opId=0x7f7c8c003810
watgpu608:254037:254248 [1] NCCL INFO resp.opId=0x70d3c0003810 matches expected opId=0x70d3c0003810
watgpu608:254039:254227 [3] NCCL INFO Channel 04/0 : 3[3] -> 2[2] via P2P/IPC
watgpu608:254037:254248 [1] NCCL INFO Connected to proxy localRank 1 -> connection 0x70d3b8001c08
watgpu608:254039:254249 [3] NCCL INFO New proxy send connection 20 from local rank 3, transport 0
watgpu608:254039:254249 [3] NCCL INFO proxyProgressAsync opId=0x7f7c8c003810 op.type=1 op.reqBuff=0x7f7c84013ec0 op.respSize=16 done
watgpu608:254039:254227 [3] NCCL INFO ncclPollProxyResponse Received new opId=0x7f7c8c003810
watgpu608:254039:254249 [3] NCCL INFO Received and initiated operation=Init res=0
watgpu608:254039:254227 [3] NCCL INFO resp.opId=0x7f7c8c003810 matches expected opId=0x7f7c8c003810
watgpu608:254039:254227 [3] NCCL INFO Connected to proxy localRank 3 -> connection 0x7f7c84001c80
watgpu608:254038:254250 [2] NCCL INFO transport/p2p.cc:218 Cuda Alloc Size 10485760 pointer 0x75885ee00000
watgpu608:254036:254251 [0] NCCL INFO transport/p2p.cc:218 Cuda Alloc Size 10485760 pointer 0x7fab46400000
watgpu608:254038:254250 [2] NCCL INFO Allocated shareable buffer 0x75885ee00000 size 10485760 ipcDesc 0x75882000ad50
watgpu608:254038:254250 [2] NCCL INFO proxyProgressAsync opId=0x758828003810 op.type=3 op.reqBuff=0x758820015760 op.respSize=80 done
watgpu608:254036:254251 [0] NCCL INFO Allocated shareable buffer 0x7fab46400000 size 10485760 ipcDesc 0x7fab3400a060
watgpu608:254036:254251 [0] NCCL INFO proxyProgressAsync opId=0x7fab08003810 op.type=3 op.reqBuff=0x7fab34014b10 op.respSize=80 done
watgpu608:254038:254226 [2] NCCL INFO ncclPollProxyResponse Received new opId=0x758828003810
watgpu608:254038:254250 [2] NCCL INFO Received and initiated operation=Setup res=0
watgpu608:254038:254226 [2] NCCL INFO resp.opId=0x758828003810 matches expected opId=0x758828003810
watgpu608:254036:254225 [0] NCCL INFO ncclPollProxyResponse Received new opId=0x7fab08003810
watgpu608:254036:254251 [0] NCCL INFO Received and initiated operation=Setup res=0
watgpu608:254036:254225 [0] NCCL INFO resp.opId=0x7fab08003810 matches expected opId=0x7fab08003810
watgpu608:254038:254250 [2] NCCL INFO New proxy recv connection 22 from local rank 2, transport 0
watgpu608:254038:254250 [2] NCCL INFO proxyProgressAsync opId=0x758828003810 op.type=1 op.reqBuff=0x758820015760 op.respSize=16 done
watgpu608:254038:254226 [2] NCCL INFO ncclPollProxyResponse Received new opId=0x758828003810
watgpu608:254038:254250 [2] NCCL INFO Received and initiated operation=Init res=0
watgpu608:254038:254226 [2] NCCL INFO resp.opId=0x758828003810 matches expected opId=0x758828003810
watgpu608:254038:254226 [2] NCCL INFO Connected to proxy localRank 2 -> connection 0x758820001d70
watgpu608:254036:254251 [0] NCCL INFO New proxy recv connection 21 from local rank 0, transport 0
watgpu608:254036:254251 [0] NCCL INFO proxyProgressAsync opId=0x7fab08003810 op.type=1 op.reqBuff=0x7fab34014b10 op.respSize=16 done
watgpu608:254036:254225 [0] NCCL INFO ncclPollProxyResponse Received new opId=0x7fab08003810
watgpu608:254036:254251 [0] NCCL INFO Received and initiated operation=Init res=0
watgpu608:254036:254225 [0] NCCL INFO resp.opId=0x7fab08003810 matches expected opId=0x7fab08003810
watgpu608:254036:254225 [0] NCCL INFO Connected to proxy localRank 0 -> connection 0x7fab34001e28
watgpu608:254039:254249 [3] NCCL INFO transport/p2p.cc:218 Cuda Alloc Size 2097152 pointer 0x7f7cc0400000
watgpu608:254039:254249 [3] NCCL INFO Allocated shareable buffer 0x7f7cc0400000 size 2097152 ipcDesc 0x7f7c8400ad50
watgpu608:254039:254249 [3] NCCL INFO proxyProgressAsync opId=0x7f7c8c003810 op.type=3 op.reqBuff=0x7f7c84014b10 op.respSize=80 done
watgpu608:254039:254227 [3] NCCL INFO ncclPollProxyResponse Received new opId=0x7f7c8c003810
watgpu608:254039:254249 [3] NCCL INFO Received and initiated operation=Setup res=0
watgpu608:254037:254252 [1] NCCL INFO transport/p2p.cc:218 Cuda Alloc Size 10485760 pointer 0x70d3f5a00000
watgpu608:254039:254227 [3] NCCL INFO resp.opId=0x7f7c8c003810 matches expected opId=0x7f7c8c003810
watgpu608:254039:254227 [3] NCCL INFO Channel 05/0 : 3[3] -> 2[2] via P2P/IPC
watgpu608:254039:254249 [3] NCCL INFO New proxy send connection 21 from local rank 3, transport 0
watgpu608:254039:254249 [3] NCCL INFO proxyProgressAsync opId=0x7f7c8c003810 op.type=1 op.reqBuff=0x7f7c84014b10 op.respSize=16 done
watgpu608:254037:254252 [1] NCCL INFO Allocated shareable buffer 0x70d3f5a00000 size 10485760 ipcDesc 0x70d3b800ad50
