watgpu608:254039:254227 [3] NCCL INFO ncclPollProxyResponse Received new opId=0x7f7c8c003810
watgpu608:254038:254226 [2] NCCL INFO resp.opId=0x758828003810 matches expected opId=0x758828003810
watgpu608:254036:254251 [0] NCCL INFO Received and initiated operation=Setup res=0
watgpu608:254037:254252 [1] NCCL INFO transport/p2p.cc:218 Cuda Alloc Size 10485760 pointer 0x70d3e0600000
watgpu608:254039:254249 [3] NCCL INFO Received and initiated operation=Setup res=0
watgpu608:254036:254225 [0] NCCL INFO resp.opId=0x7fab08003810 matches expected opId=0x7fab08003810
watgpu608:254039:254227 [3] NCCL INFO resp.opId=0x7f7c8c003810 matches expected opId=0x7f7c8c003810
watgpu608:254037:254252 [1] NCCL INFO Allocated shareable buffer 0x70d3e0600000 size 10485760 ipcDesc 0x70d3b8005bd0
watgpu608:254038:254250 [2] NCCL INFO New proxy recv connection 4 from local rank 2, transport 0
watgpu608:254037:254252 [1] NCCL INFO proxyProgressAsync opId=0x70d3c0003810 op.type=3 op.reqBuff=0x70d3b8005ba0 op.respSize=80 done
watgpu608:254038:254250 [2] NCCL INFO proxyProgressAsync opId=0x758828003810 op.type=1 op.reqBuff=0x758820007740 op.respSize=16 done
watgpu608:254038:254226 [2] NCCL INFO ncclPollProxyResponse Received new opId=0x758828003810
watgpu608:254038:254250 [2] NCCL INFO Received and initiated operation=Init res=0
watgpu608:254038:254226 [2] NCCL INFO resp.opId=0x758828003810 matches expected opId=0x758828003810
watgpu608:254038:254226 [2] NCCL INFO Connected to proxy localRank 2 -> connection 0x758820001500
watgpu608:254036:254251 [0] NCCL INFO New proxy recv connection 3 from local rank 0, transport 0
watgpu608:254039:254249 [3] NCCL INFO New proxy recv connection 4 from local rank 3, transport 0
watgpu608:254037:254248 [1] NCCL INFO ncclPollProxyResponse Received new opId=0x70d3c0003810
watgpu608:254036:254251 [0] NCCL INFO proxyProgressAsync opId=0x7fab08003810 op.type=1 op.reqBuff=0x7fab34006a30 op.respSize=16 done
watgpu608:254039:254249 [3] NCCL INFO proxyProgressAsync opId=0x7f7c8c003810 op.type=1 op.reqBuff=0x7f7c84007740 op.respSize=16 done
watgpu608:254037:254252 [1] NCCL INFO Received and initiated operation=Setup res=0
watgpu608:254036:254225 [0] NCCL INFO ncclPollProxyResponse Received new opId=0x7fab08003810
watgpu608:254039:254227 [3] NCCL INFO ncclPollProxyResponse Received new opId=0x7f7c8c003810
watgpu608:254036:254251 [0] NCCL INFO Received and initiated operation=Init res=0
watgpu608:254036:254225 [0] NCCL INFO resp.opId=0x7fab08003810 matches expected opId=0x7fab08003810
watgpu608:254039:254249 [3] NCCL INFO Received and initiated operation=Init res=0
watgpu608:254036:254225 [0] NCCL INFO Connected to proxy localRank 0 -> connection 0x7fab340015b8
watgpu608:254037:254248 [1] NCCL INFO resp.opId=0x70d3c0003810 matches expected opId=0x70d3c0003810
watgpu608:254039:254227 [3] NCCL INFO resp.opId=0x7f7c8c003810 matches expected opId=0x7f7c8c003810
watgpu608:254039:254227 [3] NCCL INFO Connected to proxy localRank 3 -> connection 0x7f7c84001500
watgpu608:254037:254252 [1] NCCL INFO New proxy recv connection 2 from local rank 1, transport 0
watgpu608:254037:254252 [1] NCCL INFO proxyProgressAsync opId=0x70d3c0003810 op.type=1 op.reqBuff=0x70d3b8006a00 op.respSize=16 done
watgpu608:254037:254248 [1] NCCL INFO ncclPollProxyResponse Received new opId=0x70d3c0003810
watgpu608:254037:254248 [1] NCCL INFO resp.opId=0x70d3c0003810 matches expected opId=0x70d3c0003810
watgpu608:254037:254252 [1] NCCL INFO Received and initiated operation=Init res=0
watgpu608:254037:254248 [1] NCCL INFO Connected to proxy localRank 1 -> connection 0x70d3b8001410
watgpu608:254038:254250 [2] NCCL INFO transport/p2p.cc:218 Cuda Alloc Size 10485760 pointer 0x758852a00000
watgpu608:254038:254250 [2] NCCL INFO Allocated shareable buffer 0x758852a00000 size 10485760 ipcDesc 0x758820008650
watgpu608:254038:254250 [2] NCCL INFO proxyProgressAsync opId=0x758828003810 op.type=3 op.reqBuff=0x758820008620 op.respSize=80 done
watgpu608:254038:254226 [2] NCCL INFO ncclPollProxyResponse Received new opId=0x758828003810
watgpu608:254038:254250 [2] NCCL INFO Received and initiated operation=Setup res=0
watgpu608:254038:254226 [2] NCCL INFO resp.opId=0x758828003810 matches expected opId=0x758828003810
watgpu608:254038:254250 [2] NCCL INFO New proxy recv connection 5 from local rank 2, transport 0
watgpu608:254038:254250 [2] NCCL INFO proxyProgressAsync opId=0x758828003810 op.type=1 op.reqBuff=0x758820008620 op.respSize=16 done
watgpu608:254038:254226 [2] NCCL INFO ncclPollProxyResponse Received new opId=0x758828003810
watgpu608:254038:254250 [2] NCCL INFO Received and initiated operation=Init res=0
watgpu608:254038:254226 [2] NCCL INFO resp.opId=0x758828003810 matches expected opId=0x758828003810
watgpu608:254038:254226 [2] NCCL INFO Connected to proxy localRank 2 -> connection 0x758820001578
watgpu608:254036:254251 [0] NCCL INFO transport/p2p.cc:218 Cuda Alloc Size 10485760 pointer 0x7fab3a000000
watgpu608:254036:254251 [0] NCCL INFO Allocated shareable buffer 0x7fab3a000000 size 10485760 ipcDesc 0x7fab34007780
watgpu608:254036:254251 [0] NCCL INFO proxyProgressAsync opId=0x7fab08003810 op.type=3 op.reqBuff=0x7fab34007750 op.respSize=80 done
watgpu608:254036:254225 [0] NCCL INFO ncclPollProxyResponse Received new opId=0x7fab08003810
watgpu608:254036:254251 [0] NCCL INFO Received and initiated operation=Setup res=0
watgpu608:254036:254225 [0] NCCL INFO resp.opId=0x7fab08003810 matches expected opId=0x7fab08003810
watgpu608:254036:254251 [0] NCCL INFO New proxy recv connection 4 from local rank 0, transport 0
watgpu608:254036:254251 [0] NCCL INFO proxyProgressAsync opId=0x7fab08003810 op.type=1 op.reqBuff=0x7fab34007750 op.respSize=16 done
watgpu608:254036:254225 [0] NCCL INFO ncclPollProxyResponse Received new opId=0x7fab08003810
watgpu608:254039:254249 [3] NCCL INFO transport/p2p.cc:218 Cuda Alloc Size 10485760 pointer 0x7f7cb6a00000
watgpu608:254036:254251 [0] NCCL INFO Received and initiated operation=Init res=0
watgpu608:254036:254225 [0] NCCL INFO resp.opId=0x7fab08003810 matches expected opId=0x7fab08003810
watgpu608:254036:254225 [0] NCCL INFO Connected to proxy localRank 0 -> connection 0x7fab34001630
watgpu608:254039:254249 [3] NCCL INFO Allocated shareable buffer 0x7f7cb6a00000 size 10485760 ipcDesc 0x7f7c84008650
watgpu608:254039:254249 [3] NCCL INFO proxyProgressAsync opId=0x7f7c8c003810 op.type=3 op.reqBuff=0x7f7c84008620 op.respSize=80 done
watgpu608:254039:254227 [3] NCCL INFO ncclPollProxyResponse Received new opId=0x7f7c8c003810
watgpu608:254039:254249 [3] NCCL INFO Received and initiated operation=Setup res=0
watgpu608:254039:254227 [3] NCCL INFO resp.opId=0x7f7c8c003810 matches expected opId=0x7f7c8c003810
watgpu608:254039:254249 [3] NCCL INFO New proxy recv connection 5 from local rank 3, transport 0
watgpu608:254039:254249 [3] NCCL INFO proxyProgressAsync opId=0x7f7c8c003810 op.type=1 op.reqBuff=0x7f7c84008620 op.respSize=16 done
watgpu608:254038:254250 [2] NCCL INFO transport/p2p.cc:218 Cuda Alloc Size 10485760 pointer 0x758853400000
watgpu608:254039:254227 [3] NCCL INFO ncclPollProxyResponse Received new opId=0x7f7c8c003810
watgpu608:254039:254249 [3] NCCL INFO Received and initiated operation=Init res=0
watgpu608:254039:254227 [3] NCCL INFO resp.opId=0x7f7c8c003810 matches expected opId=0x7f7c8c003810
watgpu608:254039:254227 [3] NCCL INFO Connected to proxy localRank 3 -> connection 0x7f7c84001578
watgpu608:254038:254250 [2] NCCL INFO Allocated shareable buffer 0x758853400000 size 10485760 ipcDesc 0x758820009350
watgpu608:254038:254250 [2] NCCL INFO proxyProgressAsync opId=0x758828003810 op.type=3 op.reqBuff=0x758820009320 op.respSize=80 done
watgpu608:254038:254226 [2] NCCL INFO ncclPollProxyResponse Received new opId=0x758828003810
watgpu608:254037:254252 [1] NCCL INFO transport/p2p.cc:218 Cuda Alloc Size 10485760 pointer 0x70d3e1000000
watgpu608:254038:254250 [2] NCCL INFO Received and initiated operation=Setup res=0
watgpu608:254038:254226 [2] NCCL INFO resp.opId=0x758828003810 matches expected opId=0x758828003810
watgpu608:254037:254252 [1] NCCL INFO Allocated shareable buffer 0x70d3e1000000 size 10485760 ipcDesc 0x70d3b8006a50
watgpu608:254037:254252 [1] NCCL INFO proxyProgressAsync opId=0x70d3c0003810 op.type=3 op.reqBuff=0x70d3b8006a20 op.respSize=80 done
watgpu608:254038:254250 [2] NCCL INFO New proxy recv connection 6 from local rank 2, transport 0
watgpu608:254038:254250 [2] NCCL INFO proxyProgressAsync opId=0x758828003810 op.type=1 op.reqBuff=0x758820009320 op.respSize=16 done
watgpu608:254038:254226 [2] NCCL INFO ncclPollProxyResponse Received new opId=0x758828003810
watgpu608:254038:254250 [2] NCCL INFO Received and initiated operation=Init res=0
watgpu608:254038:254226 [2] NCCL INFO resp.opId=0x758828003810 matches expected opId=0x758828003810
watgpu608:254037:254248 [1] NCCL INFO ncclPollProxyResponse Received new opId=0x70d3c0003810
watgpu608:254038:254226 [2] NCCL INFO Connected to proxy localRank 2 -> connection 0x7588200015f0
watgpu608:254037:254252 [1] NCCL INFO Received and initiated operation=Setup res=0
watgpu608:254037:254248 [1] NCCL INFO resp.opId=0x70d3c0003810 matches expected opId=0x70d3c0003810
watgpu608:254037:254252 [1] NCCL INFO New proxy recv connection 3 from local rank 1, transport 0
watgpu608:254037:254252 [1] NCCL INFO proxyProgressAsync opId=0x70d3c0003810 op.type=1 op.reqBuff=0x70d3b8006a20 op.respSize=16 done
watgpu608:254037:254248 [1] NCCL INFO ncclPollProxyResponse Received new opId=0x70d3c0003810
watgpu608:254037:254252 [1] NCCL INFO Received and initiated operation=Init res=0
watgpu608:254037:254248 [1] NCCL INFO resp.opId=0x70d3c0003810 matches expected opId=0x70d3c0003810
watgpu608:254037:254248 [1] NCCL INFO Connected to proxy localRank 1 -> connection 0x70d3b8001488
watgpu608:254036:254251 [0] NCCL INFO transport/p2p.cc:218 Cuda Alloc Size 10485760 pointer 0x7fab3aa00000
watgpu608:254039:254249 [3] NCCL INFO transport/p2p.cc:218 Cuda Alloc Size 10485760 pointer 0x7f7cb7400000
watgpu608:254039:254249 [3] NCCL INFO Allocated shareable buffer 0x7f7cb7400000 size 10485760 ipcDesc 0x7f7c84009350
watgpu608:254039:254249 [3] NCCL INFO proxyProgressAsync opId=0x7f7c8c003810 op.type=3 op.reqBuff=0x7f7c84009320 op.respSize=80 done
watgpu608:254039:254227 [3] NCCL INFO ncclPollProxyResponse Received new opId=0x7f7c8c003810
watgpu608:254039:254249 [3] NCCL INFO Received and initiated operation=Setup res=0
watgpu608:254039:254227 [3] NCCL INFO resp.opId=0x7f7c8c003810 matches expected opId=0x7f7c8c003810
watgpu608:254036:254251 [0] NCCL INFO Allocated shareable buffer 0x7fab3aa00000 size 10485760 ipcDesc 0x7fab34008660
watgpu608:254036:254251 [0] NCCL INFO proxyProgressAsync opId=0x7fab08003810 op.type=3 op.reqBuff=0x7fab34008630 op.respSize=80 done
watgpu608:254036:254225 [0] NCCL INFO ncclPollProxyResponse Received new opId=0x7fab08003810
watgpu608:254036:254251 [0] NCCL INFO Received and initiated operation=Setup res=0
watgpu608:254039:254249 [3] NCCL INFO New proxy recv connection 6 from local rank 3, transport 0
watgpu608:254039:254249 [3] NCCL INFO proxyProgressAsync opId=0x7f7c8c003810 op.type=1 op.reqBuff=0x7f7c84009320 op.respSize=16 done
watgpu608:254036:254225 [0] NCCL INFO resp.opId=0x7fab08003810 matches expected opId=0x7fab08003810
watgpu608:254039:254227 [3] NCCL INFO ncclPollProxyResponse Received new opId=0x7f7c8c003810
watgpu608:254038:254250 [2] NCCL INFO transport/p2p.cc:218 Cuda Alloc Size 10485760 pointer 0x758853e00000
watgpu608:254039:254249 [3] NCCL INFO Received and initiated operation=Init res=0
watgpu608:254038:254250 [2] NCCL INFO Allocated shareable buffer 0x758853e00000 size 10485760 ipcDesc 0x75882000a050
watgpu608:254039:254227 [3] NCCL INFO resp.opId=0x7f7c8c003810 matches expected opId=0x7f7c8c003810
watgpu608:254038:254250 [2] NCCL INFO proxyProgressAsync opId=0x758828003810 op.type=3 op.reqBuff=0x75882000a020 op.respSize=80 done
watgpu608:254039:254227 [3] NCCL INFO Connected to proxy localRank 3 -> connection 0x7f7c840015f0
watgpu608:254036:254251 [0] NCCL INFO New proxy recv connection 5 from local rank 0, transport 0
watgpu608:254036:254251 [0] NCCL INFO proxyProgressAsync opId=0x7fab08003810 op.type=1 op.reqBuff=0x7fab34008630 op.respSize=16 done
watgpu608:254038:254226 [2] NCCL INFO ncclPollProxyResponse Received new opId=0x758828003810
watgpu608:254038:254250 [2] NCCL INFO Received and initiated operation=Setup res=0
watgpu608:254038:254226 [2] NCCL INFO resp.opId=0x758828003810 matches expected opId=0x758828003810
watgpu608:254036:254225 [0] NCCL INFO ncclPollProxyResponse Received new opId=0x7fab08003810
watgpu608:254036:254251 [0] NCCL INFO Received and initiated operation=Init res=0
watgpu608:254036:254225 [0] NCCL INFO resp.opId=0x7fab08003810 matches expected opId=0x7fab08003810
watgpu608:254036:254225 [0] NCCL INFO Connected to proxy localRank 0 -> connection 0x7fab340016a8
watgpu608:254038:254250 [2] NCCL INFO New proxy recv connection 7 from local rank 2, transport 0
watgpu608:254038:254250 [2] NCCL INFO proxyProgressAsync opId=0x758828003810 op.type=1 op.reqBuff=0x75882000a020 op.respSize=16 done
watgpu608:254038:254226 [2] NCCL INFO ncclPollProxyResponse Received new opId=0x758828003810
watgpu608:254038:254250 [2] NCCL INFO Received and initiated operation=Init res=0
watgpu608:254038:254226 [2] NCCL INFO resp.opId=0x758828003810 matches expected opId=0x758828003810
watgpu608:254038:254226 [2] NCCL INFO Connected to proxy localRank 2 -> connection 0x758820001668
watgpu608:254037:254252 [1] NCCL INFO transport/p2p.cc:218 Cuda Alloc Size 10485760 pointer 0x70d3ea000000
watgpu608:254037:254252 [1] NCCL INFO Allocated shareable buffer 0x70d3ea000000 size 10485760 ipcDesc 0x70d3b8007770
watgpu608:254037:254252 [1] NCCL INFO proxyProgressAsync opId=0x70d3c0003810 op.type=3 op.reqBuff=0x70d3b8007740 op.respSize=80 done
watgpu608:254037:254248 [1] NCCL INFO ncclPollProxyResponse Received new opId=0x70d3c0003810
watgpu608:254037:254252 [1] NCCL INFO Received and initiated operation=Setup res=0
watgpu608:254037:254248 [1] NCCL INFO resp.opId=0x70d3c0003810 matches expected opId=0x70d3c0003810
watgpu608:254037:254252 [1] NCCL INFO New proxy recv connection 4 from local rank 1, transport 0
watgpu608:254037:254252 [1] NCCL INFO proxyProgressAsync opId=0x70d3c0003810 op.type=1 op.reqBuff=0x70d3b8007740 op.respSize=16 done
watgpu608:254037:254248 [1] NCCL INFO ncclPollProxyResponse Received new opId=0x70d3c0003810
watgpu608:254037:254252 [1] NCCL INFO Received and initiated operation=Init res=0
watgpu608:254037:254248 [1] NCCL INFO resp.opId=0x70d3c0003810 matches expected opId=0x70d3c0003810
watgpu608:254037:254248 [1] NCCL INFO Connected to proxy localRank 1 -> connection 0x70d3b8001500
watgpu608:254038:254250 [2] NCCL INFO transport/p2p.cc:218 Cuda Alloc Size 10485760 pointer 0x758854800000
watgpu608:254036:254251 [0] NCCL INFO transport/p2p.cc:218 Cuda Alloc Size 10485760 pointer 0x7fab3b400000
watgpu608:254039:254249 [3] NCCL INFO transport/p2p.cc:218 Cuda Alloc Size 10485760 pointer 0x7f7cb7e00000
watgpu608:254036:254251 [0] NCCL INFO Allocated shareable buffer 0x7fab3b400000 size 10485760 ipcDesc 0x7fab34009360
watgpu608:254036:254251 [0] NCCL INFO proxyProgressAsync opId=0x7fab08003810 op.type=3 op.reqBuff=0x7fab34009330 op.respSize=80 done
watgpu608:254038:254250 [2] NCCL INFO Allocated shareable buffer 0x758854800000 size 10485760 ipcDesc 0x75882000ad50
watgpu608:254038:254250 [2] NCCL INFO proxyProgressAsync opId=0x758828003810 op.type=3 op.reqBuff=0x75882000ad20 op.respSize=80 done
watgpu608:254039:254249 [3] NCCL INFO Allocated shareable buffer 0x7f7cb7e00000 size 10485760 ipcDesc 0x7f7c8400a050
watgpu608:254036:254225 [0] NCCL INFO ncclPollProxyResponse Received new opId=0x7fab08003810
watgpu608:254038:254226 [2] NCCL INFO ncclPollProxyResponse Received new opId=0x758828003810
watgpu608:254039:254249 [3] NCCL INFO proxyProgressAsync opId=0x7f7c8c003810 op.type=3 op.reqBuff=0x7f7c8400a020 op.respSize=80 done
watgpu608:254036:254251 [0] NCCL INFO Received and initiated operation=Setup res=0
watgpu608:254038:254250 [2] NCCL INFO Received and initiated operation=Setup res=0
watgpu608:254036:254225 [0] NCCL INFO resp.opId=0x7fab08003810 matches expected opId=0x7fab08003810
watgpu608:254038:254226 [2] NCCL INFO resp.opId=0x758828003810 matches expected opId=0x758828003810
watgpu608:254039:254227 [3] NCCL INFO ncclPollProxyResponse Received new opId=0x7f7c8c003810
watgpu608:254038:254226 [2] NCCL INFO Channel 00/0 : 2[2] -> 3[3] via P2P/IPC
watgpu608:254039:254249 [3] NCCL INFO Received and initiated operation=Setup res=0
watgpu608:254039:254227 [3] NCCL INFO resp.opId=0x7f7c8c003810 matches expected opId=0x7f7c8c003810
watgpu608:254036:254251 [0] NCCL INFO New proxy recv connection 6 from local rank 0, transport 0
watgpu608:254038:254250 [2] NCCL INFO New proxy send connection 8 from local rank 2, transport 0
watgpu608:254036:254251 [0] NCCL INFO proxyProgressAsync opId=0x7fab08003810 op.type=1 op.reqBuff=0x7fab34009330 op.respSize=16 done
watgpu608:254038:254250 [2] NCCL INFO proxyProgressAsync opId=0x758828003810 op.type=1 op.reqBuff=0x75882000ad20 op.respSize=16 done
watgpu608:254038:254226 [2] NCCL INFO ncclPollProxyResponse Received new opId=0x758828003810
watgpu608:254036:254225 [0] NCCL INFO ncclPollProxyResponse Received new opId=0x7fab08003810
watgpu608:254038:254250 [2] NCCL INFO Received and initiated operation=Init res=0
watgpu608:254039:254249 [3] NCCL INFO New proxy recv connection 7 from local rank 3, transport 0
watgpu608:254036:254251 [0] NCCL INFO Received and initiated operation=Init res=0
watgpu608:254039:254249 [3] NCCL INFO proxyProgressAsync opId=0x7f7c8c003810 op.type=1 op.reqBuff=0x7f7c8400a020 op.respSize=16 done
watgpu608:254038:254226 [2] NCCL INFO resp.opId=0x758828003810 matches expected opId=0x758828003810
watgpu608:254036:254225 [0] NCCL INFO resp.opId=0x7fab08003810 matches expected opId=0x7fab08003810
watgpu608:254038:254226 [2] NCCL INFO Connected to proxy localRank 2 -> connection 0x7588200016e0
watgpu608:254036:254225 [0] NCCL INFO Connected to proxy localRank 0 -> connection 0x7fab34001720
watgpu608:254039:254227 [3] NCCL INFO ncclPollProxyResponse Received new opId=0x7f7c8c003810
watgpu608:254039:254249 [3] NCCL INFO Received and initiated operation=Init res=0
watgpu608:254039:254227 [3] NCCL INFO resp.opId=0x7f7c8c003810 matches expected opId=0x7f7c8c003810
watgpu608:254039:254227 [3] NCCL INFO Connected to proxy localRank 3 -> connection 0x7f7c84001668
watgpu608:254037:254252 [1] NCCL INFO transport/p2p.cc:218 Cuda Alloc Size 10485760 pointer 0x70d3eaa00000
watgpu608:254037:254252 [1] NCCL INFO Allocated shareable buffer 0x70d3eaa00000 size 10485760 ipcDesc 0x70d3b8008650
watgpu608:254037:254252 [1] NCCL INFO proxyProgressAsync opId=0x70d3c0003810 op.type=3 op.reqBuff=0x70d3b8008620 op.respSize=80 done
watgpu608:254037:254248 [1] NCCL INFO ncclPollProxyResponse Received new opId=0x70d3c0003810
watgpu608:254037:254252 [1] NCCL INFO Received and initiated operation=Setup res=0
watgpu608:254037:254248 [1] NCCL INFO resp.opId=0x70d3c0003810 matches expected opId=0x70d3c0003810
watgpu608:254037:254252 [1] NCCL INFO New proxy recv connection 5 from local rank 1, transport 0
watgpu608:254037:254252 [1] NCCL INFO proxyProgressAsync opId=0x70d3c0003810 op.type=1 op.reqBuff=0x70d3b8008620 op.respSize=16 done
watgpu608:254037:254248 [1] NCCL INFO ncclPollProxyResponse Received new opId=0x70d3c0003810
watgpu608:254037:254252 [1] NCCL INFO Received and initiated operation=Init res=0
watgpu608:254037:254248 [1] NCCL INFO resp.opId=0x70d3c0003810 matches expected opId=0x70d3c0003810
watgpu608:254037:254248 [1] NCCL INFO Connected to proxy localRank 1 -> connection 0x70d3b8001578
watgpu608:254039:254249 [3] NCCL INFO transport/p2p.cc:218 Cuda Alloc Size 10485760 pointer 0x7f7cb8800000
watgpu608:254038:254250 [2] NCCL INFO transport/p2p.cc:218 Cuda Alloc Size 2097152 pointer 0x758849a00000
watgpu608:254039:254249 [3] NCCL INFO Allocated shareable buffer 0x7f7cb8800000 size 10485760 ipcDesc 0x7f7c8400ad50
watgpu608:254038:254250 [2] NCCL INFO Allocated shareable buffer 0x758849a00000 size 2097152 ipcDesc 0x75882000ad50
watgpu608:254039:254249 [3] NCCL INFO proxyProgressAsync opId=0x7f7c8c003810 op.type=3 op.reqBuff=0x7f7c8400ad20 op.respSize=80 done
watgpu608:254038:254250 [2] NCCL INFO proxyProgressAsync opId=0x758828003810 op.type=3 op.reqBuff=0x75882000b9d0 op.respSize=80 done
watgpu608:254038:254226 [2] NCCL INFO ncclPollProxyResponse Received new opId=0x758828003810
watgpu608:254039:254227 [3] NCCL INFO ncclPollProxyResponse Received new opId=0x7f7c8c003810
watgpu608:254038:254250 [2] NCCL INFO Received and initiated operation=Setup res=0
watgpu608:254038:254226 [2] NCCL INFO resp.opId=0x758828003810 matches expected opId=0x758828003810
watgpu608:254039:254249 [3] NCCL INFO Received and initiated operation=Setup res=0
watgpu608:254038:254226 [2] NCCL INFO Channel 01/0 : 2[2] -> 3[3] via P2P/IPC
watgpu608:254036:254251 [0] NCCL INFO transport/p2p.cc:218 Cuda Alloc Size 10485760 pointer 0x7fab3be00000
watgpu608:254039:254227 [3] NCCL INFO resp.opId=0x7f7c8c003810 matches expected opId=0x7f7c8c003810
watgpu608:254039:254227 [3] NCCL INFO Channel 00/0 : 3[3] -> 0[0] via P2P/IPC
watgpu608:254036:254251 [0] NCCL INFO Allocated shareable buffer 0x7fab3be00000 size 10485760 ipcDesc 0x7fab3400a060
watgpu608:254038:254250 [2] NCCL INFO New proxy send connection 9 from local rank 2, transport 0
watgpu608:254036:254251 [0] NCCL INFO proxyProgressAsync opId=0x7fab08003810 op.type=3 op.reqBuff=0x7fab3400a030 op.respSize=80 done
watgpu608:254038:254250 [2] NCCL INFO proxyProgressAsync opId=0x758828003810 op.type=1 op.reqBuff=0x75882000b9d0 op.respSize=16 done
watgpu608:254038:254226 [2] NCCL INFO ncclPollProxyResponse Received new opId=0x758828003810
watgpu608:254038:254250 [2] NCCL INFO Received and initiated operation=Init res=0
watgpu608:254036:254225 [0] NCCL INFO ncclPollProxyResponse Received new opId=0x7fab08003810
watgpu608:254038:254226 [2] NCCL INFO resp.opId=0x758828003810 matches expected opId=0x758828003810
watgpu608:254038:254226 [2] NCCL INFO Connected to proxy localRank 2 -> connection 0x758820001758
watgpu608:254039:254249 [3] NCCL INFO New proxy send connection 8 from local rank 3, transport 0
watgpu608:254036:254251 [0] NCCL INFO Received and initiated operation=Setup res=0
watgpu608:254039:254249 [3] NCCL INFO proxyProgressAsync opId=0x7f7c8c003810 op.type=1 op.reqBuff=0x7f7c8400ad20 op.respSize=16 done
watgpu608:254036:254225 [0] NCCL INFO resp.opId=0x7fab08003810 matches expected opId=0x7fab08003810
watgpu608:254039:254227 [3] NCCL INFO ncclPollProxyResponse Received new opId=0x7f7c8c003810
watgpu608:254039:254249 [3] NCCL INFO Received and initiated operation=Init res=0
watgpu608:254039:254227 [3] NCCL INFO resp.opId=0x7f7c8c003810 matches expected opId=0x7f7c8c003810
watgpu608:254039:254227 [3] NCCL INFO Connected to proxy localRank 3 -> connection 0x7f7c840016e0
watgpu608:254036:254251 [0] NCCL INFO New proxy recv connection 7 from local rank 0, transport 0
watgpu608:254036:254251 [0] NCCL INFO proxyProgressAsync opId=0x7fab08003810 op.type=1 op.reqBuff=0x7fab3400a030 op.respSize=16 done
watgpu608:254036:254225 [0] NCCL INFO ncclPollProxyResponse Received new opId=0x7fab08003810
watgpu608:254036:254251 [0] NCCL INFO Received and initiated operation=Init res=0
watgpu608:254036:254225 [0] NCCL INFO resp.opId=0x7fab08003810 matches expected opId=0x7fab08003810
watgpu608:254036:254225 [0] NCCL INFO Connected to proxy localRank 0 -> connection 0x7fab34001798
watgpu608:254037:254252 [1] NCCL INFO transport/p2p.cc:218 Cuda Alloc Size 10485760 pointer 0x70d3eb400000
watgpu608:254037:254252 [1] NCCL INFO Allocated shareable buffer 0x70d3eb400000 size 10485760 ipcDesc 0x70d3b8009350
watgpu608:254037:254252 [1] NCCL INFO proxyProgressAsync opId=0x70d3c0003810 op.type=3 op.reqBuff=0x70d3b8009320 op.respSize=80 done
watgpu608:254037:254248 [1] NCCL INFO ncclPollProxyResponse Received new opId=0x70d3c0003810
watgpu608:254037:254252 [1] NCCL INFO Received and initiated operation=Setup res=0
watgpu608:254037:254248 [1] NCCL INFO resp.opId=0x70d3c0003810 matches expected opId=0x70d3c0003810
watgpu608:254039:254249 [3] NCCL INFO transport/p2p.cc:218 Cuda Alloc Size 2097152 pointer 0x7f7cada00000
watgpu608:254038:254250 [2] NCCL INFO transport/p2p.cc:218 Cuda Alloc Size 2097152 pointer 0x758849c00000
watgpu608:254037:254252 [1] NCCL INFO New proxy recv connection 6 from local rank 1, transport 0
watgpu608:254037:254252 [1] NCCL INFO proxyProgressAsync opId=0x70d3c0003810 op.type=1 op.reqBuff=0x70d3b8009320 op.respSize=16 done
watgpu608:254039:254249 [3] NCCL INFO Allocated shareable buffer 0x7f7cada00000 size 2097152 ipcDesc 0x7f7c8400ad50
watgpu608:254038:254250 [2] NCCL INFO Allocated shareable buffer 0x758849c00000 size 2097152 ipcDesc 0x75882000ad50
watgpu608:254037:254248 [1] NCCL INFO ncclPollProxyResponse Received new opId=0x70d3c0003810
watgpu608:254039:254249 [3] NCCL INFO proxyProgressAsync opId=0x7f7c8c003810 op.type=3 op.reqBuff=0x7f7c8400b9d0 op.respSize=80 done
watgpu608:254038:254250 [2] NCCL INFO proxyProgressAsync opId=0x758828003810 op.type=3 op.reqBuff=0x75882000c620 op.respSize=80 done
watgpu608:254037:254252 [1] NCCL INFO Received and initiated operation=Init res=0
watgpu608:254038:254226 [2] NCCL INFO ncclPollProxyResponse Received new opId=0x758828003810
watgpu608:254039:254227 [3] NCCL INFO ncclPollProxyResponse Received new opId=0x7f7c8c003810
watgpu608:254038:254250 [2] NCCL INFO Received and initiated operation=Setup res=0
watgpu608:254037:254248 [1] NCCL INFO resp.opId=0x70d3c0003810 matches expected opId=0x70d3c0003810
watgpu608:254038:254226 [2] NCCL INFO resp.opId=0x758828003810 matches expected opId=0x758828003810
watgpu608:254039:254249 [3] NCCL INFO Received and initiated operation=Setup res=0
watgpu608:254038:254226 [2] NCCL INFO Channel 02/0 : 2[2] -> 3[3] via P2P/IPC
watgpu608:254037:254248 [1] NCCL INFO Connected to proxy localRank 1 -> connection 0x70d3b80015f0
watgpu608:254039:254227 [3] NCCL INFO resp.opId=0x7f7c8c003810 matches expected opId=0x7f7c8c003810
watgpu608:254039:254227 [3] NCCL INFO Channel 01/0 : 3[3] -> 0[0] via P2P/IPC
watgpu608:254038:254250 [2] NCCL INFO New proxy send connection 10 from local rank 2, transport 0
watgpu608:254038:254250 [2] NCCL INFO proxyProgressAsync opId=0x758828003810 op.type=1 op.reqBuff=0x75882000c620 op.respSize=16 done
watgpu608:254038:254226 [2] NCCL INFO ncclPollProxyResponse Received new opId=0x758828003810
watgpu608:254038:254250 [2] NCCL INFO Received and initiated operation=Init res=0
watgpu608:254036:254251 [0] NCCL INFO transport/p2p.cc:218 Cuda Alloc Size 10485760 pointer 0x7fab3c800000
watgpu608:254038:254226 [2] NCCL INFO resp.opId=0x758828003810 matches expected opId=0x758828003810
watgpu608:254039:254249 [3] NCCL INFO New proxy send connection 9 from local rank 3, transport 0
watgpu608:254038:254226 [2] NCCL INFO Connected to proxy localRank 2 -> connection 0x7588200017d0
watgpu608:254039:254249 [3] NCCL INFO proxyProgressAsync opId=0x7f7c8c003810 op.type=1 op.reqBuff=0x7f7c8400b9d0 op.respSize=16 done
watgpu608:254036:254251 [0] NCCL INFO Allocated shareable buffer 0x7fab3c800000 size 10485760 ipcDesc 0x7fab3400a060
watgpu608:254036:254251 [0] NCCL INFO proxyProgressAsync opId=0x7fab08003810 op.type=3 op.reqBuff=0x7fab3400ad30 op.respSize=80 done
watgpu608:254039:254227 [3] NCCL INFO ncclPollProxyResponse Received new opId=0x7f7c8c003810
watgpu608:254039:254249 [3] NCCL INFO Received and initiated operation=Init res=0
watgpu608:254036:254225 [0] NCCL INFO ncclPollProxyResponse Received new opId=0x7fab08003810
watgpu608:254039:254227 [3] NCCL INFO resp.opId=0x7f7c8c003810 matches expected opId=0x7f7c8c003810
watgpu608:254039:254227 [3] NCCL INFO Connected to proxy localRank 3 -> connection 0x7f7c84001758
watgpu608:254036:254251 [0] NCCL INFO Received and initiated operation=Setup res=0
watgpu608:254036:254225 [0] NCCL INFO resp.opId=0x7fab08003810 matches expected opId=0x7fab08003810
watgpu608:254036:254225 [0] NCCL INFO Channel 00/0 : 0[0] -> 1[1] via P2P/IPC
watgpu608:254036:254251 [0] NCCL INFO New proxy send connection 8 from local rank 0, transport 0
watgpu608:254036:254251 [0] NCCL INFO proxyProgressAsync opId=0x7fab08003810 op.type=1 op.reqBuff=0x7fab3400ad30 op.respSize=16 done
watgpu608:254036:254225 [0] NCCL INFO ncclPollProxyResponse Received new opId=0x7fab08003810
watgpu608:254036:254251 [0] NCCL INFO Received and initiated operation=Init res=0
watgpu608:254036:254225 [0] NCCL INFO resp.opId=0x7fab08003810 matches expected opId=0x7fab08003810
watgpu608:254036:254225 [0] NCCL INFO Connected to proxy localRank 0 -> connection 0x7fab34001810
watgpu608:254038:254250 [2] NCCL INFO transport/p2p.cc:218 Cuda Alloc Size 2097152 pointer 0x758849e00000
watgpu608:254038:254250 [2] NCCL INFO Allocated shareable buffer 0x758849e00000 size 2097152 ipcDesc 0x75882000ad50
watgpu608:254038:254250 [2] NCCL INFO proxyProgressAsync opId=0x758828003810 op.type=3 op.reqBuff=0x75882000d270 op.respSize=80 done
watgpu608:254038:254226 [2] NCCL INFO ncclPollProxyResponse Received new opId=0x758828003810
watgpu608:254038:254250 [2] NCCL INFO Received and initiated operation=Setup res=0
watgpu608:254038:254226 [2] NCCL INFO resp.opId=0x758828003810 matches expected opId=0x758828003810
watgpu608:254038:254226 [2] NCCL INFO Channel 03/0 : 2[2] -> 3[3] via P2P/IPC
watgpu608:254038:254250 [2] NCCL INFO New proxy send connection 11 from local rank 2, transport 0
watgpu608:254038:254250 [2] NCCL INFO proxyProgressAsync opId=0x758828003810 op.type=1 op.reqBuff=0x75882000d270 op.respSize=16 done
watgpu608:254037:254252 [1] NCCL INFO transport/p2p.cc:218 Cuda Alloc Size 10485760 pointer 0x70d3ebe00000
watgpu608:254038:254226 [2] NCCL INFO ncclPollProxyResponse Received new opId=0x758828003810
watgpu608:254038:254250 [2] NCCL INFO Received and initiated operation=Init res=0
watgpu608:254038:254226 [2] NCCL INFO resp.opId=0x758828003810 matches expected opId=0x758828003810
watgpu608:254038:254226 [2] NCCL INFO Connected to proxy localRank 2 -> connection 0x758820001848
watgpu608:254037:254252 [1] NCCL INFO Allocated shareable buffer 0x70d3ebe00000 size 10485760 ipcDesc 0x70d3b800a050
watgpu608:254037:254252 [1] NCCL INFO proxyProgressAsync opId=0x70d3c0003810 op.type=3 op.reqBuff=0x70d3b800a020 op.respSize=80 done
watgpu608:254037:254248 [1] NCCL INFO ncclPollProxyResponse Received new opId=0x70d3c0003810
watgpu608:254037:254252 [1] NCCL INFO Received and initiated operation=Setup res=0
watgpu608:254037:254248 [1] NCCL INFO resp.opId=0x70d3c0003810 matches expected opId=0x70d3c0003810
watgpu608:254037:254252 [1] NCCL INFO New proxy recv connection 7 from local rank 1, transport 0
watgpu608:254037:254252 [1] NCCL INFO proxyProgressAsync opId=0x70d3c0003810 op.type=1 op.reqBuff=0x70d3b800a020 op.respSize=16 done
watgpu608:254037:254248 [1] NCCL INFO ncclPollProxyResponse Received new opId=0x70d3c0003810
watgpu608:254037:254252 [1] NCCL INFO Received and initiated operation=Init res=0
watgpu608:254037:254248 [1] NCCL INFO resp.opId=0x70d3c0003810 matches expected opId=0x70d3c0003810
watgpu608:254037:254248 [1] NCCL INFO Connected to proxy localRank 1 -> connection 0x70d3b8001668
watgpu608:254039:254249 [3] NCCL INFO transport/p2p.cc:218 Cuda Alloc Size 2097152 pointer 0x7f7cadc00000
watgpu608:254039:254249 [3] NCCL INFO Allocated shareable buffer 0x7f7cadc00000 size 2097152 ipcDesc 0x7f7c8400ad50
watgpu608:254039:254249 [3] NCCL INFO proxyProgressAsync opId=0x7f7c8c003810 op.type=3 op.reqBuff=0x7f7c8400c620 op.respSize=80 done
watgpu608:254036:254251 [0] NCCL INFO transport/p2p.cc:218 Cuda Alloc Size 2097152 pointer 0x7fab2ba00000
watgpu608:254039:254227 [3] NCCL INFO ncclPollProxyResponse Received new opId=0x7f7c8c003810
watgpu608:254039:254249 [3] NCCL INFO Received and initiated operation=Setup res=0
watgpu608:254036:254251 [0] NCCL INFO Allocated shareable buffer 0x7fab2ba00000 size 2097152 ipcDesc 0x7fab3400a060
watgpu608:254039:254227 [3] NCCL INFO resp.opId=0x7f7c8c003810 matches expected opId=0x7f7c8c003810
watgpu608:254036:254251 [0] NCCL INFO proxyProgressAsync opId=0x7fab08003810 op.type=3 op.reqBuff=0x7fab3400b9d0 op.respSize=80 done
watgpu608:254039:254227 [3] NCCL INFO Channel 02/0 : 3[3] -> 0[0] via P2P/IPC
watgpu608:254036:254225 [0] NCCL INFO ncclPollProxyResponse Received new opId=0x7fab08003810
watgpu608:254036:254251 [0] NCCL INFO Received and initiated operation=Setup res=0
watgpu608:254036:254225 [0] NCCL INFO resp.opId=0x7fab08003810 matches expected opId=0x7fab08003810
watgpu608:254039:254249 [3] NCCL INFO New proxy send connection 10 from local rank 3, transport 0
watgpu608:254036:254225 [0] NCCL INFO Channel 01/0 : 0[0] -> 1[1] via P2P/IPC
watgpu608:254039:254249 [3] NCCL INFO proxyProgressAsync opId=0x7f7c8c003810 op.type=1 op.reqBuff=0x7f7c8400c620 op.respSize=16 done
watgpu608:254039:254227 [3] NCCL INFO ncclPollProxyResponse Received new opId=0x7f7c8c003810
watgpu608:254039:254249 [3] NCCL INFO Received and initiated operation=Init res=0
watgpu608:254039:254227 [3] NCCL INFO resp.opId=0x7f7c8c003810 matches expected opId=0x7f7c8c003810
watgpu608:254039:254227 [3] NCCL INFO Connected to proxy localRank 3 -> connection 0x7f7c840017d0
watgpu608:254036:254251 [0] NCCL INFO New proxy send connection 9 from local rank 0, transport 0
watgpu608:254038:254250 [2] NCCL INFO transport/p2p.cc:218 Cuda Alloc Size 2097152 pointer 0x758855200000
watgpu608:254036:254251 [0] NCCL INFO proxyProgressAsync opId=0x7fab08003810 op.type=1 op.reqBuff=0x7fab3400b9d0 op.respSize=16 done
watgpu608:254036:254225 [0] NCCL INFO ncclPollProxyResponse Received new opId=0x7fab08003810
watgpu608:254036:254251 [0] NCCL INFO Received and initiated operation=Init res=0
watgpu608:254038:254250 [2] NCCL INFO Allocated shareable buffer 0x758855200000 size 2097152 ipcDesc 0x75882000ad50
watgpu608:254038:254250 [2] NCCL INFO proxyProgressAsync opId=0x758828003810 op.type=3 op.reqBuff=0x75882000dc40 op.respSize=80 done
watgpu608:254036:254225 [0] NCCL INFO resp.opId=0x7fab08003810 matches expected opId=0x7fab08003810
watgpu608:254036:254225 [0] NCCL INFO Connected to proxy localRank 0 -> connection 0x7fab34001888
watgpu608:254038:254226 [2] NCCL INFO ncclPollProxyResponse Received new opId=0x758828003810
watgpu608:254038:254250 [2] NCCL INFO Received and initiated operation=Setup res=0
watgpu608:254038:254226 [2] NCCL INFO resp.opId=0x758828003810 matches expected opId=0x758828003810
watgpu608:254038:254226 [2] NCCL INFO Channel 04/0 : 2[2] -> 3[3] via P2P/IPC
watgpu608:254038:254250 [2] NCCL INFO New proxy send connection 12 from local rank 2, transport 0
watgpu608:254038:254250 [2] NCCL INFO proxyProgressAsync opId=0x758828003810 op.type=1 op.reqBuff=0x75882000dc40 op.respSize=16 done
watgpu608:254038:254226 [2] NCCL INFO ncclPollProxyResponse Received new opId=0x758828003810
watgpu608:254038:254250 [2] NCCL INFO Received and initiated operation=Init res=0
watgpu608:254038:254226 [2] NCCL INFO resp.opId=0x758828003810 matches expected opId=0x758828003810
watgpu608:254038:254226 [2] NCCL INFO Connected to proxy localRank 2 -> connection 0x7588200018c0
watgpu608:254039:254249 [3] NCCL INFO transport/p2p.cc:218 Cuda Alloc Size 2097152 pointer 0x7f7cade00000
watgpu608:254039:254249 [3] NCCL INFO Allocated shareable buffer 0x7f7cade00000 size 2097152 ipcDesc 0x7f7c8400ad50
watgpu608:254039:254249 [3] NCCL INFO proxyProgressAsync opId=0x7f7c8c003810 op.type=3 op.reqBuff=0x7f7c8400d270 op.respSize=80 done
watgpu608:254037:254252 [1] NCCL INFO transport/p2p.cc:218 Cuda Alloc Size 10485760 pointer 0x70d3ec800000
watgpu608:254039:254227 [3] NCCL INFO ncclPollProxyResponse Received new opId=0x7f7c8c003810
watgpu608:254039:254249 [3] NCCL INFO Received and initiated operation=Setup res=0
watgpu608:254039:254227 [3] NCCL INFO resp.opId=0x7f7c8c003810 matches expected opId=0x7f7c8c003810
watgpu608:254039:254227 [3] NCCL INFO Channel 03/0 : 3[3] -> 0[0] via P2P/IPC
watgpu608:254039:254249 [3] NCCL INFO New proxy send connection 11 from local rank 3, transport 0
watgpu608:254037:254252 [1] NCCL INFO Allocated shareable buffer 0x70d3ec800000 size 10485760 ipcDesc 0x70d3b800ad50
watgpu608:254039:254249 [3] NCCL INFO proxyProgressAsync opId=0x7f7c8c003810 op.type=1 op.reqBuff=0x7f7c8400d270 op.respSize=16 done
watgpu608:254037:254252 [1] NCCL INFO proxyProgressAsync opId=0x70d3c0003810 op.type=3 op.reqBuff=0x70d3b800ad20 op.respSize=80 done
watgpu608:254039:254227 [3] NCCL INFO ncclPollProxyResponse Received new opId=0x7f7c8c003810
watgpu608:254039:254249 [3] NCCL INFO Received and initiated operation=Init res=0
watgpu608:254037:254248 [1] NCCL INFO ncclPollProxyResponse Received new opId=0x70d3c0003810
watgpu608:254039:254227 [3] NCCL INFO resp.opId=0x7f7c8c003810 matches expected opId=0x7f7c8c003810
watgpu608:254039:254227 [3] NCCL INFO Connected to proxy localRank 3 -> connection 0x7f7c84001848
watgpu608:254037:254252 [1] NCCL INFO Received and initiated operation=Setup res=0
watgpu608:254037:254248 [1] NCCL INFO resp.opId=0x70d3c0003810 matches expected opId=0x70d3c0003810
watgpu608:254037:254248 [1] NCCL INFO Channel 00/0 : 1[1] -> 2[2] via P2P/IPC
watgpu608:254038:254250 [2] NCCL INFO transport/p2p.cc:218 Cuda Alloc Size 2097152 pointer 0x758855400000
watgpu608:254038:254250 [2] NCCL INFO Allocated shareable buffer 0x758855400000 size 2097152 ipcDesc 0x75882000ad50
watgpu608:254038:254250 [2] NCCL INFO proxyProgressAsync opId=0x758828003810 op.type=3 op.reqBuff=0x75882000e890 op.respSize=80 done
watgpu608:254038:254226 [2] NCCL INFO ncclPollProxyResponse Received new opId=0x758828003810
watgpu608:254038:254250 [2] NCCL INFO Received and initiated operation=Setup res=0
watgpu608:254038:254226 [2] NCCL INFO resp.opId=0x758828003810 matches expected opId=0x758828003810
watgpu608:254038:254226 [2] NCCL INFO Channel 05/0 : 2[2] -> 3[3] via P2P/IPC
watgpu608:254036:254251 [0] NCCL INFO transport/p2p.cc:218 Cuda Alloc Size 2097152 pointer 0x7fab2bc00000
watgpu608:254037:254252 [1] NCCL INFO New proxy send connection 8 from local rank 1, transport 0
watgpu608:254037:254252 [1] NCCL INFO proxyProgressAsync opId=0x70d3c0003810 op.type=1 op.reqBuff=0x70d3b800ad20 op.respSize=16 done
watgpu608:254038:254250 [2] NCCL INFO New proxy send connection 13 from local rank 2, transport 0
watgpu608:254038:254250 [2] NCCL INFO proxyProgressAsync opId=0x758828003810 op.type=1 op.reqBuff=0x75882000e890 op.respSize=16 done
watgpu608:254038:254226 [2] NCCL INFO ncclPollProxyResponse Received new opId=0x758828003810
watgpu608:254037:254248 [1] NCCL INFO ncclPollProxyResponse Received new opId=0x70d3c0003810
watgpu608:254038:254250 [2] NCCL INFO Received and initiated operation=Init res=0
watgpu608:254038:254226 [2] NCCL INFO resp.opId=0x758828003810 matches expected opId=0x758828003810
watgpu608:254038:254226 [2] NCCL INFO Connected to proxy localRank 2 -> connection 0x758820001938
watgpu608:254036:254251 [0] NCCL INFO Allocated shareable buffer 0x7fab2bc00000 size 2097152 ipcDesc 0x7fab3400a060
watgpu608:254037:254252 [1] NCCL INFO Received and initiated operation=Init res=0
watgpu608:254036:254251 [0] NCCL INFO proxyProgressAsync opId=0x7fab08003810 op.type=3 op.reqBuff=0x7fab3400c620 op.respSize=80 done
watgpu608:254037:254248 [1] NCCL INFO resp.opId=0x70d3c0003810 matches expected opId=0x70d3c0003810
watgpu608:254036:254225 [0] NCCL INFO ncclPollProxyResponse Received new opId=0x7fab08003810
watgpu608:254037:254248 [1] NCCL INFO Connected to proxy localRank 1 -> connection 0x70d3b80016e0
watgpu608:254036:254251 [0] NCCL INFO Received and initiated operation=Setup res=0
watgpu608:254036:254225 [0] NCCL INFO resp.opId=0x7fab08003810 matches expected opId=0x7fab08003810
watgpu608:254036:254225 [0] NCCL INFO Channel 02/0 : 0[0] -> 1[1] via P2P/IPC
watgpu608:254036:254251 [0] NCCL INFO New proxy send connection 10 from local rank 0, transport 0
watgpu608:254036:254251 [0] NCCL INFO proxyProgressAsync opId=0x7fab08003810 op.type=1 op.reqBuff=0x7fab3400c620 op.respSize=16 done
watgpu608:254036:254225 [0] NCCL INFO ncclPollProxyResponse Received new opId=0x7fab08003810
watgpu608:254036:254225 [0] NCCL INFO resp.opId=0x7fab08003810 matches expected opId=0x7fab08003810
watgpu608:254036:254225 [0] NCCL INFO Connected to proxy localRank 0 -> connection 0x7fab34001900
watgpu608:254036:254251 [0] NCCL INFO Received and initiated operation=Init res=0
watgpu608:254039:254249 [3] NCCL INFO transport/p2p.cc:218 Cuda Alloc Size 2097152 pointer 0x7f7cb9200000
watgpu608:254039:254249 [3] NCCL INFO Allocated shareable buffer 0x7f7cb9200000 size 2097152 ipcDesc 0x7f7c8400ad50
watgpu608:254039:254249 [3] NCCL INFO proxyProgressAsync opId=0x7f7c8c003810 op.type=3 op.reqBuff=0x7f7c8400dc40 op.respSize=80 done
watgpu608:254039:254227 [3] NCCL INFO ncclPollProxyResponse Received new opId=0x7f7c8c003810
watgpu608:254039:254249 [3] NCCL INFO Received and initiated operation=Setup res=0
watgpu608:254039:254227 [3] NCCL INFO resp.opId=0x7f7c8c003810 matches expected opId=0x7f7c8c003810
watgpu608:254039:254227 [3] NCCL INFO Channel 04/0 : 3[3] -> 0[0] via P2P/IPC
watgpu608:254039:254249 [3] NCCL INFO New proxy send connection 12 from local rank 3, transport 0
watgpu608:254039:254249 [3] NCCL INFO proxyProgressAsync opId=0x7f7c8c003810 op.type=1 op.reqBuff=0x7f7c8400dc40 op.respSize=16 done
watgpu608:254039:254227 [3] NCCL INFO ncclPollProxyResponse Received new opId=0x7f7c8c003810
watgpu608:254039:254249 [3] NCCL INFO Received and initiated operation=Init res=0
watgpu608:254039:254227 [3] NCCL INFO resp.opId=0x7f7c8c003810 matches expected opId=0x7f7c8c003810
watgpu608:254039:254227 [3] NCCL INFO Connected to proxy localRank 3 -> connection 0x7f7c840018c0
watgpu608:254038:254250 [2] NCCL INFO transport/p2p.cc:218 Cuda Alloc Size 2097152 pointer 0x758855600000
watgpu608:254038:254250 [2] NCCL INFO Allocated shareable buffer 0x758855600000 size 2097152 ipcDesc 0x75882000ad50
watgpu608:254038:254250 [2] NCCL INFO proxyProgressAsync opId=0x758828003810 op.type=3 op.reqBuff=0x75882000f4e0 op.respSize=80 done
watgpu608:254038:254226 [2] NCCL INFO ncclPollProxyResponse Received new opId=0x758828003810
watgpu608:254038:254250 [2] NCCL INFO Received and initiated operation=Setup res=0
watgpu608:254038:254226 [2] NCCL INFO resp.opId=0x758828003810 matches expected opId=0x758828003810
watgpu608:254038:254226 [2] NCCL INFO Channel 06/0 : 2[2] -> 3[3] via P2P/IPC
watgpu608:254038:254250 [2] NCCL INFO New proxy send connection 14 from local rank 2, transport 0
watgpu608:254038:254250 [2] NCCL INFO proxyProgressAsync opId=0x758828003810 op.type=1 op.reqBuff=0x75882000f4e0 op.respSize=16 done
watgpu608:254038:254226 [2] NCCL INFO ncclPollProxyResponse Received new opId=0x758828003810
watgpu608:254038:254250 [2] NCCL INFO Received and initiated operation=Init res=0
watgpu608:254038:254226 [2] NCCL INFO resp.opId=0x758828003810 matches expected opId=0x758828003810
watgpu608:254038:254226 [2] NCCL INFO Connected to proxy localRank 2 -> connection 0x7588200019b0
watgpu608:254036:254251 [0] NCCL INFO transport/p2p.cc:218 Cuda Alloc Size 2097152 pointer 0x7fab2be00000
watgpu608:254036:254251 [0] NCCL INFO Allocated shareable buffer 0x7fab2be00000 size 2097152 ipcDesc 0x7fab3400a060
watgpu608:254036:254251 [0] NCCL INFO proxyProgressAsync opId=0x7fab08003810 op.type=3 op.reqBuff=0x7fab3400d270 op.respSize=80 done
watgpu608:254037:254252 [1] NCCL INFO transport/p2p.cc:218 Cuda Alloc Size 2097152 pointer 0x70d3e1a00000
watgpu608:254036:254225 [0] NCCL INFO ncclPollProxyResponse Received new opId=0x7fab08003810
watgpu608:254036:254251 [0] NCCL INFO Received and initiated operation=Setup res=0
watgpu608:254036:254225 [0] NCCL INFO resp.opId=0x7fab08003810 matches expected opId=0x7fab08003810
watgpu608:254036:254225 [0] NCCL INFO Channel 03/0 : 0[0] -> 1[1] via P2P/IPC
watgpu608:254036:254251 [0] NCCL INFO New proxy send connection 11 from local rank 0, transport 0
watgpu608:254036:254251 [0] NCCL INFO proxyProgressAsync opId=0x7fab08003810 op.type=1 op.reqBuff=0x7fab3400d270 op.respSize=16 done
watgpu608:254037:254252 [1] NCCL INFO Allocated shareable buffer 0x70d3e1a00000 size 2097152 ipcDesc 0x70d3b800ad50
watgpu608:254036:254225 [0] NCCL INFO ncclPollProxyResponse Received new opId=0x7fab08003810
watgpu608:254037:254252 [1] NCCL INFO proxyProgressAsync opId=0x70d3c0003810 op.type=3 op.reqBuff=0x70d3b800b9d0 op.respSize=80 done
watgpu608:254036:254225 [0] NCCL INFO resp.opId=0x7fab08003810 matches expected opId=0x7fab08003810
watgpu608:254036:254251 [0] NCCL INFO Received and initiated operation=Init res=0
watgpu608:254036:254225 [0] NCCL INFO Connected to proxy localRank 0 -> connection 0x7fab34001978
watgpu608:254037:254248 [1] NCCL INFO ncclPollProxyResponse Received new opId=0x70d3c0003810
watgpu608:254038:254250 [2] NCCL INFO transport/p2p.cc:218 Cuda Alloc Size 2097152 pointer 0x758855800000
watgpu608:254037:254252 [1] NCCL INFO Received and initiated operation=Setup res=0
watgpu608:254038:254250 [2] NCCL INFO Allocated shareable buffer 0x758855800000 size 2097152 ipcDesc 0x75882000ad50
watgpu608:254038:254250 [2] NCCL INFO proxyProgressAsync opId=0x758828003810 op.type=3 op.reqBuff=0x758820010130 op.respSize=80 done
watgpu608:254037:254248 [1] NCCL INFO resp.opId=0x70d3c0003810 matches expected opId=0x70d3c0003810
watgpu608:254038:254226 [2] NCCL INFO ncclPollProxyResponse Received new opId=0x758828003810
watgpu608:254037:254248 [1] NCCL INFO Channel 01/0 : 1[1] -> 2[2] via P2P/IPC
watgpu608:254038:254250 [2] NCCL INFO Received and initiated operation=Setup res=0
watgpu608:254038:254226 [2] NCCL INFO resp.opId=0x758828003810 matches expected opId=0x758828003810
watgpu608:254038:254226 [2] NCCL INFO Channel 07/0 : 2[2] -> 3[3] via P2P/IPC
watgpu608:254039:254249 [3] NCCL INFO transport/p2p.cc:218 Cuda Alloc Size 2097152 pointer 0x7f7cb9400000
watgpu608:254038:254250 [2] NCCL INFO New proxy send connection 15 from local rank 2, transport 0
watgpu608:254039:254249 [3] NCCL INFO Allocated shareable buffer 0x7f7cb9400000 size 2097152 ipcDesc 0x7f7c8400ad50
watgpu608:254038:254250 [2] NCCL INFO proxyProgressAsync opId=0x758828003810 op.type=1 op.reqBuff=0x758820010130 op.respSize=16 done
watgpu608:254039:254249 [3] NCCL INFO proxyProgressAsync opId=0x7f7c8c003810 op.type=3 op.reqBuff=0x7f7c8400e890 op.respSize=80 done
watgpu608:254037:254252 [1] NCCL INFO New proxy send connection 9 from local rank 1, transport 0
watgpu608:254038:254226 [2] NCCL INFO ncclPollProxyResponse Received new opId=0x758828003810
watgpu608:254037:254252 [1] NCCL INFO proxyProgressAsync opId=0x70d3c0003810 op.type=1 op.reqBuff=0x70d3b800b9d0 op.respSize=16 done
watgpu608:254039:254227 [3] NCCL INFO ncclPollProxyResponse Received new opId=0x7f7c8c003810
watgpu608:254038:254226 [2] NCCL INFO resp.opId=0x758828003810 matches expected opId=0x758828003810
watgpu608:254038:254226 [2] NCCL INFO Connected to proxy localRank 2 -> connection 0x758820001a28
watgpu608:254039:254249 [3] NCCL INFO Received and initiated operation=Setup res=0
watgpu608:254038:254250 [2] NCCL INFO Received and initiated operation=Init res=0
watgpu608:254037:254248 [1] NCCL INFO ncclPollProxyResponse Received new opId=0x70d3c0003810
watgpu608:254039:254227 [3] NCCL INFO resp.opId=0x7f7c8c003810 matches expected opId=0x7f7c8c003810
watgpu608:254037:254252 [1] NCCL INFO Received and initiated operation=Init res=0
watgpu608:254039:254227 [3] NCCL INFO Channel 05/0 : 3[3] -> 0[0] via P2P/IPC
watgpu608:254037:254248 [1] NCCL INFO resp.opId=0x70d3c0003810 matches expected opId=0x70d3c0003810
watgpu608:254037:254248 [1] NCCL INFO Connected to proxy localRank 1 -> connection 0x70d3b8001758
watgpu608:254039:254249 [3] NCCL INFO New proxy send connection 13 from local rank 3, transport 0
watgpu608:254039:254249 [3] NCCL INFO proxyProgressAsync opId=0x7f7c8c003810 op.type=1 op.reqBuff=0x7f7c8400e890 op.respSize=16 done
watgpu608:254039:254227 [3] NCCL INFO ncclPollProxyResponse Received new opId=0x7f7c8c003810
watgpu608:254039:254249 [3] NCCL INFO Received and initiated operation=Init res=0
watgpu608:254039:254227 [3] NCCL INFO resp.opId=0x7f7c8c003810 matches expected opId=0x7f7c8c003810
watgpu608:254039:254227 [3] NCCL INFO Connected to proxy localRank 3 -> connection 0x7f7c84001938
watgpu608:254036:254251 [0] NCCL INFO transport/p2p.cc:218 Cuda Alloc Size 2097152 pointer 0x7fab3d200000
watgpu608:254036:254251 [0] NCCL INFO Allocated shareable buffer 0x7fab3d200000 size 2097152 ipcDesc 0x7fab3400a060
watgpu608:254036:254251 [0] NCCL INFO proxyProgressAsync opId=0x7fab08003810 op.type=3 op.reqBuff=0x7fab3400dc40 op.respSize=80 done
watgpu608:254036:254225 [0] NCCL INFO ncclPollProxyResponse Received new opId=0x7fab08003810
watgpu608:254036:254251 [0] NCCL INFO Received and initiated operation=Setup res=0
watgpu608:254036:254225 [0] NCCL INFO resp.opId=0x7fab08003810 matches expected opId=0x7fab08003810
watgpu608:254036:254225 [0] NCCL INFO Channel 04/0 : 0[0] -> 1[1] via P2P/IPC
watgpu608:254036:254251 [0] NCCL INFO New proxy send connection 12 from local rank 0, transport 0
watgpu608:254036:254251 [0] NCCL INFO proxyProgressAsync opId=0x7fab08003810 op.type=1 op.reqBuff=0x7fab3400dc40 op.respSize=16 done
watgpu608:254036:254225 [0] NCCL INFO ncclPollProxyResponse Received new opId=0x7fab08003810
watgpu608:254036:254251 [0] NCCL INFO Received and initiated operation=Init res=0
watgpu608:254036:254225 [0] NCCL INFO resp.opId=0x7fab08003810 matches expected opId=0x7fab08003810
watgpu608:254036:254225 [0] NCCL INFO Connected to proxy localRank 0 -> connection 0x7fab340019f0
watgpu608:254038:254250 [2] NCCL INFO transport/p2p.cc:218 Cuda Alloc Size 2097152 pointer 0x758855a00000
watgpu608:254038:254250 [2] NCCL INFO Allocated shareable buffer 0x758855a00000 size 2097152 ipcDesc 0x75882000ad50
