Wed Aug 27 19:18:50 2025       
+-----------------------------------------------------------------------------------------+
| NVIDIA-SMI 575.57.08              Driver Version: 575.57.08      CUDA Version: 12.9     |
|-----------------------------------------+------------------------+----------------------+
| GPU  Name                 Persistence-M | Bus-Id          Disp.A | Volatile Uncorr. ECC |
| Fan  Temp   Perf          Pwr:Usage/Cap |           Memory-Usage | GPU-Util  Compute M. |
|                                         |                        |               MIG M. |
|=========================================+========================+======================|
|   0  NVIDIA RTX 6000 Ada Gene...    On  |   00000000:83:00.0 Off |                  Off |
| 30%   33C    P8             16W /  300W |       2MiB /  49140MiB |      0%      Default |
|                                         |                        |                  N/A |
+-----------------------------------------+------------------------+----------------------+
|   1  NVIDIA RTX 6000 Ada Gene...    On  |   00000000:84:00.0 Off |                  Off |
| 30%   29C    P8             12W /  300W |       2MiB /  49140MiB |      0%      Default |
|                                         |                        |                  N/A |
+-----------------------------------------+------------------------+----------------------+
|   2  NVIDIA RTX 6000 Ada Gene...    On  |   00000000:85:00.0 Off |                  Off |
| 30%   26C    P8             27W /  300W |       2MiB /  49140MiB |      0%      Default |
|                                         |                        |                  N/A |
+-----------------------------------------+------------------------+----------------------+
|   3  NVIDIA RTX 6000 Ada Gene...    On  |   00000000:C4:00.0 Off |                  Off |
| 30%   54C    P3             83W /  300W |       2MiB /  49140MiB |      0%      Default |
|                                         |                        |                  N/A |
+-----------------------------------------+------------------------+----------------------+
                                                                                         
+-----------------------------------------------------------------------------------------+
| Processes:                                                                              |
|  GPU   GI   CI              PID   Type   Process name                        GPU Memory |
|        ID   ID                                                               Usage      |
|=========================================================================================|
|  No running processes found                                                             |
+-----------------------------------------------------------------------------------------+
	[4mGPU0	GPU1	GPU2	GPU3	NIC0	NIC1	CPU Affinity	NUMA Affinity	GPU NUMA ID[0m
GPU0	 X 	PIX	PIX	NODE	SYS	SYS	33-63,96-127	1		N/A
GPU1	PIX	 X 	PIX	NODE	SYS	SYS	33-63,96-127	1		N/A
GPU2	PIX	PIX	 X 	NODE	SYS	SYS	33-63,96-127	1		N/A
GPU3	NODE	NODE	NODE	 X 	SYS	SYS	33-63,96-127	1		N/A
NIC0	SYS	SYS	SYS	SYS	 X 	PIX				
NIC1	SYS	SYS	SYS	SYS	PIX	 X 				

Legend:

  X    = Self
  SYS  = Connection traversing PCIe as well as the SMP interconnect between NUMA nodes (e.g., QPI/UPI)
  NODE = Connection traversing PCIe as well as the interconnect between PCIe Host Bridges within a NUMA node
  PHB  = Connection traversing PCIe as well as a PCIe Host Bridge (typically the CPU)
  PXB  = Connection traversing multiple PCIe bridges (without traversing the PCIe Host Bridge)
  PIX  = Connection traversing at most a single PCIe bridge
  NV#  = Connection traversing a bonded set of # NVLinks

NIC Legend:

  NIC0: mlx5_0
  NIC1: mlx5_1

index, name, memory.total [MiB], memory.free [MiB], memory.used [MiB], utilization.gpu [%]
0, NVIDIA RTX 6000 Ada Generation, 49140 MiB, 48508 MiB, 2 MiB, 0 %
1, NVIDIA RTX 6000 Ada Generation, 49140 MiB, 48508 MiB, 2 MiB, 0 %
2, NVIDIA RTX 6000 Ada Generation, 49140 MiB, 48508 MiB, 2 MiB, 0 %
3, NVIDIA RTX 6000 Ada Generation, 49140 MiB, 48508 MiB, 2 MiB, 0 %
Started memory monitoring - GPU log: gpu_memory_4gpu_log.csv, System log: system_memory_4gpu_log.txt
Initializing distributed training with backend: nccl
Initializing distributed training with backend: nccl
Initializing distributed training with backend: nccl
Initializing distributed training with backend: nccl
🧹 Cleared CUDA cache and reset memory stats

==================================================
🔍 Initial Memory Usage
==================================================
🖥️  GPU Memory:
   Allocated:  0.00 GB (0.0% of 47.4 GB)
   Reserved:   0.00 GB
   Peak Alloc: 0.00 GB
   Peak Rsrvd: 0.00 GB

🖥️  System Memory:
   Used:      2.21 GB (0.1%)
   Available: 1509.34 GB
   Total:     1511.56 GB
==================================================
🧹 Cleared CUDA cache and reset memory stats
🧹 Cleared CUDA cache and reset memory stats
📋 Applying preset: default

============================================================
🚀 PyTorch LMU-ASR Training Configuration
============================================================
📊 Training Setup:
   GPUs: 4
   Total batch size: 128
   Batch size per GPU: 32
   Learning rate: 0.0005
   Max epochs: 35
   Mixed precision: True

📁 Data:
   Dataset: gigaspeech
   Subset: m
   Data workers: 32

🎯 Using preset: default

💾 Memory: High batch size detected (monitor GPU memory)
============================================================
📋 Applying preset: default
🧹 Cleared CUDA cache and reset memory stats
📋 Applying preset: default
📋 Applying preset: default

==================================================
🔍 After Model Creation Memory Usage
==================================================
🖥️  GPU Memory:
   Allocated:  0.01 GB (0.0% of 47.4 GB)
   Reserved:   0.01 GB
   Peak Alloc: 0.01 GB
   Peak Rsrvd: 0.01 GB

🖥️  System Memory:
   Used:      2.34 GB (0.2%)
   Available: 1509.18 GB
   Total:     1511.56 GB
==================================================
watgpu608:255300:255300 [0] NCCL INFO NCCL_SOCKET_IFNAME set by environment to lo
watgpu608:255300:255300 [0] NCCL INFO NCCL_SOCKET_IFNAME set to lo
watgpu608:255300:255300 [0] NCCL INFO Bootstrap : Using lo:127.0.0.1<0>
watgpu608:255300:255300 [0] NCCL INFO NET/Plugin: No plugin found (libnccl-net.so)
watgpu608:255300:255300 [0] NCCL INFO NET/Plugin: Plugin load returned 2 : libnccl-net.so: cannot open shared object file: No such file or directory : when loading libnccl-net.so
watgpu608:255300:255300 [0] NCCL INFO NET/Plugin: Using internal network plugin.
watgpu608:255300:255300 [0] NCCL INFO cudaDriverVersion 12090
NCCL version 2.21.5+cuda11.0
watgpu608:255303:255303 [3] NCCL INFO cudaDriverVersion 12090
watgpu608:255303:255303 [3] NCCL INFO NCCL_SOCKET_IFNAME set by environment to lo
watgpu608:255303:255303 [3] NCCL INFO NCCL_SOCKET_IFNAME set to lo
watgpu608:255303:255303 [3] NCCL INFO Bootstrap : Using lo:127.0.0.1<0>
watgpu608:255303:255303 [3] NCCL INFO NET/Plugin: No plugin found (libnccl-net.so)
watgpu608:255303:255303 [3] NCCL INFO NET/Plugin: Plugin load returned 2 : libnccl-net.so: cannot open shared object file: No such file or directory : when loading libnccl-net.so
watgpu608:255303:255303 [3] NCCL INFO NET/Plugin: Using internal network plugin.
watgpu608:255301:255301 [1] NCCL INFO cudaDriverVersion 12090
watgpu608:255301:255301 [1] NCCL INFO NCCL_SOCKET_IFNAME set by environment to lo
watgpu608:255301:255301 [1] NCCL INFO NCCL_SOCKET_IFNAME set to lo
watgpu608:255301:255301 [1] NCCL INFO Bootstrap : Using lo:127.0.0.1<0>
watgpu608:255302:255302 [2] NCCL INFO cudaDriverVersion 12090
watgpu608:255301:255301 [1] NCCL INFO NET/Plugin: No plugin found (libnccl-net.so)
watgpu608:255301:255301 [1] NCCL INFO NET/Plugin: Plugin load returned 2 : libnccl-net.so: cannot open shared object file: No such file or directory : when loading libnccl-net.so
watgpu608:255301:255301 [1] NCCL INFO NET/Plugin: Using internal network plugin.
watgpu608:255302:255302 [2] NCCL INFO NCCL_SOCKET_IFNAME set by environment to lo
watgpu608:255302:255302 [2] NCCL INFO NCCL_SOCKET_IFNAME set to lo
watgpu608:255302:255302 [2] NCCL INFO Bootstrap : Using lo:127.0.0.1<0>
watgpu608:255302:255302 [2] NCCL INFO NET/Plugin: No plugin found (libnccl-net.so)
watgpu608:255302:255302 [2] NCCL INFO NET/Plugin: Plugin load returned 2 : libnccl-net.so: cannot open shared object file: No such file or directory : when loading libnccl-net.so
watgpu608:255302:255302 [2] NCCL INFO NET/Plugin: Using internal network plugin.
watgpu608:255300:255300 [0] NCCL INFO init.cc:1785 Cuda Host Alloc Size 4 pointer 0x7017eb200000
watgpu608:255300:255509 [0] NCCL INFO NCCL_IB_DISABLE set by environment to 1.
watgpu608:255300:255509 [0] NCCL INFO NCCL_SOCKET_IFNAME set by environment to lo
watgpu608:255300:255509 [0] NCCL INFO NET/Socket : Using [0]lo:127.0.0.1<0>
watgpu608:255300:255509 [0] NCCL INFO Could not get speed from /sys/class/net/lo/speed. Defaulting to 10 Gbps.
watgpu608:255300:255509 [0] NCCL INFO Using non-device net plugin version 0
watgpu608:255300:255509 [0] NCCL INFO Using network Socket
watgpu608:255303:255303 [3] NCCL INFO init.cc:1785 Cuda Host Alloc Size 4 pointer 0x7a7b53200000
watgpu608:255303:255510 [3] NCCL INFO NCCL_IB_DISABLE set by environment to 1.
watgpu608:255303:255510 [3] NCCL INFO NCCL_SOCKET_IFNAME set by environment to lo
watgpu608:255303:255510 [3] NCCL INFO NET/Socket : Using [0]lo:127.0.0.1<0>
watgpu608:255303:255510 [3] NCCL INFO Could not get speed from /sys/class/net/lo/speed. Defaulting to 10 Gbps.
watgpu608:255303:255510 [3] NCCL INFO Using non-device net plugin version 0
watgpu608:255303:255510 [3] NCCL INFO Using network Socket
watgpu608:255302:255302 [2] NCCL INFO init.cc:1785 Cuda Host Alloc Size 4 pointer 0x7a5f79200000
watgpu608:255302:255511 [2] NCCL INFO NCCL_IB_DISABLE set by environment to 1.
watgpu608:255302:255511 [2] NCCL INFO NCCL_SOCKET_IFNAME set by environment to lo
watgpu608:255302:255511 [2] NCCL INFO NET/Socket : Using [0]lo:127.0.0.1<0>
watgpu608:255302:255511 [2] NCCL INFO Could not get speed from /sys/class/net/lo/speed. Defaulting to 10 Gbps.
watgpu608:255302:255511 [2] NCCL INFO Using non-device net plugin version 0
watgpu608:255302:255511 [2] NCCL INFO Using network Socket
watgpu608:255301:255301 [1] NCCL INFO init.cc:1785 Cuda Host Alloc Size 4 pointer 0x786099200000
watgpu608:255301:255512 [1] NCCL INFO NCCL_IB_DISABLE set by environment to 1.
watgpu608:255301:255512 [1] NCCL INFO NCCL_SOCKET_IFNAME set by environment to lo
watgpu608:255301:255512 [1] NCCL INFO NET/Socket : Using [0]lo:127.0.0.1<0>
watgpu608:255301:255512 [1] NCCL INFO Could not get speed from /sys/class/net/lo/speed. Defaulting to 10 Gbps.
watgpu608:255301:255512 [1] NCCL INFO Using non-device net plugin version 0
watgpu608:255301:255512 [1] NCCL INFO Using network Socket
watgpu608:255303:255510 [3] NCCL INFO ncclCommInitRank comm 0x2318d1c0 rank 3 nranks 4 cudaDev 3 nvmlDev 3 busId c4000 commId 0x6ecb3c6643432f1 - Init START
watgpu608:255300:255509 [0] NCCL INFO ncclCommInitRank comm 0x293ccf70 rank 0 nranks 4 cudaDev 0 nvmlDev 0 busId 83000 commId 0x6ecb3c6643432f1 - Init START
watgpu608:255302:255511 [2] NCCL INFO ncclCommInitRank comm 0x2f7d5790 rank 2 nranks 4 cudaDev 2 nvmlDev 2 busId 85000 commId 0x6ecb3c6643432f1 - Init START
watgpu608:255303:255510 [3] NCCL INFO Could not get speed from /sys/class/net/lo/speed. Defaulting to 10 Gbps.
watgpu608:255302:255511 [2] NCCL INFO Could not get speed from /sys/class/net/lo/speed. Defaulting to 10 Gbps.
watgpu608:255300:255509 [0] NCCL INFO Could not get speed from /sys/class/net/lo/speed. Defaulting to 10 Gbps.
watgpu608:255301:255512 [1] NCCL INFO ncclCommInitRank comm 0x21aa28f0 rank 1 nranks 4 cudaDev 1 nvmlDev 1 busId 84000 commId 0x6ecb3c6643432f1 - Init START
watgpu608:255301:255512 [1] NCCL INFO Could not get speed from /sys/class/net/lo/speed. Defaulting to 10 Gbps.
watgpu608:255303:255510 [3] NCCL INFO Could not get speed from /sys/class/net/lo/speed. Defaulting to 10 Gbps.
watgpu608:255303:255510 [3] NCCL INFO NET/Socket : GPU Direct RDMA Disabled for HCA 0 'lo'
watgpu608:255302:255511 [2] NCCL INFO Could not get speed from /sys/class/net/lo/speed. Defaulting to 10 Gbps.
watgpu608:255302:255511 [2] NCCL INFO NET/Socket : GPU Direct RDMA Disabled for HCA 0 'lo'
watgpu608:255300:255509 [0] NCCL INFO Could not get speed from /sys/class/net/lo/speed. Defaulting to 10 Gbps.
watgpu608:255300:255509 [0] NCCL INFO NET/Socket : GPU Direct RDMA Disabled for HCA 0 'lo'
watgpu608:255303:255510 [3] NCCL INFO transport/p2p.cc:172 Cuda Alloc Size 2097152 pointer 0x7a7b53400000
watgpu608:255302:255511 [2] NCCL INFO transport/p2p.cc:172 Cuda Alloc Size 2097152 pointer 0x7a5f79400000
watgpu608:255300:255509 [0] NCCL INFO transport/p2p.cc:172 Cuda Alloc Size 2097152 pointer 0x7017eb400000
watgpu608:255303:255510 [3] NCCL INFO === System : maxBw 24.0 totalBw 24.0 ===
watgpu608:255303:255510 [3] NCCL INFO CPU/0-1 (1/2/-1)
watgpu608:255303:255510 [3] NCCL INFO + PCI[5000.0] - NIC/0-0
watgpu608:255303:255510 [3] NCCL INFO + PCI[48.0] - PCI/0-81000 (1000c03015d91d24)
watgpu608:255303:255510 [3] NCCL INFO               + PCI[24.0] - GPU/0-83000 (0)
watgpu608:255303:255510 [3] NCCL INFO               + PCI[24.0] - GPU/0-84000 (1)
watgpu608:255303:255510 [3] NCCL INFO               + PCI[24.0] - GPU/0-85000 (2)
watgpu608:255303:255510 [3] NCCL INFO + PCI[48.0] - PCI/0-c1000 (1000c03015d91d24)
watgpu608:255303:255510 [3] NCCL INFO               + PCI[24.0] - GPU/0-c4000 (3)
watgpu608:255303:255510 [3] NCCL INFO ==========================================
watgpu608:255303:255510 [3] NCCL INFO GPU/83000 :GPU/0-83000 (0/5000.0/LOC) GPU/0-84000 (2/24.0/PIX) GPU/0-85000 (2/24.0/PIX) GPU/0-c4000 (4/24.0/PHB) CPU/0-1 (2/24.0/PHB) 
watgpu608:255303:255510 [3] NCCL INFO GPU/84000 :GPU/0-83000 (2/24.0/PIX) GPU/0-84000 (0/5000.0/LOC) GPU/0-85000 (2/24.0/PIX) GPU/0-c4000 (4/24.0/PHB) CPU/0-1 (2/24.0/PHB) 
watgpu608:255303:255510 [3] NCCL INFO GPU/85000 :GPU/0-83000 (2/24.0/PIX) GPU/0-84000 (2/24.0/PIX) GPU/0-85000 (0/5000.0/LOC) GPU/0-c4000 (4/24.0/PHB) CPU/0-1 (2/24.0/PHB) 
watgpu608:255303:255510 [3] NCCL INFO GPU/C4000 :GPU/0-83000 (4/24.0/PHB) GPU/0-84000 (4/24.0/PHB) GPU/0-85000 (4/24.0/PHB) GPU/0-c4000 (0/5000.0/LOC) CPU/0-1 (2/24.0/PHB) 
watgpu608:255303:255510 [3] NCCL INFO Setting affinity for GPU 3 to ffffffff,00000000,fffffffe,00000000
watgpu608:255302:255511 [2] NCCL INFO === System : maxBw 24.0 totalBw 24.0 ===
watgpu608:255302:255511 [2] NCCL INFO CPU/0-1 (1/2/-1)
watgpu608:255302:255511 [2] NCCL INFO + PCI[5000.0] - NIC/0-0
watgpu608:255302:255511 [2] NCCL INFO + PCI[48.0] - PCI/0-81000 (1000c03015d91d24)
watgpu608:255302:255511 [2] NCCL INFO               + PCI[24.0] - GPU/0-83000 (0)
watgpu608:255302:255511 [2] NCCL INFO               + PCI[24.0] - GPU/0-84000 (1)
watgpu608:255302:255511 [2] NCCL INFO               + PCI[24.0] - GPU/0-85000 (2)
watgpu608:255302:255511 [2] NCCL INFO + PCI[48.0] - PCI/0-c1000 (1000c03015d91d24)
watgpu608:255302:255511 [2] NCCL INFO               + PCI[24.0] - GPU/0-c4000 (3)
watgpu608:255302:255511 [2] NCCL INFO ==========================================
watgpu608:255302:255511 [2] NCCL INFO GPU/83000 :GPU/0-83000 (0/5000.0/LOC) GPU/0-84000 (2/24.0/PIX) GPU/0-85000 (2/24.0/PIX) GPU/0-c4000 (4/24.0/PHB) CPU/0-1 (2/24.0/PHB) 
watgpu608:255300:255509 [0] NCCL INFO === System : maxBw 24.0 totalBw 24.0 ===
watgpu608:255302:255511 [2] NCCL INFO GPU/84000 :GPU/0-83000 (2/24.0/PIX) GPU/0-84000 (0/5000.0/LOC) GPU/0-85000 (2/24.0/PIX) GPU/0-c4000 (4/24.0/PHB) CPU/0-1 (2/24.0/PHB) 
watgpu608:255300:255509 [0] NCCL INFO CPU/0-1 (1/2/-1)
watgpu608:255302:255511 [2] NCCL INFO GPU/85000 :GPU/0-83000 (2/24.0/PIX) GPU/0-84000 (2/24.0/PIX) GPU/0-85000 (0/5000.0/LOC) GPU/0-c4000 (4/24.0/PHB) CPU/0-1 (2/24.0/PHB) 
watgpu608:255300:255509 [0] NCCL INFO + PCI[5000.0] - NIC/0-0
watgpu608:255302:255511 [2] NCCL INFO GPU/C4000 :GPU/0-83000 (4/24.0/PHB) GPU/0-84000 (4/24.0/PHB) GPU/0-85000 (4/24.0/PHB) GPU/0-c4000 (0/5000.0/LOC) CPU/0-1 (2/24.0/PHB) 
watgpu608:255300:255509 [0] NCCL INFO + PCI[48.0] - PCI/0-81000 (1000c03015d91d24)
watgpu608:255300:255509 [0] NCCL INFO               + PCI[24.0] - GPU/0-83000 (0)
watgpu608:255302:255511 [2] NCCL INFO Setting affinity for GPU 2 to ffffffff,00000000,fffffffe,00000000
watgpu608:255300:255509 [0] NCCL INFO               + PCI[24.0] - GPU/0-84000 (1)
watgpu608:255300:255509 [0] NCCL INFO               + PCI[24.0] - GPU/0-85000 (2)
watgpu608:255300:255509 [0] NCCL INFO + PCI[48.0] - PCI/0-c1000 (1000c03015d91d24)
watgpu608:255300:255509 [0] NCCL INFO               + PCI[24.0] - GPU/0-c4000 (3)
watgpu608:255301:255512 [1] NCCL INFO Could not get speed from /sys/class/net/lo/speed. Defaulting to 10 Gbps.
watgpu608:255300:255509 [0] NCCL INFO ==========================================
watgpu608:255300:255509 [0] NCCL INFO GPU/83000 :GPU/0-83000 (0/5000.0/LOC) GPU/0-84000 (2/24.0/PIX) GPU/0-85000 (2/24.0/PIX) GPU/0-c4000 (4/24.0/PHB) CPU/0-1 (2/24.0/PHB) 
watgpu608:255300:255509 [0] NCCL INFO GPU/84000 :GPU/0-83000 (2/24.0/PIX) GPU/0-84000 (0/5000.0/LOC) GPU/0-85000 (2/24.0/PIX) GPU/0-c4000 (4/24.0/PHB) CPU/0-1 (2/24.0/PHB) 
watgpu608:255300:255509 [0] NCCL INFO GPU/85000 :GPU/0-83000 (2/24.0/PIX) GPU/0-84000 (2/24.0/PIX) GPU/0-85000 (0/5000.0/LOC) GPU/0-c4000 (4/24.0/PHB) CPU/0-1 (2/24.0/PHB) 
watgpu608:255300:255509 [0] NCCL INFO GPU/C4000 :GPU/0-83000 (4/24.0/PHB) GPU/0-84000 (4/24.0/PHB) GPU/0-85000 (4/24.0/PHB) GPU/0-c4000 (0/5000.0/LOC) CPU/0-1 (2/24.0/PHB) 
watgpu608:255301:255512 [1] NCCL INFO NET/Socket : GPU Direct RDMA Disabled for HCA 0 'lo'
watgpu608:255300:255509 [0] NCCL INFO Setting affinity for GPU 0 to ffffffff,00000000,fffffffe,00000000
watgpu608:255303:255510 [3] NCCL INFO Pattern 4, crossNic 0, nChannels 2, bw 12.000000/12.000000, type PHB/PIX, sameChannels 1
watgpu608:255303:255510 [3] NCCL INFO  0 : GPU/0 GPU/1 GPU/2 GPU/3
watgpu608:255303:255510 [3] NCCL INFO  1 : GPU/0 GPU/1 GPU/2 GPU/3
watgpu608:255303:255510 [3] NCCL INFO Pattern 1, crossNic 0, nChannels 2, bw 12.000000/12.000000, type PHB/PIX, sameChannels 1
watgpu608:255303:255510 [3] NCCL INFO  0 : GPU/0 GPU/1 GPU/2 GPU/3
watgpu608:255303:255510 [3] NCCL INFO  1 : GPU/0 GPU/1 GPU/2 GPU/3
watgpu608:255302:255511 [2] NCCL INFO Pattern 4, crossNic 0, nChannels 2, bw 12.000000/12.000000, type PHB/PIX, sameChannels 1
watgpu608:255302:255511 [2] NCCL INFO  0 : GPU/0 GPU/1 GPU/2 GPU/3
watgpu608:255302:255511 [2] NCCL INFO  1 : GPU/0 GPU/1 GPU/2 GPU/3
watgpu608:255302:255511 [2] NCCL INFO Pattern 1, crossNic 0, nChannels 2, bw 12.000000/12.000000, type PHB/PIX, sameChannels 1
watgpu608:255302:255511 [2] NCCL INFO  0 : GPU/0 GPU/1 GPU/2 GPU/3
watgpu608:255302:255511 [2] NCCL INFO  1 : GPU/0 GPU/1 GPU/2 GPU/3
watgpu608:255300:255509 [0] NCCL INFO Pattern 4, crossNic 0, nChannels 2, bw 12.000000/12.000000, type PHB/PIX, sameChannels 1
watgpu608:255301:255512 [1] NCCL INFO transport/p2p.cc:172 Cuda Alloc Size 2097152 pointer 0x786099400000
watgpu608:255300:255509 [0] NCCL INFO  0 : GPU/0 GPU/1 GPU/2 GPU/3
watgpu608:255300:255509 [0] NCCL INFO  1 : GPU/0 GPU/1 GPU/2 GPU/3
watgpu608:255300:255509 [0] NCCL INFO Pattern 1, crossNic 0, nChannels 2, bw 12.000000/12.000000, type PHB/PIX, sameChannels 1
watgpu608:255300:255509 [0] NCCL INFO  0 : GPU/0 GPU/1 GPU/2 GPU/3
watgpu608:255300:255509 [0] NCCL INFO  1 : GPU/0 GPU/1 GPU/2 GPU/3
watgpu608:255301:255512 [1] NCCL INFO === System : maxBw 24.0 totalBw 24.0 ===
watgpu608:255301:255512 [1] NCCL INFO CPU/0-1 (1/2/-1)
watgpu608:255301:255512 [1] NCCL INFO + PCI[5000.0] - NIC/0-0
watgpu608:255301:255512 [1] NCCL INFO + PCI[48.0] - PCI/0-81000 (1000c03015d91d24)
watgpu608:255301:255512 [1] NCCL INFO               + PCI[24.0] - GPU/0-83000 (0)
watgpu608:255301:255512 [1] NCCL INFO               + PCI[24.0] - GPU/0-84000 (1)
watgpu608:255301:255512 [1] NCCL INFO               + PCI[24.0] - GPU/0-85000 (2)
watgpu608:255301:255512 [1] NCCL INFO + PCI[48.0] - PCI/0-c1000 (1000c03015d91d24)
watgpu608:255301:255512 [1] NCCL INFO               + PCI[24.0] - GPU/0-c4000 (3)
watgpu608:255301:255512 [1] NCCL INFO ==========================================
watgpu608:255301:255512 [1] NCCL INFO GPU/83000 :GPU/0-83000 (0/5000.0/LOC) GPU/0-84000 (2/24.0/PIX) GPU/0-85000 (2/24.0/PIX) GPU/0-c4000 (4/24.0/PHB) CPU/0-1 (2/24.0/PHB) 
watgpu608:255301:255512 [1] NCCL INFO GPU/84000 :GPU/0-83000 (2/24.0/PIX) GPU/0-84000 (0/5000.0/LOC) GPU/0-85000 (2/24.0/PIX) GPU/0-c4000 (4/24.0/PHB) CPU/0-1 (2/24.0/PHB) 
watgpu608:255301:255512 [1] NCCL INFO GPU/85000 :GPU/0-83000 (2/24.0/PIX) GPU/0-84000 (2/24.0/PIX) GPU/0-85000 (0/5000.0/LOC) GPU/0-c4000 (4/24.0/PHB) CPU/0-1 (2/24.0/PHB) 
watgpu608:255301:255512 [1] NCCL INFO GPU/C4000 :GPU/0-83000 (4/24.0/PHB) GPU/0-84000 (4/24.0/PHB) GPU/0-85000 (4/24.0/PHB) GPU/0-c4000 (0/5000.0/LOC) CPU/0-1 (2/24.0/PHB) 
watgpu608:255301:255512 [1] NCCL INFO Setting affinity for GPU 1 to ffffffff,00000000,fffffffe,00000000
watgpu608:255301:255512 [1] NCCL INFO Pattern 4, crossNic 0, nChannels 2, bw 12.000000/12.000000, type PHB/PIX, sameChannels 1
watgpu608:255301:255512 [1] NCCL INFO  0 : GPU/0 GPU/1 GPU/2 GPU/3
watgpu608:255301:255512 [1] NCCL INFO  1 : GPU/0 GPU/1 GPU/2 GPU/3
watgpu608:255301:255512 [1] NCCL INFO Pattern 1, crossNic 0, nChannels 2, bw 12.000000/12.000000, type PHB/PIX, sameChannels 1
watgpu608:255301:255512 [1] NCCL INFO  0 : GPU/0 GPU/1 GPU/2 GPU/3
watgpu608:255301:255512 [1] NCCL INFO  1 : GPU/0 GPU/1 GPU/2 GPU/3
watgpu608:255300:255509 [0] NCCL INFO comm 0x293ccf70 rank 0 nRanks 4 nNodes 1 localRanks 4 localRank 0 MNNVL 0
watgpu608:255303:255510 [3] NCCL INFO comm 0x2318d1c0 rank 3 nRanks 4 nNodes 1 localRanks 4 localRank 3 MNNVL 0
watgpu608:255301:255512 [1] NCCL INFO comm 0x21aa28f0 rank 1 nRanks 4 nNodes 1 localRanks 4 localRank 1 MNNVL 0
watgpu608:255302:255511 [2] NCCL INFO comm 0x2f7d5790 rank 2 nRanks 4 nNodes 1 localRanks 4 localRank 2 MNNVL 0
watgpu608:255300:255509 [0] NCCL INFO Tree 0 : -1 -> 0 -> 1/-1/-1
watgpu608:255303:255510 [3] NCCL INFO NCCL_MAX_NCHANNELS set by environment to 16.
watgpu608:255301:255512 [1] NCCL INFO Tree 0 : 0 -> 1 -> 2/-1/-1
watgpu608:255300:255509 [0] NCCL INFO Tree 2 : -1 -> 0 -> 1/-1/-1
watgpu608:255303:255510 [3] NCCL INFO NCCL_MIN_NCHANNELS set by environment to 8.
watgpu608:255301:255512 [1] NCCL INFO Tree 2 : 0 -> 1 -> 2/-1/-1
watgpu608:255300:255509 [0] NCCL INFO Tree 1 : -1 -> 0 -> 1/-1/-1
watgpu608:255303:255510 [3] NCCL INFO Ring 00 : 2 -> 3 -> 0
watgpu608:255301:255512 [1] NCCL INFO Tree 1 : 0 -> 1 -> 2/-1/-1
watgpu608:255300:255509 [0] NCCL INFO Tree 3 : -1 -> 0 -> 1/-1/-1
watgpu608:255303:255510 [3] NCCL INFO Ring 01 : 2 -> 3 -> 0
watgpu608:255302:255511 [2] NCCL INFO NCCL_MAX_NCHANNELS set by environment to 16.
watgpu608:255301:255512 [1] NCCL INFO Tree 3 : 0 -> 1 -> 2/-1/-1
watgpu608:255300:255509 [0] NCCL INFO NCCL_MAX_NCHANNELS set by environment to 16.
watgpu608:255303:255510 [3] NCCL INFO Ring 02 : 2 -> 3 -> 0
watgpu608:255302:255511 [2] NCCL INFO NCCL_MIN_NCHANNELS set by environment to 8.
watgpu608:255301:255512 [1] NCCL INFO NCCL_MAX_NCHANNELS set by environment to 16.
watgpu608:255300:255509 [0] NCCL INFO NCCL_MIN_NCHANNELS set by environment to 8.
watgpu608:255303:255510 [3] NCCL INFO Ring 03 : 2 -> 3 -> 0
watgpu608:255302:255511 [2] NCCL INFO Ring 00 : 1 -> 2 -> 3
watgpu608:255303:255510 [3] NCCL INFO Ring 04 : 2 -> 3 -> 0
watgpu608:255301:255512 [1] NCCL INFO NCCL_MIN_NCHANNELS set by environment to 8.
watgpu608:255300:255509 [0] NCCL INFO Channel 00/08 :    0   1   2   3
watgpu608:255302:255511 [2] NCCL INFO Ring 01 : 1 -> 2 -> 3
watgpu608:255303:255510 [3] NCCL INFO Ring 05 : 2 -> 3 -> 0
watgpu608:255300:255509 [0] NCCL INFO Channel 01/08 :    0   1   2   3
watgpu608:255302:255511 [2] NCCL INFO Ring 02 : 1 -> 2 -> 3
watgpu608:255301:255512 [1] NCCL INFO Ring 00 : 0 -> 1 -> 2
watgpu608:255303:255510 [3] NCCL INFO Ring 06 : 2 -> 3 -> 0
watgpu608:255300:255509 [0] NCCL INFO Channel 02/08 :    0   1   2   3
watgpu608:255302:255511 [2] NCCL INFO Ring 03 : 1 -> 2 -> 3
watgpu608:255301:255512 [1] NCCL INFO Ring 01 : 0 -> 1 -> 2
watgpu608:255303:255510 [3] NCCL INFO Ring 07 : 2 -> 3 -> 0
watgpu608:255300:255509 [0] NCCL INFO Channel 03/08 :    0   1   2   3
watgpu608:255302:255511 [2] NCCL INFO Ring 04 : 1 -> 2 -> 3
watgpu608:255301:255512 [1] NCCL INFO Ring 02 : 0 -> 1 -> 2
watgpu608:255303:255510 [3] NCCL INFO Trees [0] -1/-1/-1->3->2 [1] -1/-1/-1->3->2 [2] -1/-1/-1->3->2 [3] -1/-1/-1->3->2 [4] -1/-1/-1->3->2 [5] -1/-1/-1->3->2 [6] -1/-1/-1->3->2 [7] -1/-1/-1->3->2
watgpu608:255300:255509 [0] NCCL INFO Channel 04/08 :    0   1   2   3
watgpu608:255302:255511 [2] NCCL INFO Ring 05 : 1 -> 2 -> 3
watgpu608:255301:255512 [1] NCCL INFO Ring 03 : 0 -> 1 -> 2
watgpu608:255303:255510 [3] NCCL INFO P2P Chunksize set to 131072
watgpu608:255301:255512 [1] NCCL INFO Ring 04 : 0 -> 1 -> 2
watgpu608:255300:255509 [0] NCCL INFO Channel 05/08 :    0   1   2   3
watgpu608:255302:255511 [2] NCCL INFO Ring 06 : 1 -> 2 -> 3
watgpu608:255301:255512 [1] NCCL INFO Ring 05 : 0 -> 1 -> 2
watgpu608:255300:255509 [0] NCCL INFO Channel 06/08 :    0   1   2   3
watgpu608:255301:255512 [1] NCCL INFO Ring 06 : 0 -> 1 -> 2
watgpu608:255302:255511 [2] NCCL INFO Ring 07 : 1 -> 2 -> 3
watgpu608:255301:255512 [1] NCCL INFO Ring 07 : 0 -> 1 -> 2
watgpu608:255300:255509 [0] NCCL INFO Channel 07/08 :    0   1   2   3
watgpu608:255302:255511 [2] NCCL INFO Trees [0] 3/-1/-1->2->1 [1] 3/-1/-1->2->1 [2] 3/-1/-1->2->1 [3] 3/-1/-1->2->1 [4] 3/-1/-1->2->1 [5] 3/-1/-1->2->1 [6] 3/-1/-1->2->1 [7] 3/-1/-1->2->1
watgpu608:255300:255509 [0] NCCL INFO Ring 00 : 3 -> 0 -> 1
watgpu608:255302:255511 [2] NCCL INFO P2P Chunksize set to 131072
watgpu608:255301:255512 [1] NCCL INFO Trees [0] 2/-1/-1->1->0 [1] 2/-1/-1->1->0 [2] 2/-1/-1->1->0 [3] 2/-1/-1->1->0 [4] 2/-1/-1->1->0 [5] 2/-1/-1->1->0 [6] 2/-1/-1->1->0 [7] 2/-1/-1->1->0
watgpu608:255300:255509 [0] NCCL INFO Ring 01 : 3 -> 0 -> 1
watgpu608:255301:255512 [1] NCCL INFO P2P Chunksize set to 131072
watgpu608:255300:255509 [0] NCCL INFO Ring 02 : 3 -> 0 -> 1
watgpu608:255300:255509 [0] NCCL INFO Ring 03 : 3 -> 0 -> 1
watgpu608:255300:255509 [0] NCCL INFO Ring 04 : 3 -> 0 -> 1
watgpu608:255300:255509 [0] NCCL INFO Ring 05 : 3 -> 0 -> 1
watgpu608:255300:255509 [0] NCCL INFO Ring 06 : 3 -> 0 -> 1
watgpu608:255300:255509 [0] NCCL INFO Ring 07 : 3 -> 0 -> 1
watgpu608:255300:255509 [0] NCCL INFO Trees [0] 1/-1/-1->0->-1 [1] 1/-1/-1->0->-1 [2] 1/-1/-1->0->-1 [3] 1/-1/-1->0->-1 [4] 1/-1/-1->0->-1 [5] 1/-1/-1->0->-1 [6] 1/-1/-1->0->-1 [7] 1/-1/-1->0->-1
watgpu608:255300:255509 [0] NCCL INFO P2P Chunksize set to 131072
watgpu608:255302:255511 [2] NCCL INFO UDS: Creating service thread comm 0x2f7d5790 rank 2
watgpu608:255303:255510 [3] NCCL INFO UDS: Creating service thread comm 0x2318d1c0 rank 3
watgpu608:255300:255509 [0] NCCL INFO UDS: Creating service thread comm 0x293ccf70 rank 0
watgpu608:255301:255512 [1] NCCL INFO UDS: Creating service thread comm 0x21aa28f0 rank 1
watgpu608:255303:255510 [3] NCCL INFO misc/utils.cc:235 memory stack hunk malloc(65536)
watgpu608:255302:255511 [2] NCCL INFO misc/utils.cc:235 memory stack hunk malloc(65536)
watgpu608:255300:255509 [0] NCCL INFO misc/utils.cc:235 memory stack hunk malloc(65536)
watgpu608:255301:255512 [1] NCCL INFO misc/utils.cc:235 memory stack hunk malloc(65536)
watgpu608:255303:255510 [3] NCCL INFO channel.cc:41 Cuda Alloc Size 2432 pointer 0x7a7b53400000
watgpu608:255303:255510 [3] NCCL INFO channel.cc:44 Cuda Alloc Size 72 pointer 0x7a7b53400a00
watgpu608:255303:255510 [3] NCCL INFO channel.cc:55 Cuda Alloc Size 16 pointer 0x7a7b53400c00
watgpu608:255302:255511 [2] NCCL INFO channel.cc:41 Cuda Alloc Size 2432 pointer 0x7a5f79400000
watgpu608:255303:255510 [3] NCCL INFO channel.cc:41 Cuda Alloc Size 2432 pointer 0x7a7b53400e00
watgpu608:255302:255511 [2] NCCL INFO channel.cc:44 Cuda Alloc Size 72 pointer 0x7a5f79400a00
watgpu608:255303:255510 [3] NCCL INFO channel.cc:44 Cuda Alloc Size 72 pointer 0x7a7b53401800
watgpu608:255303:255510 [3] NCCL INFO channel.cc:55 Cuda Alloc Size 16 pointer 0x7a7b53401a00
watgpu608:255303:255510 [3] NCCL INFO channel.cc:41 Cuda Alloc Size 2432 pointer 0x7a7b53401c00
watgpu608:255302:255511 [2] NCCL INFO channel.cc:55 Cuda Alloc Size 16 pointer 0x7a5f79400c00
watgpu608:255300:255509 [0] NCCL INFO channel.cc:41 Cuda Alloc Size 2432 pointer 0x7017eb400000
watgpu608:255303:255510 [3] NCCL INFO channel.cc:44 Cuda Alloc Size 72 pointer 0x7a7b53402600
watgpu608:255302:255511 [2] NCCL INFO channel.cc:41 Cuda Alloc Size 2432 pointer 0x7a5f79400e00
watgpu608:255300:255509 [0] NCCL INFO channel.cc:44 Cuda Alloc Size 72 pointer 0x7017eb400a00
watgpu608:255302:255511 [2] NCCL INFO channel.cc:44 Cuda Alloc Size 72 pointer 0x7a5f79401800
watgpu608:255303:255510 [3] NCCL INFO channel.cc:55 Cuda Alloc Size 16 pointer 0x7a7b53402800
watgpu608:255303:255510 [3] NCCL INFO channel.cc:41 Cuda Alloc Size 2432 pointer 0x7a7b53402a00
watgpu608:255302:255511 [2] NCCL INFO channel.cc:55 Cuda Alloc Size 16 pointer 0x7a5f79401a00
watgpu608:255303:255510 [3] NCCL INFO channel.cc:44 Cuda Alloc Size 72 pointer 0x7a7b53403400
watgpu608:255302:255511 [2] NCCL INFO channel.cc:41 Cuda Alloc Size 2432 pointer 0x7a5f79401c00
watgpu608:255300:255509 [0] NCCL INFO channel.cc:55 Cuda Alloc Size 16 pointer 0x7017eb400c00
watgpu608:255303:255510 [3] NCCL INFO channel.cc:55 Cuda Alloc Size 16 pointer 0x7a7b53403600
watgpu608:255302:255511 [2] NCCL INFO channel.cc:44 Cuda Alloc Size 72 pointer 0x7a5f79402600
watgpu608:255303:255510 [3] NCCL INFO channel.cc:41 Cuda Alloc Size 2432 pointer 0x7a7b53403800
watgpu608:255300:255509 [0] NCCL INFO channel.cc:41 Cuda Alloc Size 2432 pointer 0x7017eb400e00
watgpu608:255303:255510 [3] NCCL INFO channel.cc:44 Cuda Alloc Size 72 pointer 0x7a7b53404200
watgpu608:255300:255509 [0] NCCL INFO channel.cc:44 Cuda Alloc Size 72 pointer 0x7017eb401800
watgpu608:255302:255511 [2] NCCL INFO channel.cc:55 Cuda Alloc Size 16 pointer 0x7a5f79402800
watgpu608:255303:255510 [3] NCCL INFO channel.cc:55 Cuda Alloc Size 16 pointer 0x7a7b53404400
watgpu608:255302:255511 [2] NCCL INFO channel.cc:41 Cuda Alloc Size 2432 pointer 0x7a5f79402a00
watgpu608:255300:255509 [0] NCCL INFO channel.cc:55 Cuda Alloc Size 16 pointer 0x7017eb401a00
watgpu608:255303:255510 [3] NCCL INFO channel.cc:41 Cuda Alloc Size 2432 pointer 0x7a7b53404600
watgpu608:255302:255511 [2] NCCL INFO channel.cc:44 Cuda Alloc Size 72 pointer 0x7a5f79403400
watgpu608:255300:255509 [0] NCCL INFO channel.cc:41 Cuda Alloc Size 2432 pointer 0x7017eb401c00
watgpu608:255303:255510 [3] NCCL INFO channel.cc:44 Cuda Alloc Size 72 pointer 0x7a7b53405000
watgpu608:255301:255512 [1] NCCL INFO channel.cc:41 Cuda Alloc Size 2432 pointer 0x786099400000
watgpu608:255300:255509 [0] NCCL INFO channel.cc:44 Cuda Alloc Size 72 pointer 0x7017eb402600
watgpu608:255302:255511 [2] NCCL INFO channel.cc:55 Cuda Alloc Size 16 pointer 0x7a5f79403600
watgpu608:255303:255510 [3] NCCL INFO channel.cc:55 Cuda Alloc Size 16 pointer 0x7a7b53405200
watgpu608:255302:255511 [2] NCCL INFO channel.cc:41 Cuda Alloc Size 2432 pointer 0x7a5f79403800
watgpu608:255300:255509 [0] NCCL INFO channel.cc:55 Cuda Alloc Size 16 pointer 0x7017eb402800
watgpu608:255303:255510 [3] NCCL INFO channel.cc:41 Cuda Alloc Size 2432 pointer 0x7a7b53405400
watgpu608:255301:255512 [1] NCCL INFO channel.cc:44 Cuda Alloc Size 72 pointer 0x786099400a00
watgpu608:255302:255511 [2] NCCL INFO channel.cc:44 Cuda Alloc Size 72 pointer 0x7a5f79404200
watgpu608:255300:255509 [0] NCCL INFO channel.cc:41 Cuda Alloc Size 2432 pointer 0x7017eb402a00
watgpu608:255303:255510 [3] NCCL INFO channel.cc:44 Cuda Alloc Size 72 pointer 0x7a7b53405e00
watgpu608:255300:255509 [0] NCCL INFO channel.cc:44 Cuda Alloc Size 72 pointer 0x7017eb403400
watgpu608:255302:255511 [2] NCCL INFO channel.cc:55 Cuda Alloc Size 16 pointer 0x7a5f79404400
watgpu608:255303:255510 [3] NCCL INFO channel.cc:55 Cuda Alloc Size 16 pointer 0x7a7b53406000
watgpu608:255302:255511 [2] NCCL INFO channel.cc:41 Cuda Alloc Size 2432 pointer 0x7a5f79404600
watgpu608:255300:255509 [0] NCCL INFO channel.cc:55 Cuda Alloc Size 16 pointer 0x7017eb403600
watgpu608:255303:255510 [3] NCCL INFO channel.cc:41 Cuda Alloc Size 2432 pointer 0x7a7b53406200
watgpu608:255302:255511 [2] NCCL INFO channel.cc:44 Cuda Alloc Size 72 pointer 0x7a5f79405000
watgpu608:255300:255509 [0] NCCL INFO channel.cc:41 Cuda Alloc Size 2432 pointer 0x7017eb403800
watgpu608:255303:255510 [3] NCCL INFO channel.cc:44 Cuda Alloc Size 72 pointer 0x7a7b53406c00
watgpu608:255301:255512 [1] NCCL INFO channel.cc:55 Cuda Alloc Size 16 pointer 0x786099400c00
watgpu608:255300:255509 [0] NCCL INFO channel.cc:44 Cuda Alloc Size 72 pointer 0x7017eb404200
watgpu608:255302:255511 [2] NCCL INFO channel.cc:55 Cuda Alloc Size 16 pointer 0x7a5f79405200
watgpu608:255303:255510 [3] NCCL INFO channel.cc:55 Cuda Alloc Size 16 pointer 0x7a7b53406e00
watgpu608:255302:255511 [2] NCCL INFO channel.cc:41 Cuda Alloc Size 2432 pointer 0x7a5f79405400
watgpu608:255300:255509 [0] NCCL INFO channel.cc:55 Cuda Alloc Size 16 pointer 0x7017eb404400
watgpu608:255301:255512 [1] NCCL INFO channel.cc:41 Cuda Alloc Size 2432 pointer 0x786099400e00
watgpu608:255302:255511 [2] NCCL INFO channel.cc:44 Cuda Alloc Size 72 pointer 0x7a5f79405e00
watgpu608:255300:255509 [0] NCCL INFO channel.cc:41 Cuda Alloc Size 2432 pointer 0x7017eb404600
watgpu608:255301:255512 [1] NCCL INFO channel.cc:44 Cuda Alloc Size 72 pointer 0x786099401800
watgpu608:255300:255509 [0] NCCL INFO channel.cc:44 Cuda Alloc Size 72 pointer 0x7017eb405000
watgpu608:255302:255511 [2] NCCL INFO channel.cc:55 Cuda Alloc Size 16 pointer 0x7a5f79406000
watgpu608:255302:255511 [2] NCCL INFO channel.cc:41 Cuda Alloc Size 2432 pointer 0x7a5f79406200
watgpu608:255300:255509 [0] NCCL INFO channel.cc:55 Cuda Alloc Size 16 pointer 0x7017eb405200
watgpu608:255301:255512 [1] NCCL INFO channel.cc:55 Cuda Alloc Size 16 pointer 0x786099401a00
watgpu608:255302:255511 [2] NCCL INFO channel.cc:44 Cuda Alloc Size 72 pointer 0x7a5f79406c00
watgpu608:255300:255509 [0] NCCL INFO channel.cc:41 Cuda Alloc Size 2432 pointer 0x7017eb405400
watgpu608:255300:255509 [0] NCCL INFO channel.cc:44 Cuda Alloc Size 72 pointer 0x7017eb405e00
watgpu608:255301:255512 [1] NCCL INFO channel.cc:41 Cuda Alloc Size 2432 pointer 0x786099401c00
watgpu608:255302:255511 [2] NCCL INFO channel.cc:55 Cuda Alloc Size 16 pointer 0x7a5f79406e00
watgpu608:255300:255509 [0] NCCL INFO channel.cc:55 Cuda Alloc Size 16 pointer 0x7017eb406000
watgpu608:255301:255512 [1] NCCL INFO channel.cc:44 Cuda Alloc Size 72 pointer 0x786099402600
watgpu608:255300:255509 [0] NCCL INFO channel.cc:41 Cuda Alloc Size 2432 pointer 0x7017eb406200
watgpu608:255300:255509 [0] NCCL INFO channel.cc:44 Cuda Alloc Size 72 pointer 0x7017eb406c00
watgpu608:255301:255512 [1] NCCL INFO channel.cc:55 Cuda Alloc Size 16 pointer 0x786099402800
watgpu608:255300:255509 [0] NCCL INFO channel.cc:55 Cuda Alloc Size 16 pointer 0x7017eb406e00
watgpu608:255301:255512 [1] NCCL INFO channel.cc:41 Cuda Alloc Size 2432 pointer 0x786099402a00
watgpu608:255301:255512 [1] NCCL INFO channel.cc:44 Cuda Alloc Size 72 pointer 0x786099403400
watgpu608:255303:255513 [3] NCCL INFO Mem Realloc old size 0, new size 8 pointer 0x7a7b2c001300
watgpu608:255301:255512 [1] NCCL INFO channel.cc:55 Cuda Alloc Size 16 pointer 0x786099403600
watgpu608:255303:255513 [3] NCCL INFO New proxy recv connection 0 from local rank 3, transport 0
watgpu608:255303:255513 [3] NCCL INFO proxyProgressAsync opId=0x7a7b34003810 op.type=1 op.reqBuff=0x7a7b2c0012c0 op.respSize=16 done
watgpu608:255301:255512 [1] NCCL INFO channel.cc:41 Cuda Alloc Size 2432 pointer 0x786099403800
watgpu608:255301:255512 [1] NCCL INFO channel.cc:44 Cuda Alloc Size 72 pointer 0x786099404200
watgpu608:255303:255510 [3] NCCL INFO ncclPollProxyResponse Received new opId=0x7a7b34003810
watgpu608:255303:255510 [3] NCCL INFO resp.opId=0x7a7b34003810 matches expected opId=0x7a7b34003810
watgpu608:255303:255513 [3] NCCL INFO Received and initiated operation=Init res=0
watgpu608:255303:255510 [3] NCCL INFO Connected to proxy localRank 3 -> connection 0x7a7b2c001320
watgpu608:255301:255512 [1] NCCL INFO channel.cc:55 Cuda Alloc Size 16 pointer 0x786099404400
watgpu608:255301:255512 [1] NCCL INFO channel.cc:41 Cuda Alloc Size 2432 pointer 0x786099404600
watgpu608:255301:255512 [1] NCCL INFO channel.cc:44 Cuda Alloc Size 72 pointer 0x786099405000
watgpu608:255302:255514 [2] NCCL INFO Mem Realloc old size 0, new size 8 pointer 0x7a5f54001300
watgpu608:255301:255512 [1] NCCL INFO channel.cc:55 Cuda Alloc Size 16 pointer 0x786099405200
watgpu608:255302:255514 [2] NCCL INFO New proxy recv connection 0 from local rank 2, transport 0
watgpu608:255301:255512 [1] NCCL INFO channel.cc:41 Cuda Alloc Size 2432 pointer 0x786099405400
watgpu608:255302:255514 [2] NCCL INFO proxyProgressAsync opId=0x7a5f5c003810 op.type=1 op.reqBuff=0x7a5f540012c0 op.respSize=16 done
watgpu608:255301:255512 [1] NCCL INFO channel.cc:44 Cuda Alloc Size 72 pointer 0x786099405e00
watgpu608:255302:255511 [2] NCCL INFO ncclPollProxyResponse Received new opId=0x7a5f5c003810
watgpu608:255301:255512 [1] NCCL INFO channel.cc:55 Cuda Alloc Size 16 pointer 0x786099406000
watgpu608:255302:255511 [2] NCCL INFO resp.opId=0x7a5f5c003810 matches expected opId=0x7a5f5c003810
watgpu608:255302:255514 [2] NCCL INFO Received and initiated operation=Init res=0
watgpu608:255301:255512 [1] NCCL INFO channel.cc:41 Cuda Alloc Size 2432 pointer 0x786099406200
watgpu608:255301:255512 [1] NCCL INFO channel.cc:44 Cuda Alloc Size 72 pointer 0x786099406c00
watgpu608:255302:255511 [2] NCCL INFO Connected to proxy localRank 2 -> connection 0x7a5f54001320
watgpu608:255300:255515 [0] NCCL INFO Mem Realloc old size 0, new size 8 pointer 0x7017f4001430
watgpu608:255301:255512 [1] NCCL INFO channel.cc:55 Cuda Alloc Size 16 pointer 0x786099406e00
watgpu608:255300:255515 [0] NCCL INFO New proxy recv connection 0 from local rank 0, transport 0
watgpu608:255300:255515 [0] NCCL INFO proxyProgressAsync opId=0x7017cc003810 op.type=1 op.reqBuff=0x7017f40013f0 op.respSize=16 done
watgpu608:255300:255509 [0] NCCL INFO ncclPollProxyResponse Received new opId=0x7017cc003810
watgpu608:255300:255509 [0] NCCL INFO resp.opId=0x7017cc003810 matches expected opId=0x7017cc003810
watgpu608:255300:255509 [0] NCCL INFO Connected to proxy localRank 0 -> connection 0x7017f4001450
watgpu608:255300:255515 [0] NCCL INFO Received and initiated operation=Init res=0
watgpu608:255303:255513 [3] NCCL INFO transport/p2p.cc:218 Cuda Alloc Size 10485760 pointer 0x7a7b53600000
watgpu608:255303:255513 [3] NCCL INFO Allocated shareable buffer 0x7a7b53600000 size 10485760 ipcDesc 0x7a7b2c004f60
watgpu608:255303:255513 [3] NCCL INFO proxyProgressAsync opId=0x7a7b34003810 op.type=3 op.reqBuff=0x7a7b2c004f30 op.respSize=80 done
watgpu608:255303:255510 [3] NCCL INFO ncclPollProxyResponse Received new opId=0x7a7b34003810
watgpu608:255303:255513 [3] NCCL INFO Received and initiated operation=Setup res=0
watgpu608:255303:255510 [3] NCCL INFO resp.opId=0x7a7b34003810 matches expected opId=0x7a7b34003810
watgpu608:255301:255516 [1] NCCL INFO Mem Realloc old size 0, new size 8 pointer 0x786074001300
watgpu608:255303:255513 [3] NCCL INFO New proxy recv connection 1 from local rank 3, transport 0
watgpu608:255303:255513 [3] NCCL INFO proxyProgressAsync opId=0x7a7b34003810 op.type=1 op.reqBuff=0x7a7b2c005b60 op.respSize=16 done
watgpu608:255301:255516 [1] NCCL INFO New proxy recv connection 0 from local rank 1, transport 0
watgpu608:255303:255510 [3] NCCL INFO ncclPollProxyResponse Received new opId=0x7a7b34003810
watgpu608:255301:255516 [1] NCCL INFO proxyProgressAsync opId=0x78607c003810 op.type=1 op.reqBuff=0x7860740012c0 op.respSize=16 done
watgpu608:255303:255513 [3] NCCL INFO Received and initiated operation=Init res=0
watgpu608:255303:255510 [3] NCCL INFO resp.opId=0x7a7b34003810 matches expected opId=0x7a7b34003810
watgpu608:255303:255510 [3] NCCL INFO Connected to proxy localRank 3 -> connection 0x7a7b2c001398
watgpu608:255301:255512 [1] NCCL INFO ncclPollProxyResponse Received new opId=0x78607c003810
watgpu608:255301:255516 [1] NCCL INFO Received and initiated operation=Init res=0
watgpu608:255301:255512 [1] NCCL INFO resp.opId=0x78607c003810 matches expected opId=0x78607c003810
watgpu608:255301:255512 [1] NCCL INFO Connected to proxy localRank 1 -> connection 0x786074001320
watgpu608:255302:255514 [2] NCCL INFO transport/p2p.cc:218 Cuda Alloc Size 10485760 pointer 0x7a5f79600000
watgpu608:255302:255514 [2] NCCL INFO Allocated shareable buffer 0x7a5f79600000 size 10485760 ipcDesc 0x7a5f54004f60
watgpu608:255302:255514 [2] NCCL INFO proxyProgressAsync opId=0x7a5f5c003810 op.type=3 op.reqBuff=0x7a5f54004f30 op.respSize=80 done
watgpu608:255302:255511 [2] NCCL INFO ncclPollProxyResponse Received new opId=0x7a5f5c003810
watgpu608:255302:255514 [2] NCCL INFO Received and initiated operation=Setup res=0
watgpu608:255302:255511 [2] NCCL INFO resp.opId=0x7a5f5c003810 matches expected opId=0x7a5f5c003810
watgpu608:255302:255514 [2] NCCL INFO New proxy recv connection 1 from local rank 2, transport 0
watgpu608:255302:255514 [2] NCCL INFO proxyProgressAsync opId=0x7a5f5c003810 op.type=1 op.reqBuff=0x7a5f54005b60 op.respSize=16 done
watgpu608:255302:255511 [2] NCCL INFO ncclPollProxyResponse Received new opId=0x7a5f5c003810
watgpu608:255302:255514 [2] NCCL INFO Received and initiated operation=Init res=0
watgpu608:255302:255511 [2] NCCL INFO resp.opId=0x7a5f5c003810 matches expected opId=0x7a5f5c003810
watgpu608:255302:255511 [2] NCCL INFO Connected to proxy localRank 2 -> connection 0x7a5f54001398
watgpu608:255303:255513 [3] NCCL INFO transport/p2p.cc:218 Cuda Alloc Size 10485760 pointer 0x7a7b54600000
watgpu608:255303:255513 [3] NCCL INFO Allocated shareable buffer 0x7a7b54600000 size 10485760 ipcDesc 0x7a7b2c005bd0
watgpu608:255303:255513 [3] NCCL INFO proxyProgressAsync opId=0x7a7b34003810 op.type=3 op.reqBuff=0x7a7b2c005ba0 op.respSize=80 done
watgpu608:255303:255510 [3] NCCL INFO ncclPollProxyResponse Received new opId=0x7a7b34003810
watgpu608:255303:255513 [3] NCCL INFO Received and initiated operation=Setup res=0
watgpu608:255300:255515 [0] NCCL INFO transport/p2p.cc:218 Cuda Alloc Size 10485760 pointer 0x7017eb600000
watgpu608:255303:255510 [3] NCCL INFO resp.opId=0x7a7b34003810 matches expected opId=0x7a7b34003810
watgpu608:255303:255513 [3] NCCL INFO New proxy recv connection 2 from local rank 3, transport 0
watgpu608:255303:255513 [3] NCCL INFO proxyProgressAsync opId=0x7a7b34003810 op.type=1 op.reqBuff=0x7a7b2c006a00 op.respSize=16 done
watgpu608:255303:255510 [3] NCCL INFO ncclPollProxyResponse Received new opId=0x7a7b34003810
watgpu608:255300:255515 [0] NCCL INFO Allocated shareable buffer 0x7017eb600000 size 10485760 ipcDesc 0x7017f4000ba0
watgpu608:255300:255515 [0] NCCL INFO proxyProgressAsync opId=0x7017cc003810 op.type=3 op.reqBuff=0x7017f4000b70 op.respSize=80 done
watgpu608:255303:255513 [3] NCCL INFO Received and initiated operation=Init res=0
watgpu608:255303:255510 [3] NCCL INFO resp.opId=0x7a7b34003810 matches expected opId=0x7a7b34003810
watgpu608:255303:255510 [3] NCCL INFO Connected to proxy localRank 3 -> connection 0x7a7b2c001410
watgpu608:255300:255509 [0] NCCL INFO ncclPollProxyResponse Received new opId=0x7017cc003810
watgpu608:255300:255515 [0] NCCL INFO Received and initiated operation=Setup res=0
watgpu608:255300:255509 [0] NCCL INFO resp.opId=0x7017cc003810 matches expected opId=0x7017cc003810
watgpu608:255301:255516 [1] NCCL INFO transport/p2p.cc:218 Cuda Alloc Size 10485760 pointer 0x786099600000
watgpu608:255300:255515 [0] NCCL INFO New proxy recv connection 1 from local rank 0, transport 0
watgpu608:255300:255515 [0] NCCL INFO proxyProgressAsync opId=0x7017cc003810 op.type=1 op.reqBuff=0x7017f4005b70 op.respSize=16 done
watgpu608:255301:255516 [1] NCCL INFO Allocated shareable buffer 0x786099600000 size 10485760 ipcDesc 0x786074004f60
watgpu608:255300:255509 [0] NCCL INFO ncclPollProxyResponse Received new opId=0x7017cc003810
watgpu608:255301:255516 [1] NCCL INFO proxyProgressAsync opId=0x78607c003810 op.type=3 op.reqBuff=0x786074004f30 op.respSize=80 done
watgpu608:255300:255515 [0] NCCL INFO Received and initiated operation=Init res=0
watgpu608:255301:255512 [1] NCCL INFO ncclPollProxyResponse Received new opId=0x78607c003810
watgpu608:255300:255509 [0] NCCL INFO resp.opId=0x7017cc003810 matches expected opId=0x7017cc003810
watgpu608:255300:255509 [0] NCCL INFO Connected to proxy localRank 0 -> connection 0x7017f40014c8
watgpu608:255301:255516 [1] NCCL INFO Received and initiated operation=Setup res=0
watgpu608:255301:255512 [1] NCCL INFO resp.opId=0x78607c003810 matches expected opId=0x78607c003810
watgpu608:255302:255514 [2] NCCL INFO transport/p2p.cc:218 Cuda Alloc Size 10485760 pointer 0x7a5f7a600000
watgpu608:255302:255514 [2] NCCL INFO Allocated shareable buffer 0x7a5f7a600000 size 10485760 ipcDesc 0x7a5f54005bd0
watgpu608:255302:255514 [2] NCCL INFO proxyProgressAsync opId=0x7a5f5c003810 op.type=3 op.reqBuff=0x7a5f54005ba0 op.respSize=80 done
watgpu608:255301:255516 [1] NCCL INFO New proxy recv connection 1 from local rank 1, transport 0
watgpu608:255302:255511 [2] NCCL INFO ncclPollProxyResponse Received new opId=0x7a5f5c003810
watgpu608:255301:255516 [1] NCCL INFO proxyProgressAsync opId=0x78607c003810 op.type=1 op.reqBuff=0x786074005b60 op.respSize=16 done
watgpu608:255302:255514 [2] NCCL INFO Received and initiated operation=Setup res=0
watgpu608:255301:255512 [1] NCCL INFO ncclPollProxyResponse Received new opId=0x78607c003810
watgpu608:255302:255511 [2] NCCL INFO resp.opId=0x7a5f5c003810 matches expected opId=0x7a5f5c003810
watgpu608:255301:255516 [1] NCCL INFO Received and initiated operation=Init res=0
watgpu608:255301:255512 [1] NCCL INFO resp.opId=0x78607c003810 matches expected opId=0x78607c003810
watgpu608:255301:255512 [1] NCCL INFO Connected to proxy localRank 1 -> connection 0x786074001398
watgpu608:255302:255514 [2] NCCL INFO New proxy recv connection 2 from local rank 2, transport 0
watgpu608:255302:255514 [2] NCCL INFO proxyProgressAsync opId=0x7a5f5c003810 op.type=1 op.reqBuff=0x7a5f54006a00 op.respSize=16 done
watgpu608:255302:255511 [2] NCCL INFO ncclPollProxyResponse Received new opId=0x7a5f5c003810
watgpu608:255302:255514 [2] NCCL INFO Received and initiated operation=Init res=0
watgpu608:255302:255511 [2] NCCL INFO resp.opId=0x7a5f5c003810 matches expected opId=0x7a5f5c003810
watgpu608:255302:255511 [2] NCCL INFO Connected to proxy localRank 2 -> connection 0x7a5f54001410
watgpu608:255303:255513 [3] NCCL INFO transport/p2p.cc:218 Cuda Alloc Size 10485760 pointer 0x7a7b55000000
watgpu608:255303:255513 [3] NCCL INFO Allocated shareable buffer 0x7a7b55000000 size 10485760 ipcDesc 0x7a7b2c006a50
watgpu608:255303:255513 [3] NCCL INFO proxyProgressAsync opId=0x7a7b34003810 op.type=3 op.reqBuff=0x7a7b2c006a20 op.respSize=80 done
watgpu608:255303:255510 [3] NCCL INFO ncclPollProxyResponse Received new opId=0x7a7b34003810
watgpu608:255303:255513 [3] NCCL INFO Received and initiated operation=Setup res=0
watgpu608:255303:255510 [3] NCCL INFO resp.opId=0x7a7b34003810 matches expected opId=0x7a7b34003810
watgpu608:255303:255513 [3] NCCL INFO New proxy recv connection 3 from local rank 3, transport 0
watgpu608:255303:255513 [3] NCCL INFO proxyProgressAsync opId=0x7a7b34003810 op.type=1 op.reqBuff=0x7a7b2c006a20 op.respSize=16 done
watgpu608:255303:255510 [3] NCCL INFO ncclPollProxyResponse Received new opId=0x7a7b34003810
watgpu608:255303:255513 [3] NCCL INFO Received and initiated operation=Init res=0
watgpu608:255303:255510 [3] NCCL INFO resp.opId=0x7a7b34003810 matches expected opId=0x7a7b34003810
watgpu608:255303:255510 [3] NCCL INFO Connected to proxy localRank 3 -> connection 0x7a7b2c001488
watgpu608:255302:255514 [2] NCCL INFO transport/p2p.cc:218 Cuda Alloc Size 10485760 pointer 0x7a5f7b000000
watgpu608:255300:255515 [0] NCCL INFO transport/p2p.cc:218 Cuda Alloc Size 10485760 pointer 0x7017ec600000
watgpu608:255301:255516 [1] NCCL INFO transport/p2p.cc:218 Cuda Alloc Size 10485760 pointer 0x78609a600000
watgpu608:255300:255515 [0] NCCL INFO Allocated shareable buffer 0x7017ec600000 size 10485760 ipcDesc 0x7017f4005be0
watgpu608:255300:255515 [0] NCCL INFO proxyProgressAsync opId=0x7017cc003810 op.type=3 op.reqBuff=0x7017f4005bb0 op.respSize=80 done
watgpu608:255302:255514 [2] NCCL INFO Allocated shareable buffer 0x7a5f7b000000 size 10485760 ipcDesc 0x7a5f54006a50
watgpu608:255302:255514 [2] NCCL INFO proxyProgressAsync opId=0x7a5f5c003810 op.type=3 op.reqBuff=0x7a5f54006a20 op.respSize=80 done
watgpu608:255300:255509 [0] NCCL INFO ncclPollProxyResponse Received new opId=0x7017cc003810
watgpu608:255302:255511 [2] NCCL INFO ncclPollProxyResponse Received new opId=0x7a5f5c003810
watgpu608:255300:255515 [0] NCCL INFO Received and initiated operation=Setup res=0
watgpu608:255302:255514 [2] NCCL INFO Received and initiated operation=Setup res=0
watgpu608:255301:255516 [1] NCCL INFO Allocated shareable buffer 0x78609a600000 size 10485760 ipcDesc 0x786074005bd0
watgpu608:255300:255509 [0] NCCL INFO resp.opId=0x7017cc003810 matches expected opId=0x7017cc003810
watgpu608:255301:255516 [1] NCCL INFO proxyProgressAsync opId=0x78607c003810 op.type=3 op.reqBuff=0x786074005ba0 op.respSize=80 done
watgpu608:255302:255511 [2] NCCL INFO resp.opId=0x7a5f5c003810 matches expected opId=0x7a5f5c003810
watgpu608:255301:255512 [1] NCCL INFO ncclPollProxyResponse Received new opId=0x78607c003810
watgpu608:255301:255516 [1] NCCL INFO Received and initiated operation=Setup res=0
watgpu608:255301:255512 [1] NCCL INFO resp.opId=0x78607c003810 matches expected opId=0x78607c003810
