watgpu608:255300:255515 [0] NCCL INFO New proxy recv connection 2 from local rank 0, transport 0
watgpu608:255302:255514 [2] NCCL INFO New proxy recv connection 3 from local rank 2, transport 0
watgpu608:255300:255515 [0] NCCL INFO proxyProgressAsync opId=0x7017cc003810 op.type=1 op.reqBuff=0x7017f4006a10 op.respSize=16 done
watgpu608:255302:255514 [2] NCCL INFO proxyProgressAsync opId=0x7a5f5c003810 op.type=1 op.reqBuff=0x7a5f54006a20 op.respSize=16 done
watgpu608:255300:255509 [0] NCCL INFO ncclPollProxyResponse Received new opId=0x7017cc003810
watgpu608:255302:255511 [2] NCCL INFO ncclPollProxyResponse Received new opId=0x7a5f5c003810
watgpu608:255300:255515 [0] NCCL INFO Received and initiated operation=Init res=0
watgpu608:255302:255514 [2] NCCL INFO Received and initiated operation=Init res=0
watgpu608:255300:255509 [0] NCCL INFO resp.opId=0x7017cc003810 matches expected opId=0x7017cc003810
watgpu608:255302:255511 [2] NCCL INFO resp.opId=0x7a5f5c003810 matches expected opId=0x7a5f5c003810
watgpu608:255300:255509 [0] NCCL INFO Connected to proxy localRank 0 -> connection 0x7017f4001540
watgpu608:255301:255516 [1] NCCL INFO New proxy recv connection 2 from local rank 1, transport 0
watgpu608:255302:255511 [2] NCCL INFO Connected to proxy localRank 2 -> connection 0x7a5f54001488
watgpu608:255301:255516 [1] NCCL INFO proxyProgressAsync opId=0x78607c003810 op.type=1 op.reqBuff=0x786074006a00 op.respSize=16 done
watgpu608:255301:255512 [1] NCCL INFO ncclPollProxyResponse Received new opId=0x78607c003810
watgpu608:255301:255516 [1] NCCL INFO Received and initiated operation=Init res=0
watgpu608:255301:255512 [1] NCCL INFO resp.opId=0x78607c003810 matches expected opId=0x78607c003810
watgpu608:255301:255512 [1] NCCL INFO Connected to proxy localRank 1 -> connection 0x786074001410
watgpu608:255303:255513 [3] NCCL INFO transport/p2p.cc:218 Cuda Alloc Size 10485760 pointer 0x7a7b5e000000
watgpu608:255303:255513 [3] NCCL INFO Allocated shareable buffer 0x7a7b5e000000 size 10485760 ipcDesc 0x7a7b2c007770
watgpu608:255303:255513 [3] NCCL INFO proxyProgressAsync opId=0x7a7b34003810 op.type=3 op.reqBuff=0x7a7b2c007740 op.respSize=80 done
watgpu608:255303:255510 [3] NCCL INFO ncclPollProxyResponse Received new opId=0x7a7b34003810
watgpu608:255303:255513 [3] NCCL INFO Received and initiated operation=Setup res=0
watgpu608:255303:255510 [3] NCCL INFO resp.opId=0x7a7b34003810 matches expected opId=0x7a7b34003810
watgpu608:255303:255513 [3] NCCL INFO New proxy recv connection 4 from local rank 3, transport 0
watgpu608:255303:255513 [3] NCCL INFO proxyProgressAsync opId=0x7a7b34003810 op.type=1 op.reqBuff=0x7a7b2c007740 op.respSize=16 done
watgpu608:255303:255510 [3] NCCL INFO ncclPollProxyResponse Received new opId=0x7a7b34003810
watgpu608:255303:255513 [3] NCCL INFO Received and initiated operation=Init res=0
watgpu608:255303:255510 [3] NCCL INFO resp.opId=0x7a7b34003810 matches expected opId=0x7a7b34003810
watgpu608:255303:255510 [3] NCCL INFO Connected to proxy localRank 3 -> connection 0x7a7b2c001500
watgpu608:255301:255516 [1] NCCL INFO transport/p2p.cc:218 Cuda Alloc Size 10485760 pointer 0x78609b000000
watgpu608:255302:255514 [2] NCCL INFO transport/p2p.cc:218 Cuda Alloc Size 10485760 pointer 0x7a5f84000000
watgpu608:255302:255514 [2] NCCL INFO Allocated shareable buffer 0x7a5f84000000 size 10485760 ipcDesc 0x7a5f54007770
watgpu608:255300:255515 [0] NCCL INFO transport/p2p.cc:218 Cuda Alloc Size 10485760 pointer 0x7017ed000000
watgpu608:255301:255516 [1] NCCL INFO Allocated shareable buffer 0x78609b000000 size 10485760 ipcDesc 0x786074006a50
watgpu608:255302:255514 [2] NCCL INFO proxyProgressAsync opId=0x7a5f5c003810 op.type=3 op.reqBuff=0x7a5f54007740 op.respSize=80 done
watgpu608:255301:255516 [1] NCCL INFO proxyProgressAsync opId=0x78607c003810 op.type=3 op.reqBuff=0x786074006a20 op.respSize=80 done
watgpu608:255301:255512 [1] NCCL INFO ncclPollProxyResponse Received new opId=0x78607c003810
watgpu608:255302:255511 [2] NCCL INFO ncclPollProxyResponse Received new opId=0x7a5f5c003810
watgpu608:255301:255516 [1] NCCL INFO Received and initiated operation=Setup res=0
watgpu608:255302:255514 [2] NCCL INFO Received and initiated operation=Setup res=0
watgpu608:255301:255512 [1] NCCL INFO resp.opId=0x78607c003810 matches expected opId=0x78607c003810
watgpu608:255300:255515 [0] NCCL INFO Allocated shareable buffer 0x7017ed000000 size 10485760 ipcDesc 0x7017f4006a60
watgpu608:255302:255511 [2] NCCL INFO resp.opId=0x7a5f5c003810 matches expected opId=0x7a5f5c003810
watgpu608:255300:255515 [0] NCCL INFO proxyProgressAsync opId=0x7017cc003810 op.type=3 op.reqBuff=0x7017f4006a30 op.respSize=80 done
watgpu608:255300:255509 [0] NCCL INFO ncclPollProxyResponse Received new opId=0x7017cc003810
watgpu608:255300:255515 [0] NCCL INFO Received and initiated operation=Setup res=0
watgpu608:255300:255509 [0] NCCL INFO resp.opId=0x7017cc003810 matches expected opId=0x7017cc003810
watgpu608:255302:255514 [2] NCCL INFO New proxy recv connection 4 from local rank 2, transport 0
watgpu608:255301:255516 [1] NCCL INFO New proxy recv connection 3 from local rank 1, transport 0
watgpu608:255302:255514 [2] NCCL INFO proxyProgressAsync opId=0x7a5f5c003810 op.type=1 op.reqBuff=0x7a5f54007740 op.respSize=16 done
watgpu608:255301:255516 [1] NCCL INFO proxyProgressAsync opId=0x78607c003810 op.type=1 op.reqBuff=0x786074006a20 op.respSize=16 done
watgpu608:255302:255511 [2] NCCL INFO ncclPollProxyResponse Received new opId=0x7a5f5c003810
watgpu608:255301:255512 [1] NCCL INFO ncclPollProxyResponse Received new opId=0x78607c003810
watgpu608:255302:255514 [2] NCCL INFO Received and initiated operation=Init res=0
watgpu608:255301:255516 [1] NCCL INFO Received and initiated operation=Init res=0
watgpu608:255301:255512 [1] NCCL INFO resp.opId=0x78607c003810 matches expected opId=0x78607c003810
watgpu608:255302:255511 [2] NCCL INFO resp.opId=0x7a5f5c003810 matches expected opId=0x7a5f5c003810
watgpu608:255301:255512 [1] NCCL INFO Connected to proxy localRank 1 -> connection 0x786074001488
watgpu608:255300:255515 [0] NCCL INFO New proxy recv connection 3 from local rank 0, transport 0
watgpu608:255302:255511 [2] NCCL INFO Connected to proxy localRank 2 -> connection 0x7a5f54001500
watgpu608:255300:255515 [0] NCCL INFO proxyProgressAsync opId=0x7017cc003810 op.type=1 op.reqBuff=0x7017f4006a30 op.respSize=16 done
watgpu608:255300:255509 [0] NCCL INFO ncclPollProxyResponse Received new opId=0x7017cc003810
watgpu608:255300:255515 [0] NCCL INFO Received and initiated operation=Init res=0
watgpu608:255300:255509 [0] NCCL INFO resp.opId=0x7017cc003810 matches expected opId=0x7017cc003810
watgpu608:255300:255509 [0] NCCL INFO Connected to proxy localRank 0 -> connection 0x7017f40015b8
watgpu608:255303:255513 [3] NCCL INFO transport/p2p.cc:218 Cuda Alloc Size 10485760 pointer 0x7a7b5ea00000
watgpu608:255303:255513 [3] NCCL INFO Allocated shareable buffer 0x7a7b5ea00000 size 10485760 ipcDesc 0x7a7b2c008650
watgpu608:255303:255513 [3] NCCL INFO proxyProgressAsync opId=0x7a7b34003810 op.type=3 op.reqBuff=0x7a7b2c008620 op.respSize=80 done
watgpu608:255303:255510 [3] NCCL INFO ncclPollProxyResponse Received new opId=0x7a7b34003810
watgpu608:255303:255513 [3] NCCL INFO Received and initiated operation=Setup res=0
watgpu608:255303:255510 [3] NCCL INFO resp.opId=0x7a7b34003810 matches expected opId=0x7a7b34003810
watgpu608:255303:255513 [3] NCCL INFO New proxy recv connection 5 from local rank 3, transport 0
watgpu608:255303:255513 [3] NCCL INFO proxyProgressAsync opId=0x7a7b34003810 op.type=1 op.reqBuff=0x7a7b2c008620 op.respSize=16 done
watgpu608:255303:255510 [3] NCCL INFO ncclPollProxyResponse Received new opId=0x7a7b34003810
watgpu608:255303:255513 [3] NCCL INFO Received and initiated operation=Init res=0
watgpu608:255303:255510 [3] NCCL INFO resp.opId=0x7a7b34003810 matches expected opId=0x7a7b34003810
watgpu608:255303:255510 [3] NCCL INFO Connected to proxy localRank 3 -> connection 0x7a7b2c001578
watgpu608:255300:255515 [0] NCCL INFO transport/p2p.cc:218 Cuda Alloc Size 10485760 pointer 0x7017fa000000
watgpu608:255301:255516 [1] NCCL INFO transport/p2p.cc:218 Cuda Alloc Size 10485760 pointer 0x7860a2000000
watgpu608:255302:255514 [2] NCCL INFO transport/p2p.cc:218 Cuda Alloc Size 10485760 pointer 0x7a5f84a00000
watgpu608:255300:255515 [0] NCCL INFO Allocated shareable buffer 0x7017fa000000 size 10485760 ipcDesc 0x7017f4007780
watgpu608:255301:255516 [1] NCCL INFO Allocated shareable buffer 0x7860a2000000 size 10485760 ipcDesc 0x786074007770
watgpu608:255300:255515 [0] NCCL INFO proxyProgressAsync opId=0x7017cc003810 op.type=3 op.reqBuff=0x7017f4007750 op.respSize=80 done
watgpu608:255301:255516 [1] NCCL INFO proxyProgressAsync opId=0x78607c003810 op.type=3 op.reqBuff=0x786074007740 op.respSize=80 done
watgpu608:255302:255514 [2] NCCL INFO Allocated shareable buffer 0x7a5f84a00000 size 10485760 ipcDesc 0x7a5f54008650
watgpu608:255302:255514 [2] NCCL INFO proxyProgressAsync opId=0x7a5f5c003810 op.type=3 op.reqBuff=0x7a5f54008620 op.respSize=80 done
watgpu608:255300:255509 [0] NCCL INFO ncclPollProxyResponse Received new opId=0x7017cc003810
watgpu608:255301:255512 [1] NCCL INFO ncclPollProxyResponse Received new opId=0x78607c003810
watgpu608:255300:255515 [0] NCCL INFO Received and initiated operation=Setup res=0
watgpu608:255301:255516 [1] NCCL INFO Received and initiated operation=Setup res=0
watgpu608:255302:255511 [2] NCCL INFO ncclPollProxyResponse Received new opId=0x7a5f5c003810
watgpu608:255300:255509 [0] NCCL INFO resp.opId=0x7017cc003810 matches expected opId=0x7017cc003810
watgpu608:255301:255512 [1] NCCL INFO resp.opId=0x78607c003810 matches expected opId=0x78607c003810
watgpu608:255302:255514 [2] NCCL INFO Received and initiated operation=Setup res=0
watgpu608:255302:255511 [2] NCCL INFO resp.opId=0x7a5f5c003810 matches expected opId=0x7a5f5c003810
watgpu608:255300:255515 [0] NCCL INFO New proxy recv connection 4 from local rank 0, transport 0
watgpu608:255300:255515 [0] NCCL INFO proxyProgressAsync opId=0x7017cc003810 op.type=1 op.reqBuff=0x7017f4007750 op.respSize=16 done
watgpu608:255301:255516 [1] NCCL INFO New proxy recv connection 4 from local rank 1, transport 0
watgpu608:255300:255509 [0] NCCL INFO ncclPollProxyResponse Received new opId=0x7017cc003810
watgpu608:255302:255514 [2] NCCL INFO New proxy recv connection 5 from local rank 2, transport 0
watgpu608:255301:255516 [1] NCCL INFO proxyProgressAsync opId=0x78607c003810 op.type=1 op.reqBuff=0x786074007740 op.respSize=16 done
watgpu608:255300:255515 [0] NCCL INFO Received and initiated operation=Init res=0
watgpu608:255302:255514 [2] NCCL INFO proxyProgressAsync opId=0x7a5f5c003810 op.type=1 op.reqBuff=0x7a5f54008620 op.respSize=16 done
watgpu608:255301:255512 [1] NCCL INFO ncclPollProxyResponse Received new opId=0x78607c003810
watgpu608:255300:255509 [0] NCCL INFO resp.opId=0x7017cc003810 matches expected opId=0x7017cc003810
watgpu608:255301:255516 [1] NCCL INFO Received and initiated operation=Init res=0
watgpu608:255300:255509 [0] NCCL INFO Connected to proxy localRank 0 -> connection 0x7017f4001630
watgpu608:255302:255511 [2] NCCL INFO ncclPollProxyResponse Received new opId=0x7a5f5c003810
watgpu608:255303:255513 [3] NCCL INFO transport/p2p.cc:218 Cuda Alloc Size 10485760 pointer 0x7a7b5f400000
watgpu608:255301:255512 [1] NCCL INFO resp.opId=0x78607c003810 matches expected opId=0x78607c003810
watgpu608:255302:255514 [2] NCCL INFO Received and initiated operation=Init res=0
watgpu608:255301:255512 [1] NCCL INFO Connected to proxy localRank 1 -> connection 0x786074001500
watgpu608:255303:255513 [3] NCCL INFO Allocated shareable buffer 0x7a7b5f400000 size 10485760 ipcDesc 0x7a7b2c009350
watgpu608:255302:255511 [2] NCCL INFO resp.opId=0x7a5f5c003810 matches expected opId=0x7a5f5c003810
watgpu608:255303:255513 [3] NCCL INFO proxyProgressAsync opId=0x7a7b34003810 op.type=3 op.reqBuff=0x7a7b2c009320 op.respSize=80 done
watgpu608:255302:255511 [2] NCCL INFO Connected to proxy localRank 2 -> connection 0x7a5f54001578
watgpu608:255303:255510 [3] NCCL INFO ncclPollProxyResponse Received new opId=0x7a7b34003810
watgpu608:255303:255513 [3] NCCL INFO Received and initiated operation=Setup res=0
watgpu608:255303:255510 [3] NCCL INFO resp.opId=0x7a7b34003810 matches expected opId=0x7a7b34003810
watgpu608:255303:255513 [3] NCCL INFO New proxy recv connection 6 from local rank 3, transport 0
watgpu608:255303:255513 [3] NCCL INFO proxyProgressAsync opId=0x7a7b34003810 op.type=1 op.reqBuff=0x7a7b2c009320 op.respSize=16 done
watgpu608:255303:255510 [3] NCCL INFO ncclPollProxyResponse Received new opId=0x7a7b34003810
watgpu608:255303:255513 [3] NCCL INFO Received and initiated operation=Init res=0
watgpu608:255303:255510 [3] NCCL INFO resp.opId=0x7a7b34003810 matches expected opId=0x7a7b34003810
watgpu608:255303:255510 [3] NCCL INFO Connected to proxy localRank 3 -> connection 0x7a7b2c0015f0
watgpu608:255301:255516 [1] NCCL INFO transport/p2p.cc:218 Cuda Alloc Size 10485760 pointer 0x7860a2a00000
watgpu608:255300:255515 [0] NCCL INFO transport/p2p.cc:218 Cuda Alloc Size 10485760 pointer 0x7017faa00000
watgpu608:255302:255514 [2] NCCL INFO transport/p2p.cc:218 Cuda Alloc Size 10485760 pointer 0x7a5f85400000
watgpu608:255300:255515 [0] NCCL INFO Allocated shareable buffer 0x7017faa00000 size 10485760 ipcDesc 0x7017f4008660
watgpu608:255300:255515 [0] NCCL INFO proxyProgressAsync opId=0x7017cc003810 op.type=3 op.reqBuff=0x7017f4008630 op.respSize=80 done
watgpu608:255300:255509 [0] NCCL INFO ncclPollProxyResponse Received new opId=0x7017cc003810
watgpu608:255300:255515 [0] NCCL INFO Received and initiated operation=Setup res=0
watgpu608:255301:255516 [1] NCCL INFO Allocated shareable buffer 0x7860a2a00000 size 10485760 ipcDesc 0x786074008650
watgpu608:255301:255516 [1] NCCL INFO proxyProgressAsync opId=0x78607c003810 op.type=3 op.reqBuff=0x786074008620 op.respSize=80 done
watgpu608:255300:255509 [0] NCCL INFO resp.opId=0x7017cc003810 matches expected opId=0x7017cc003810
watgpu608:255301:255512 [1] NCCL INFO ncclPollProxyResponse Received new opId=0x78607c003810
watgpu608:255302:255514 [2] NCCL INFO Allocated shareable buffer 0x7a5f85400000 size 10485760 ipcDesc 0x7a5f54009350
watgpu608:255301:255516 [1] NCCL INFO Received and initiated operation=Setup res=0
watgpu608:255302:255514 [2] NCCL INFO proxyProgressAsync opId=0x7a5f5c003810 op.type=3 op.reqBuff=0x7a5f54009320 op.respSize=80 done
watgpu608:255301:255512 [1] NCCL INFO resp.opId=0x78607c003810 matches expected opId=0x78607c003810
watgpu608:255303:255513 [3] NCCL INFO transport/p2p.cc:218 Cuda Alloc Size 10485760 pointer 0x7a7b5fe00000
watgpu608:255302:255511 [2] NCCL INFO ncclPollProxyResponse Received new opId=0x7a5f5c003810
watgpu608:255300:255515 [0] NCCL INFO New proxy recv connection 5 from local rank 0, transport 0
watgpu608:255302:255514 [2] NCCL INFO Received and initiated operation=Setup res=0
watgpu608:255300:255515 [0] NCCL INFO proxyProgressAsync opId=0x7017cc003810 op.type=1 op.reqBuff=0x7017f4008630 op.respSize=16 done
watgpu608:255303:255513 [3] NCCL INFO Allocated shareable buffer 0x7a7b5fe00000 size 10485760 ipcDesc 0x7a7b2c00a050
watgpu608:255302:255511 [2] NCCL INFO resp.opId=0x7a5f5c003810 matches expected opId=0x7a5f5c003810
watgpu608:255303:255513 [3] NCCL INFO proxyProgressAsync opId=0x7a7b34003810 op.type=3 op.reqBuff=0x7a7b2c00a020 op.respSize=80 done
watgpu608:255300:255509 [0] NCCL INFO ncclPollProxyResponse Received new opId=0x7017cc003810
watgpu608:255300:255515 [0] NCCL INFO Received and initiated operation=Init res=0
watgpu608:255303:255510 [3] NCCL INFO ncclPollProxyResponse Received new opId=0x7a7b34003810
watgpu608:255301:255516 [1] NCCL INFO New proxy recv connection 5 from local rank 1, transport 0
watgpu608:255301:255516 [1] NCCL INFO proxyProgressAsync opId=0x78607c003810 op.type=1 op.reqBuff=0x786074008620 op.respSize=16 done
watgpu608:255300:255509 [0] NCCL INFO resp.opId=0x7017cc003810 matches expected opId=0x7017cc003810
watgpu608:255300:255509 [0] NCCL INFO Connected to proxy localRank 0 -> connection 0x7017f40016a8
watgpu608:255301:255512 [1] NCCL INFO ncclPollProxyResponse Received new opId=0x78607c003810
watgpu608:255303:255510 [3] NCCL INFO resp.opId=0x7a7b34003810 matches expected opId=0x7a7b34003810
watgpu608:255302:255514 [2] NCCL INFO New proxy recv connection 6 from local rank 2, transport 0
watgpu608:255301:255516 [1] NCCL INFO Received and initiated operation=Init res=0
watgpu608:255302:255514 [2] NCCL INFO proxyProgressAsync opId=0x7a5f5c003810 op.type=1 op.reqBuff=0x7a5f54009320 op.respSize=16 done
watgpu608:255301:255512 [1] NCCL INFO resp.opId=0x78607c003810 matches expected opId=0x78607c003810
watgpu608:255303:255513 [3] NCCL INFO Received and initiated operation=Setup res=0
watgpu608:255301:255512 [1] NCCL INFO Connected to proxy localRank 1 -> connection 0x786074001578
watgpu608:255302:255511 [2] NCCL INFO ncclPollProxyResponse Received new opId=0x7a5f5c003810
watgpu608:255302:255514 [2] NCCL INFO Received and initiated operation=Init res=0
watgpu608:255302:255511 [2] NCCL INFO resp.opId=0x7a5f5c003810 matches expected opId=0x7a5f5c003810
watgpu608:255302:255511 [2] NCCL INFO Connected to proxy localRank 2 -> connection 0x7a5f540015f0
watgpu608:255303:255513 [3] NCCL INFO New proxy recv connection 7 from local rank 3, transport 0
watgpu608:255303:255513 [3] NCCL INFO proxyProgressAsync opId=0x7a7b34003810 op.type=1 op.reqBuff=0x7a7b2c00a020 op.respSize=16 done
watgpu608:255303:255510 [3] NCCL INFO ncclPollProxyResponse Received new opId=0x7a7b34003810
watgpu608:255303:255513 [3] NCCL INFO Received and initiated operation=Init res=0
watgpu608:255303:255510 [3] NCCL INFO resp.opId=0x7a7b34003810 matches expected opId=0x7a7b34003810
watgpu608:255303:255510 [3] NCCL INFO Connected to proxy localRank 3 -> connection 0x7a7b2c001668
watgpu608:255302:255514 [2] NCCL INFO transport/p2p.cc:218 Cuda Alloc Size 10485760 pointer 0x7a5f85e00000
watgpu608:255301:255516 [1] NCCL INFO transport/p2p.cc:218 Cuda Alloc Size 10485760 pointer 0x7860a3400000
watgpu608:255300:255515 [0] NCCL INFO transport/p2p.cc:218 Cuda Alloc Size 10485760 pointer 0x7017fb400000
watgpu608:255301:255516 [1] NCCL INFO Allocated shareable buffer 0x7860a3400000 size 10485760 ipcDesc 0x786074009350
watgpu608:255301:255516 [1] NCCL INFO proxyProgressAsync opId=0x78607c003810 op.type=3 op.reqBuff=0x786074009320 op.respSize=80 done
watgpu608:255301:255512 [1] NCCL INFO ncclPollProxyResponse Received new opId=0x78607c003810
watgpu608:255301:255516 [1] NCCL INFO Received and initiated operation=Setup res=0
watgpu608:255301:255512 [1] NCCL INFO resp.opId=0x78607c003810 matches expected opId=0x78607c003810
watgpu608:255302:255514 [2] NCCL INFO Allocated shareable buffer 0x7a5f85e00000 size 10485760 ipcDesc 0x7a5f5400a050
watgpu608:255302:255514 [2] NCCL INFO proxyProgressAsync opId=0x7a5f5c003810 op.type=3 op.reqBuff=0x7a5f5400a020 op.respSize=80 done
watgpu608:255300:255515 [0] NCCL INFO Allocated shareable buffer 0x7017fb400000 size 10485760 ipcDesc 0x7017f4009360
watgpu608:255300:255515 [0] NCCL INFO proxyProgressAsync opId=0x7017cc003810 op.type=3 op.reqBuff=0x7017f4009330 op.respSize=80 done
watgpu608:255302:255511 [2] NCCL INFO ncclPollProxyResponse Received new opId=0x7a5f5c003810
watgpu608:255302:255514 [2] NCCL INFO Received and initiated operation=Setup res=0
watgpu608:255303:255513 [3] NCCL INFO transport/p2p.cc:218 Cuda Alloc Size 10485760 pointer 0x7a7b60800000
watgpu608:255300:255509 [0] NCCL INFO ncclPollProxyResponse Received new opId=0x7017cc003810
watgpu608:255302:255511 [2] NCCL INFO resp.opId=0x7a5f5c003810 matches expected opId=0x7a5f5c003810
watgpu608:255301:255516 [1] NCCL INFO New proxy recv connection 6 from local rank 1, transport 0
watgpu608:255300:255515 [0] NCCL INFO Received and initiated operation=Setup res=0
watgpu608:255301:255516 [1] NCCL INFO proxyProgressAsync opId=0x78607c003810 op.type=1 op.reqBuff=0x786074009320 op.respSize=16 done
watgpu608:255303:255513 [3] NCCL INFO Allocated shareable buffer 0x7a7b60800000 size 10485760 ipcDesc 0x7a7b2c00ad50
watgpu608:255300:255509 [0] NCCL INFO resp.opId=0x7017cc003810 matches expected opId=0x7017cc003810
watgpu608:255303:255513 [3] NCCL INFO proxyProgressAsync opId=0x7a7b34003810 op.type=3 op.reqBuff=0x7a7b2c00ad20 op.respSize=80 done
watgpu608:255301:255512 [1] NCCL INFO ncclPollProxyResponse Received new opId=0x78607c003810
watgpu608:255301:255516 [1] NCCL INFO Received and initiated operation=Init res=0
watgpu608:255303:255510 [3] NCCL INFO ncclPollProxyResponse Received new opId=0x7a7b34003810
watgpu608:255301:255512 [1] NCCL INFO resp.opId=0x78607c003810 matches expected opId=0x78607c003810
watgpu608:255302:255514 [2] NCCL INFO New proxy recv connection 7 from local rank 2, transport 0
watgpu608:255301:255512 [1] NCCL INFO Connected to proxy localRank 1 -> connection 0x7860740015f0
watgpu608:255302:255514 [2] NCCL INFO proxyProgressAsync opId=0x7a5f5c003810 op.type=1 op.reqBuff=0x7a5f5400a020 op.respSize=16 done
watgpu608:255303:255513 [3] NCCL INFO Received and initiated operation=Setup res=0
watgpu608:255300:255515 [0] NCCL INFO New proxy recv connection 6 from local rank 0, transport 0
watgpu608:255302:255511 [2] NCCL INFO ncclPollProxyResponse Received new opId=0x7a5f5c003810
watgpu608:255303:255510 [3] NCCL INFO resp.opId=0x7a7b34003810 matches expected opId=0x7a7b34003810
watgpu608:255300:255515 [0] NCCL INFO proxyProgressAsync opId=0x7017cc003810 op.type=1 op.reqBuff=0x7017f4009330 op.respSize=16 done
watgpu608:255302:255514 [2] NCCL INFO Received and initiated operation=Init res=0
watgpu608:255303:255510 [3] NCCL INFO Channel 00/0 : 3[3] -> 0[0] via P2P/IPC
watgpu608:255300:255509 [0] NCCL INFO ncclPollProxyResponse Received new opId=0x7017cc003810
watgpu608:255302:255511 [2] NCCL INFO resp.opId=0x7a5f5c003810 matches expected opId=0x7a5f5c003810
watgpu608:255302:255511 [2] NCCL INFO Connected to proxy localRank 2 -> connection 0x7a5f54001668
watgpu608:255300:255515 [0] NCCL INFO Received and initiated operation=Init res=0
watgpu608:255300:255509 [0] NCCL INFO resp.opId=0x7017cc003810 matches expected opId=0x7017cc003810
watgpu608:255300:255509 [0] NCCL INFO Connected to proxy localRank 0 -> connection 0x7017f4001720
watgpu608:255303:255513 [3] NCCL INFO New proxy send connection 8 from local rank 3, transport 0
watgpu608:255303:255513 [3] NCCL INFO proxyProgressAsync opId=0x7a7b34003810 op.type=1 op.reqBuff=0x7a7b2c00ad20 op.respSize=16 done
watgpu608:255303:255510 [3] NCCL INFO ncclPollProxyResponse Received new opId=0x7a7b34003810
watgpu608:255303:255513 [3] NCCL INFO Received and initiated operation=Init res=0
watgpu608:255303:255510 [3] NCCL INFO resp.opId=0x7a7b34003810 matches expected opId=0x7a7b34003810
watgpu608:255303:255510 [3] NCCL INFO Connected to proxy localRank 3 -> connection 0x7a7b2c0016e0
watgpu608:255301:255516 [1] NCCL INFO transport/p2p.cc:218 Cuda Alloc Size 10485760 pointer 0x7860a3e00000
watgpu608:255301:255516 [1] NCCL INFO Allocated shareable buffer 0x7860a3e00000 size 10485760 ipcDesc 0x78607400a050
watgpu608:255301:255516 [1] NCCL INFO proxyProgressAsync opId=0x78607c003810 op.type=3 op.reqBuff=0x78607400a020 op.respSize=80 done
watgpu608:255301:255512 [1] NCCL INFO ncclPollProxyResponse Received new opId=0x78607c003810
watgpu608:255301:255516 [1] NCCL INFO Received and initiated operation=Setup res=0
watgpu608:255301:255512 [1] NCCL INFO resp.opId=0x78607c003810 matches expected opId=0x78607c003810
watgpu608:255301:255516 [1] NCCL INFO New proxy recv connection 7 from local rank 1, transport 0
watgpu608:255301:255516 [1] NCCL INFO proxyProgressAsync opId=0x78607c003810 op.type=1 op.reqBuff=0x78607400a020 op.respSize=16 done
watgpu608:255301:255512 [1] NCCL INFO ncclPollProxyResponse Received new opId=0x78607c003810
watgpu608:255301:255516 [1] NCCL INFO Received and initiated operation=Init res=0
watgpu608:255301:255512 [1] NCCL INFO resp.opId=0x78607c003810 matches expected opId=0x78607c003810
watgpu608:255301:255512 [1] NCCL INFO Connected to proxy localRank 1 -> connection 0x786074001668
watgpu608:255300:255515 [0] NCCL INFO transport/p2p.cc:218 Cuda Alloc Size 10485760 pointer 0x7017fbe00000
watgpu608:255302:255514 [2] NCCL INFO transport/p2p.cc:218 Cuda Alloc Size 10485760 pointer 0x7a5f86800000
watgpu608:255303:255513 [3] NCCL INFO transport/p2p.cc:218 Cuda Alloc Size 2097152 pointer 0x7a7b55a00000
watgpu608:255302:255514 [2] NCCL INFO Allocated shareable buffer 0x7a5f86800000 size 10485760 ipcDesc 0x7a5f5400ad50
watgpu608:255302:255514 [2] NCCL INFO proxyProgressAsync opId=0x7a5f5c003810 op.type=3 op.reqBuff=0x7a5f5400ad20 op.respSize=80 done
watgpu608:255303:255513 [3] NCCL INFO Allocated shareable buffer 0x7a7b55a00000 size 2097152 ipcDesc 0x7a7b2c00ad50
watgpu608:255303:255513 [3] NCCL INFO proxyProgressAsync opId=0x7a7b34003810 op.type=3 op.reqBuff=0x7a7b2c00b9d0 op.respSize=80 done
watgpu608:255300:255515 [0] NCCL INFO Allocated shareable buffer 0x7017fbe00000 size 10485760 ipcDesc 0x7017f400a060
watgpu608:255302:255511 [2] NCCL INFO ncclPollProxyResponse Received new opId=0x7a5f5c003810
watgpu608:255300:255515 [0] NCCL INFO proxyProgressAsync opId=0x7017cc003810 op.type=3 op.reqBuff=0x7017f400a030 op.respSize=80 done
watgpu608:255303:255510 [3] NCCL INFO ncclPollProxyResponse Received new opId=0x7a7b34003810
watgpu608:255302:255514 [2] NCCL INFO Received and initiated operation=Setup res=0
watgpu608:255303:255513 [3] NCCL INFO Received and initiated operation=Setup res=0
watgpu608:255300:255509 [0] NCCL INFO ncclPollProxyResponse Received new opId=0x7017cc003810
watgpu608:255302:255511 [2] NCCL INFO resp.opId=0x7a5f5c003810 matches expected opId=0x7a5f5c003810
watgpu608:255303:255510 [3] NCCL INFO resp.opId=0x7a7b34003810 matches expected opId=0x7a7b34003810
watgpu608:255302:255511 [2] NCCL INFO Channel 00/0 : 2[2] -> 3[3] via P2P/IPC
watgpu608:255300:255515 [0] NCCL INFO Received and initiated operation=Setup res=0
watgpu608:255303:255510 [3] NCCL INFO Channel 01/0 : 3[3] -> 0[0] via P2P/IPC
watgpu608:255300:255509 [0] NCCL INFO resp.opId=0x7017cc003810 matches expected opId=0x7017cc003810
watgpu608:255302:255514 [2] NCCL INFO New proxy send connection 8 from local rank 2, transport 0
watgpu608:255303:255513 [3] NCCL INFO New proxy send connection 9 from local rank 3, transport 0
watgpu608:255302:255514 [2] NCCL INFO proxyProgressAsync opId=0x7a5f5c003810 op.type=1 op.reqBuff=0x7a5f5400ad20 op.respSize=16 done
watgpu608:255303:255513 [3] NCCL INFO proxyProgressAsync opId=0x7a7b34003810 op.type=1 op.reqBuff=0x7a7b2c00b9d0 op.respSize=16 done
watgpu608:255300:255515 [0] NCCL INFO New proxy recv connection 7 from local rank 0, transport 0
watgpu608:255301:255516 [1] NCCL INFO transport/p2p.cc:218 Cuda Alloc Size 10485760 pointer 0x7860a4800000
watgpu608:255300:255515 [0] NCCL INFO proxyProgressAsync opId=0x7017cc003810 op.type=1 op.reqBuff=0x7017f400a030 op.respSize=16 done
watgpu608:255302:255511 [2] NCCL INFO ncclPollProxyResponse Received new opId=0x7a5f5c003810
watgpu608:255303:255510 [3] NCCL INFO ncclPollProxyResponse Received new opId=0x7a7b34003810
watgpu608:255302:255514 [2] NCCL INFO Received and initiated operation=Init res=0
watgpu608:255301:255516 [1] NCCL INFO Allocated shareable buffer 0x7860a4800000 size 10485760 ipcDesc 0x78607400ad50
watgpu608:255303:255513 [3] NCCL INFO Received and initiated operation=Init res=0
watgpu608:255302:255511 [2] NCCL INFO resp.opId=0x7a5f5c003810 matches expected opId=0x7a5f5c003810
watgpu608:255300:255509 [0] NCCL INFO ncclPollProxyResponse Received new opId=0x7017cc003810
watgpu608:255301:255516 [1] NCCL INFO proxyProgressAsync opId=0x78607c003810 op.type=3 op.reqBuff=0x78607400ad20 op.respSize=80 done
watgpu608:255302:255511 [2] NCCL INFO Connected to proxy localRank 2 -> connection 0x7a5f540016e0
watgpu608:255303:255510 [3] NCCL INFO resp.opId=0x7a7b34003810 matches expected opId=0x7a7b34003810
watgpu608:255300:255509 [0] NCCL INFO resp.opId=0x7017cc003810 matches expected opId=0x7017cc003810
watgpu608:255301:255512 [1] NCCL INFO ncclPollProxyResponse Received new opId=0x78607c003810
watgpu608:255303:255510 [3] NCCL INFO Connected to proxy localRank 3 -> connection 0x7a7b2c001758
watgpu608:255300:255509 [0] NCCL INFO Connected to proxy localRank 0 -> connection 0x7017f4001798
watgpu608:255301:255516 [1] NCCL INFO Received and initiated operation=Setup res=0
watgpu608:255301:255512 [1] NCCL INFO resp.opId=0x78607c003810 matches expected opId=0x78607c003810
watgpu608:255300:255515 [0] NCCL INFO Received and initiated operation=Init res=0
watgpu608:255301:255512 [1] NCCL INFO Channel 00/0 : 1[1] -> 2[2] via P2P/IPC
watgpu608:255301:255516 [1] NCCL INFO New proxy send connection 8 from local rank 1, transport 0
watgpu608:255301:255516 [1] NCCL INFO proxyProgressAsync opId=0x78607c003810 op.type=1 op.reqBuff=0x78607400ad20 op.respSize=16 done
watgpu608:255301:255512 [1] NCCL INFO ncclPollProxyResponse Received new opId=0x78607c003810
watgpu608:255301:255516 [1] NCCL INFO Received and initiated operation=Init res=0
watgpu608:255301:255512 [1] NCCL INFO resp.opId=0x78607c003810 matches expected opId=0x78607c003810
watgpu608:255301:255512 [1] NCCL INFO Connected to proxy localRank 1 -> connection 0x7860740016e0
watgpu608:255303:255513 [3] NCCL INFO transport/p2p.cc:218 Cuda Alloc Size 2097152 pointer 0x7a7b55c00000
watgpu608:255302:255514 [2] NCCL INFO transport/p2p.cc:218 Cuda Alloc Size 2097152 pointer 0x7a5f7ba00000
watgpu608:255303:255513 [3] NCCL INFO Allocated shareable buffer 0x7a7b55c00000 size 2097152 ipcDesc 0x7a7b2c00ad50
watgpu608:255303:255513 [3] NCCL INFO proxyProgressAsync opId=0x7a7b34003810 op.type=3 op.reqBuff=0x7a7b2c00c620 op.respSize=80 done
watgpu608:255302:255514 [2] NCCL INFO Allocated shareable buffer 0x7a5f7ba00000 size 2097152 ipcDesc 0x7a5f5400ad50
watgpu608:255302:255514 [2] NCCL INFO proxyProgressAsync opId=0x7a5f5c003810 op.type=3 op.reqBuff=0x7a5f5400b9d0 op.respSize=80 done
watgpu608:255303:255510 [3] NCCL INFO ncclPollProxyResponse Received new opId=0x7a7b34003810
watgpu608:255302:255511 [2] NCCL INFO ncclPollProxyResponse Received new opId=0x7a5f5c003810
watgpu608:255303:255513 [3] NCCL INFO Received and initiated operation=Setup res=0
watgpu608:255303:255510 [3] NCCL INFO resp.opId=0x7a7b34003810 matches expected opId=0x7a7b34003810
watgpu608:255302:255514 [2] NCCL INFO Received and initiated operation=Setup res=0
watgpu608:255303:255510 [3] NCCL INFO Channel 02/0 : 3[3] -> 0[0] via P2P/IPC
watgpu608:255302:255511 [2] NCCL INFO resp.opId=0x7a5f5c003810 matches expected opId=0x7a5f5c003810
watgpu608:255302:255511 [2] NCCL INFO Channel 01/0 : 2[2] -> 3[3] via P2P/IPC
watgpu608:255303:255513 [3] NCCL INFO New proxy send connection 10 from local rank 3, transport 0
watgpu608:255303:255513 [3] NCCL INFO proxyProgressAsync opId=0x7a7b34003810 op.type=1 op.reqBuff=0x7a7b2c00c620 op.respSize=16 done
watgpu608:255302:255514 [2] NCCL INFO New proxy send connection 9 from local rank 2, transport 0
watgpu608:255302:255514 [2] NCCL INFO proxyProgressAsync opId=0x7a5f5c003810 op.type=1 op.reqBuff=0x7a5f5400b9d0 op.respSize=16 done
watgpu608:255303:255510 [3] NCCL INFO ncclPollProxyResponse Received new opId=0x7a7b34003810
watgpu608:255303:255513 [3] NCCL INFO Received and initiated operation=Init res=0
watgpu608:255302:255511 [2] NCCL INFO ncclPollProxyResponse Received new opId=0x7a5f5c003810
watgpu608:255303:255510 [3] NCCL INFO resp.opId=0x7a7b34003810 matches expected opId=0x7a7b34003810
watgpu608:255303:255510 [3] NCCL INFO Connected to proxy localRank 3 -> connection 0x7a7b2c0017d0
watgpu608:255302:255514 [2] NCCL INFO Received and initiated operation=Init res=0
watgpu608:255300:255515 [0] NCCL INFO transport/p2p.cc:218 Cuda Alloc Size 10485760 pointer 0x7017fc800000
watgpu608:255302:255511 [2] NCCL INFO resp.opId=0x7a5f5c003810 matches expected opId=0x7a5f5c003810
watgpu608:255302:255511 [2] NCCL INFO Connected to proxy localRank 2 -> connection 0x7a5f54001758
watgpu608:255300:255515 [0] NCCL INFO Allocated shareable buffer 0x7017fc800000 size 10485760 ipcDesc 0x7017f400a060
watgpu608:255300:255515 [0] NCCL INFO proxyProgressAsync opId=0x7017cc003810 op.type=3 op.reqBuff=0x7017f400ad30 op.respSize=80 done
watgpu608:255301:255516 [1] NCCL INFO transport/p2p.cc:218 Cuda Alloc Size 2097152 pointer 0x78609ba00000
watgpu608:255300:255515 [0] NCCL INFO Received and initiated operation=Setup res=0
watgpu608:255301:255516 [1] NCCL INFO Allocated shareable buffer 0x78609ba00000 size 2097152 ipcDesc 0x78607400ad50
watgpu608:255301:255516 [1] NCCL INFO proxyProgressAsync opId=0x78607c003810 op.type=3 op.reqBuff=0x78607400b9d0 op.respSize=80 done
watgpu608:255301:255512 [1] NCCL INFO ncclPollProxyResponse Received new opId=0x78607c003810
watgpu608:255301:255516 [1] NCCL INFO Received and initiated operation=Setup res=0
watgpu608:255301:255512 [1] NCCL INFO resp.opId=0x78607c003810 matches expected opId=0x78607c003810
watgpu608:255301:255512 [1] NCCL INFO Channel 01/0 : 1[1] -> 2[2] via P2P/IPC
watgpu608:255301:255516 [1] NCCL INFO New proxy send connection 9 from local rank 1, transport 0
watgpu608:255301:255516 [1] NCCL INFO proxyProgressAsync opId=0x78607c003810 op.type=1 op.reqBuff=0x78607400b9d0 op.respSize=16 done
watgpu608:255301:255512 [1] NCCL INFO ncclPollProxyResponse Received new opId=0x78607c003810
watgpu608:255301:255516 [1] NCCL INFO Received and initiated operation=Init res=0
watgpu608:255301:255512 [1] NCCL INFO resp.opId=0x78607c003810 matches expected opId=0x78607c003810
watgpu608:255301:255512 [1] NCCL INFO Connected to proxy localRank 1 -> connection 0x786074001758
watgpu608:255302:255514 [2] NCCL INFO transport/p2p.cc:218 Cuda Alloc Size 2097152 pointer 0x7a5f7bc00000
watgpu608:255302:255514 [2] NCCL INFO Allocated shareable buffer 0x7a5f7bc00000 size 2097152 ipcDesc 0x7a5f5400ad50
watgpu608:255303:255513 [3] NCCL INFO transport/p2p.cc:218 Cuda Alloc Size 2097152 pointer 0x7a7b55e00000
watgpu608:255302:255514 [2] NCCL INFO proxyProgressAsync opId=0x7a5f5c003810 op.type=3 op.reqBuff=0x7a5f5400c620 op.respSize=80 done
watgpu608:255302:255511 [2] NCCL INFO ncclPollProxyResponse Received new opId=0x7a5f5c003810
watgpu608:255302:255514 [2] NCCL INFO Received and initiated operation=Setup res=0
watgpu608:255303:255513 [3] NCCL INFO Allocated shareable buffer 0x7a7b55e00000 size 2097152 ipcDesc 0x7a7b2c00ad50
watgpu608:255303:255513 [3] NCCL INFO proxyProgressAsync opId=0x7a7b34003810 op.type=3 op.reqBuff=0x7a7b2c00d270 op.respSize=80 done
watgpu608:255302:255511 [2] NCCL INFO resp.opId=0x7a5f5c003810 matches expected opId=0x7a5f5c003810
watgpu608:255302:255511 [2] NCCL INFO Channel 02/0 : 2[2] -> 3[3] via P2P/IPC
watgpu608:255303:255510 [3] NCCL INFO ncclPollProxyResponse Received new opId=0x7a7b34003810
watgpu608:255303:255513 [3] NCCL INFO Received and initiated operation=Setup res=0
watgpu608:255303:255510 [3] NCCL INFO resp.opId=0x7a7b34003810 matches expected opId=0x7a7b34003810
watgpu608:255302:255514 [2] NCCL INFO New proxy send connection 10 from local rank 2, transport 0
watgpu608:255302:255514 [2] NCCL INFO proxyProgressAsync opId=0x7a5f5c003810 op.type=1 op.reqBuff=0x7a5f5400c620 op.respSize=16 done
watgpu608:255303:255510 [3] NCCL INFO Channel 03/0 : 3[3] -> 0[0] via P2P/IPC
watgpu608:255302:255511 [2] NCCL INFO ncclPollProxyResponse Received new opId=0x7a5f5c003810
watgpu608:255302:255514 [2] NCCL INFO Received and initiated operation=Init res=0
watgpu608:255302:255511 [2] NCCL INFO resp.opId=0x7a5f5c003810 matches expected opId=0x7a5f5c003810
watgpu608:255302:255511 [2] NCCL INFO Connected to proxy localRank 2 -> connection 0x7a5f540017d0
watgpu608:255301:255516 [1] NCCL INFO transport/p2p.cc:218 Cuda Alloc Size 2097152 pointer 0x78609bc00000
watgpu608:255303:255513 [3] NCCL INFO New proxy send connection 11 from local rank 3, transport 0
watgpu608:255301:255516 [1] NCCL INFO Allocated shareable buffer 0x78609bc00000 size 2097152 ipcDesc 0x78607400ad50
watgpu608:255303:255513 [3] NCCL INFO proxyProgressAsync opId=0x7a7b34003810 op.type=1 op.reqBuff=0x7a7b2c00d270 op.respSize=16 done
watgpu608:255301:255516 [1] NCCL INFO proxyProgressAsync opId=0x78607c003810 op.type=3 op.reqBuff=0x78607400c620 op.respSize=80 done
watgpu608:255303:255510 [3] NCCL INFO ncclPollProxyResponse Received new opId=0x7a7b34003810
watgpu608:255301:255512 [1] NCCL INFO ncclPollProxyResponse Received new opId=0x78607c003810
watgpu608:255303:255513 [3] NCCL INFO Received and initiated operation=Init res=0
watgpu608:255301:255516 [1] NCCL INFO Received and initiated operation=Setup res=0
watgpu608:255301:255512 [1] NCCL INFO resp.opId=0x78607c003810 matches expected opId=0x78607c003810
watgpu608:255303:255510 [3] NCCL INFO resp.opId=0x7a7b34003810 matches expected opId=0x7a7b34003810
watgpu608:255301:255512 [1] NCCL INFO Channel 02/0 : 1[1] -> 2[2] via P2P/IPC
watgpu608:255303:255510 [3] NCCL INFO Connected to proxy localRank 3 -> connection 0x7a7b2c001848
watgpu608:255301:255516 [1] NCCL INFO New proxy send connection 10 from local rank 1, transport 0
watgpu608:255301:255516 [1] NCCL INFO proxyProgressAsync opId=0x78607c003810 op.type=1 op.reqBuff=0x78607400c620 op.respSize=16 done
watgpu608:255301:255512 [1] NCCL INFO ncclPollProxyResponse Received new opId=0x78607c003810
watgpu608:255301:255516 [1] NCCL INFO Received and initiated operation=Init res=0
watgpu608:255301:255512 [1] NCCL INFO resp.opId=0x78607c003810 matches expected opId=0x78607c003810
watgpu608:255301:255512 [1] NCCL INFO Connected to proxy localRank 1 -> connection 0x7860740017d0
watgpu608:255302:255514 [2] NCCL INFO transport/p2p.cc:218 Cuda Alloc Size 2097152 pointer 0x7a5f7be00000
watgpu608:255302:255514 [2] NCCL INFO Allocated shareable buffer 0x7a5f7be00000 size 2097152 ipcDesc 0x7a5f5400ad50
watgpu608:255300:255509 [0] NCCL INFO ncclPollProxyResponse Received new opId=0x7017cc003810
watgpu608:255302:255514 [2] NCCL INFO proxyProgressAsync opId=0x7a5f5c003810 op.type=3 op.reqBuff=0x7a5f5400d270 op.respSize=80 done
watgpu608:255300:255509 [0] NCCL INFO resp.opId=0x7017cc003810 matches expected opId=0x7017cc003810
watgpu608:255300:255509 [0] NCCL INFO Channel 00/0 : 0[0] -> 1[1] via P2P/IPC
watgpu608:255302:255511 [2] NCCL INFO ncclPollProxyResponse Received new opId=0x7a5f5c003810
watgpu608:255302:255514 [2] NCCL INFO Received and initiated operation=Setup res=0
watgpu608:255302:255511 [2] NCCL INFO resp.opId=0x7a5f5c003810 matches expected opId=0x7a5f5c003810
watgpu608:255302:255511 [2] NCCL INFO Channel 03/0 : 2[2] -> 3[3] via P2P/IPC
watgpu608:255300:255515 [0] NCCL INFO New proxy send connection 8 from local rank 0, transport 0
watgpu608:255300:255515 [0] NCCL INFO proxyProgressAsync opId=0x7017cc003810 op.type=1 op.reqBuff=0x7017f400ad30 op.respSize=16 done
watgpu608:255300:255509 [0] NCCL INFO ncclPollProxyResponse Received new opId=0x7017cc003810
watgpu608:255300:255515 [0] NCCL INFO Received and initiated operation=Init res=0
watgpu608:255302:255514 [2] NCCL INFO New proxy send connection 11 from local rank 2, transport 0
watgpu608:255302:255514 [2] NCCL INFO proxyProgressAsync opId=0x7a5f5c003810 op.type=1 op.reqBuff=0x7a5f5400d270 op.respSize=16 done
watgpu608:255300:255509 [0] NCCL INFO resp.opId=0x7017cc003810 matches expected opId=0x7017cc003810
watgpu608:255302:255511 [2] NCCL INFO ncclPollProxyResponse Received new opId=0x7a5f5c003810
watgpu608:255300:255509 [0] NCCL INFO Connected to proxy localRank 0 -> connection 0x7017f4001810
watgpu608:255302:255514 [2] NCCL INFO Received and initiated operation=Init res=0
watgpu608:255302:255511 [2] NCCL INFO resp.opId=0x7a5f5c003810 matches expected opId=0x7a5f5c003810
watgpu608:255301:255516 [1] NCCL INFO transport/p2p.cc:218 Cuda Alloc Size 2097152 pointer 0x78609be00000
watgpu608:255302:255511 [2] NCCL INFO Connected to proxy localRank 2 -> connection 0x7a5f54001848
watgpu608:255301:255516 [1] NCCL INFO Allocated shareable buffer 0x78609be00000 size 2097152 ipcDesc 0x78607400ad50
watgpu608:255301:255516 [1] NCCL INFO proxyProgressAsync opId=0x78607c003810 op.type=3 op.reqBuff=0x78607400d270 op.respSize=80 done
watgpu608:255301:255512 [1] NCCL INFO ncclPollProxyResponse Received new opId=0x78607c003810
watgpu608:255301:255516 [1] NCCL INFO Received and initiated operation=Setup res=0
watgpu608:255301:255512 [1] NCCL INFO resp.opId=0x78607c003810 matches expected opId=0x78607c003810
watgpu608:255303:255513 [3] NCCL INFO transport/p2p.cc:218 Cuda Alloc Size 2097152 pointer 0x7a7b61200000
watgpu608:255301:255512 [1] NCCL INFO Channel 03/0 : 1[1] -> 2[2] via P2P/IPC
watgpu608:255303:255513 [3] NCCL INFO Allocated shareable buffer 0x7a7b61200000 size 2097152 ipcDesc 0x7a7b2c00ad50
watgpu608:255303:255513 [3] NCCL INFO proxyProgressAsync opId=0x7a7b34003810 op.type=3 op.reqBuff=0x7a7b2c00dc40 op.respSize=80 done
watgpu608:255303:255510 [3] NCCL INFO ncclPollProxyResponse Received new opId=0x7a7b34003810
watgpu608:255301:255516 [1] NCCL INFO New proxy send connection 11 from local rank 1, transport 0
watgpu608:255301:255516 [1] NCCL INFO proxyProgressAsync opId=0x78607c003810 op.type=1 op.reqBuff=0x78607400d270 op.respSize=16 done
watgpu608:255303:255513 [3] NCCL INFO Received and initiated operation=Setup res=0
watgpu608:255301:255512 [1] NCCL INFO ncclPollProxyResponse Received new opId=0x78607c003810
watgpu608:255303:255510 [3] NCCL INFO resp.opId=0x7a7b34003810 matches expected opId=0x7a7b34003810
watgpu608:255301:255516 [1] NCCL INFO Received and initiated operation=Init res=0
watgpu608:255303:255510 [3] NCCL INFO Channel 04/0 : 3[3] -> 0[0] via P2P/IPC
watgpu608:255301:255512 [1] NCCL INFO resp.opId=0x78607c003810 matches expected opId=0x78607c003810
watgpu608:255301:255512 [1] NCCL INFO Connected to proxy localRank 1 -> connection 0x786074001848
watgpu608:255303:255513 [3] NCCL INFO New proxy send connection 12 from local rank 3, transport 0
watgpu608:255303:255513 [3] NCCL INFO proxyProgressAsync opId=0x7a7b34003810 op.type=1 op.reqBuff=0x7a7b2c00dc40 op.respSize=16 done
watgpu608:255303:255510 [3] NCCL INFO ncclPollProxyResponse Received new opId=0x7a7b34003810
watgpu608:255303:255513 [3] NCCL INFO Received and initiated operation=Init res=0
watgpu608:255303:255510 [3] NCCL INFO resp.opId=0x7a7b34003810 matches expected opId=0x7a7b34003810
watgpu608:255303:255510 [3] NCCL INFO Connected to proxy localRank 3 -> connection 0x7a7b2c0018c0
watgpu608:255302:255514 [2] NCCL INFO transport/p2p.cc:218 Cuda Alloc Size 2097152 pointer 0x7a5f87200000
watgpu608:255302:255514 [2] NCCL INFO Allocated shareable buffer 0x7a5f87200000 size 2097152 ipcDesc 0x7a5f5400ad50
watgpu608:255300:255515 [0] NCCL INFO transport/p2p.cc:218 Cuda Alloc Size 2097152 pointer 0x7017eda00000
watgpu608:255302:255514 [2] NCCL INFO proxyProgressAsync opId=0x7a5f5c003810 op.type=3 op.reqBuff=0x7a5f5400dc40 op.respSize=80 done
watgpu608:255302:255511 [2] NCCL INFO ncclPollProxyResponse Received new opId=0x7a5f5c003810
watgpu608:255300:255515 [0] NCCL INFO Allocated shareable buffer 0x7017eda00000 size 2097152 ipcDesc 0x7017f400a060
watgpu608:255300:255515 [0] NCCL INFO proxyProgressAsync opId=0x7017cc003810 op.type=3 op.reqBuff=0x7017f400b9d0 op.respSize=80 done
watgpu608:255302:255514 [2] NCCL INFO Received and initiated operation=Setup res=0
watgpu608:255302:255511 [2] NCCL INFO resp.opId=0x7a5f5c003810 matches expected opId=0x7a5f5c003810
watgpu608:255300:255509 [0] NCCL INFO ncclPollProxyResponse Received new opId=0x7017cc003810
watgpu608:255302:255511 [2] NCCL INFO Channel 04/0 : 2[2] -> 3[3] via P2P/IPC
watgpu608:255300:255515 [0] NCCL INFO Received and initiated operation=Setup res=0
watgpu608:255300:255509 [0] NCCL INFO resp.opId=0x7017cc003810 matches expected opId=0x7017cc003810
watgpu608:255300:255509 [0] NCCL INFO Channel 01/0 : 0[0] -> 1[1] via P2P/IPC
watgpu608:255302:255514 [2] NCCL INFO New proxy send connection 12 from local rank 2, transport 0
watgpu608:255302:255514 [2] NCCL INFO proxyProgressAsync opId=0x7a5f5c003810 op.type=1 op.reqBuff=0x7a5f5400dc40 op.respSize=16 done
watgpu608:255302:255511 [2] NCCL INFO ncclPollProxyResponse Received new opId=0x7a5f5c003810
watgpu608:255300:255515 [0] NCCL INFO New proxy send connection 9 from local rank 0, transport 0
watgpu608:255302:255514 [2] NCCL INFO Received and initiated operation=Init res=0
watgpu608:255300:255515 [0] NCCL INFO proxyProgressAsync opId=0x7017cc003810 op.type=1 op.reqBuff=0x7017f400b9d0 op.respSize=16 done
watgpu608:255302:255511 [2] NCCL INFO resp.opId=0x7a5f5c003810 matches expected opId=0x7a5f5c003810
watgpu608:255302:255511 [2] NCCL INFO Connected to proxy localRank 2 -> connection 0x7a5f540018c0
watgpu608:255300:255509 [0] NCCL INFO ncclPollProxyResponse Received new opId=0x7017cc003810
watgpu608:255300:255515 [0] NCCL INFO Received and initiated operation=Init res=0
watgpu608:255300:255509 [0] NCCL INFO resp.opId=0x7017cc003810 matches expected opId=0x7017cc003810
watgpu608:255300:255509 [0] NCCL INFO Connected to proxy localRank 0 -> connection 0x7017f4001888
watgpu608:255301:255516 [1] NCCL INFO transport/p2p.cc:218 Cuda Alloc Size 2097152 pointer 0x7860a5200000
watgpu608:255301:255516 [1] NCCL INFO Allocated shareable buffer 0x7860a5200000 size 2097152 ipcDesc 0x78607400ad50
watgpu608:255301:255516 [1] NCCL INFO proxyProgressAsync opId=0x78607c003810 op.type=3 op.reqBuff=0x78607400dc40 op.respSize=80 done
watgpu608:255301:255512 [1] NCCL INFO ncclPollProxyResponse Received new opId=0x78607c003810
watgpu608:255301:255516 [1] NCCL INFO Received and initiated operation=Setup res=0
watgpu608:255301:255512 [1] NCCL INFO resp.opId=0x78607c003810 matches expected opId=0x78607c003810
watgpu608:255301:255512 [1] NCCL INFO Channel 04/0 : 1[1] -> 2[2] via P2P/IPC
watgpu608:255303:255513 [3] NCCL INFO transport/p2p.cc:218 Cuda Alloc Size 2097152 pointer 0x7a7b61400000
watgpu608:255301:255516 [1] NCCL INFO New proxy send connection 12 from local rank 1, transport 0
watgpu608:255301:255516 [1] NCCL INFO proxyProgressAsync opId=0x78607c003810 op.type=1 op.reqBuff=0x78607400dc40 op.respSize=16 done
watgpu608:255301:255512 [1] NCCL INFO ncclPollProxyResponse Received new opId=0x78607c003810
watgpu608:255301:255516 [1] NCCL INFO Received and initiated operation=Init res=0
watgpu608:255301:255512 [1] NCCL INFO resp.opId=0x78607c003810 matches expected opId=0x78607c003810
watgpu608:255301:255512 [1] NCCL INFO Connected to proxy localRank 1 -> connection 0x7860740018c0
watgpu608:255303:255513 [3] NCCL INFO Allocated shareable buffer 0x7a7b61400000 size 2097152 ipcDesc 0x7a7b2c00ad50
watgpu608:255303:255513 [3] NCCL INFO proxyProgressAsync opId=0x7a7b34003810 op.type=3 op.reqBuff=0x7a7b2c00e890 op.respSize=80 done
watgpu608:255303:255510 [3] NCCL INFO ncclPollProxyResponse Received new opId=0x7a7b34003810
watgpu608:255303:255513 [3] NCCL INFO Received and initiated operation=Setup res=0
watgpu608:255303:255510 [3] NCCL INFO resp.opId=0x7a7b34003810 matches expected opId=0x7a7b34003810
watgpu608:255303:255510 [3] NCCL INFO Channel 05/0 : 3[3] -> 0[0] via P2P/IPC
watgpu608:255303:255513 [3] NCCL INFO New proxy send connection 13 from local rank 3, transport 0
watgpu608:255303:255513 [3] NCCL INFO proxyProgressAsync opId=0x7a7b34003810 op.type=1 op.reqBuff=0x7a7b2c00e890 op.respSize=16 done
watgpu608:255303:255510 [3] NCCL INFO ncclPollProxyResponse Received new opId=0x7a7b34003810
watgpu608:255303:255513 [3] NCCL INFO Received and initiated operation=Init res=0
watgpu608:255303:255510 [3] NCCL INFO resp.opId=0x7a7b34003810 matches expected opId=0x7a7b34003810
watgpu608:255303:255510 [3] NCCL INFO Connected to proxy localRank 3 -> connection 0x7a7b2c001938
watgpu608:255300:255515 [0] NCCL INFO transport/p2p.cc:218 Cuda Alloc Size 2097152 pointer 0x7017edc00000
watgpu608:255302:255514 [2] NCCL INFO transport/p2p.cc:218 Cuda Alloc Size 2097152 pointer 0x7a5f87400000
watgpu608:255300:255515 [0] NCCL INFO Allocated shareable buffer 0x7017edc00000 size 2097152 ipcDesc 0x7017f400a060
watgpu608:255300:255515 [0] NCCL INFO proxyProgressAsync opId=0x7017cc003810 op.type=3 op.reqBuff=0x7017f400c620 op.respSize=80 done
watgpu608:255300:255509 [0] NCCL INFO ncclPollProxyResponse Received new opId=0x7017cc003810
watgpu608:255300:255515 [0] NCCL INFO Received and initiated operation=Setup res=0
watgpu608:255300:255509 [0] NCCL INFO resp.opId=0x7017cc003810 matches expected opId=0x7017cc003810
watgpu608:255300:255509 [0] NCCL INFO Channel 02/0 : 0[0] -> 1[1] via P2P/IPC
watgpu608:255302:255514 [2] NCCL INFO Allocated shareable buffer 0x7a5f87400000 size 2097152 ipcDesc 0x7a5f5400ad50
watgpu608:255302:255514 [2] NCCL INFO proxyProgressAsync opId=0x7a5f5c003810 op.type=3 op.reqBuff=0x7a5f5400e890 op.respSize=80 done
watgpu608:255300:255515 [0] NCCL INFO New proxy send connection 10 from local rank 0, transport 0
watgpu608:255300:255515 [0] NCCL INFO proxyProgressAsync opId=0x7017cc003810 op.type=1 op.reqBuff=0x7017f400c620 op.respSize=16 done
watgpu608:255302:255511 [2] NCCL INFO ncclPollProxyResponse Received new opId=0x7a5f5c003810
watgpu608:255300:255509 [0] NCCL INFO ncclPollProxyResponse Received new opId=0x7017cc003810
watgpu608:255302:255514 [2] NCCL INFO Received and initiated operation=Setup res=0
watgpu608:255300:255515 [0] NCCL INFO Received and initiated operation=Init res=0
watgpu608:255302:255511 [2] NCCL INFO resp.opId=0x7a5f5c003810 matches expected opId=0x7a5f5c003810
watgpu608:255300:255509 [0] NCCL INFO resp.opId=0x7017cc003810 matches expected opId=0x7017cc003810
watgpu608:255300:255509 [0] NCCL INFO Connected to proxy localRank 0 -> connection 0x7017f4001900
watgpu608:255302:255511 [2] NCCL INFO Channel 05/0 : 2[2] -> 3[3] via P2P/IPC
watgpu608:255301:255516 [1] NCCL INFO transport/p2p.cc:218 Cuda Alloc Size 2097152 pointer 0x7860a5400000
watgpu608:255302:255514 [2] NCCL INFO New proxy send connection 13 from local rank 2, transport 0
