watgpu608:254039:254227 [3] NCCL INFO ncclPollProxyResponse Received new opId=0x7f7c8c003810
watgpu608:254037:254252 [1] NCCL INFO proxyProgressAsync opId=0x70d3c0003810 op.type=3 op.reqBuff=0x70d3b8013ec0 op.respSize=80 done
watgpu608:254039:254249 [3] NCCL INFO Received and initiated operation=Init res=0
watgpu608:254039:254227 [3] NCCL INFO resp.opId=0x7f7c8c003810 matches expected opId=0x7f7c8c003810
watgpu608:254039:254227 [3] NCCL INFO Connected to proxy localRank 3 -> connection 0x7f7c84001cf8
watgpu608:254037:254248 [1] NCCL INFO ncclPollProxyResponse Received new opId=0x70d3c0003810
watgpu608:254037:254252 [1] NCCL INFO Received and initiated operation=Setup res=0
watgpu608:254037:254248 [1] NCCL INFO resp.opId=0x70d3c0003810 matches expected opId=0x70d3c0003810
watgpu608:254038:254250 [2] NCCL INFO transport/p2p.cc:218 Cuda Alloc Size 10485760 pointer 0x75885f800000
watgpu608:254037:254252 [1] NCCL INFO New proxy recv connection 20 from local rank 1, transport 0
watgpu608:254038:254250 [2] NCCL INFO Allocated shareable buffer 0x75885f800000 size 10485760 ipcDesc 0x75882000ad50
watgpu608:254037:254252 [1] NCCL INFO proxyProgressAsync opId=0x70d3c0003810 op.type=1 op.reqBuff=0x70d3b8013ec0 op.respSize=16 done
watgpu608:254038:254250 [2] NCCL INFO proxyProgressAsync opId=0x758828003810 op.type=3 op.reqBuff=0x7588200163b0 op.respSize=80 done
watgpu608:254038:254226 [2] NCCL INFO ncclPollProxyResponse Received new opId=0x758828003810
watgpu608:254037:254248 [1] NCCL INFO ncclPollProxyResponse Received new opId=0x70d3c0003810
watgpu608:254038:254250 [2] NCCL INFO Received and initiated operation=Setup res=0
watgpu608:254038:254226 [2] NCCL INFO resp.opId=0x758828003810 matches expected opId=0x758828003810
watgpu608:254037:254248 [1] NCCL INFO resp.opId=0x70d3c0003810 matches expected opId=0x70d3c0003810
watgpu608:254037:254252 [1] NCCL INFO Received and initiated operation=Init res=0
watgpu608:254037:254248 [1] NCCL INFO Connected to proxy localRank 1 -> connection 0x70d3b8001c80
watgpu608:254038:254250 [2] NCCL INFO New proxy recv connection 23 from local rank 2, transport 0
watgpu608:254038:254250 [2] NCCL INFO proxyProgressAsync opId=0x758828003810 op.type=1 op.reqBuff=0x7588200163b0 op.respSize=16 done
watgpu608:254038:254226 [2] NCCL INFO ncclPollProxyResponse Received new opId=0x758828003810
watgpu608:254038:254250 [2] NCCL INFO Received and initiated operation=Init res=0
watgpu608:254038:254226 [2] NCCL INFO resp.opId=0x758828003810 matches expected opId=0x758828003810
watgpu608:254038:254226 [2] NCCL INFO Connected to proxy localRank 2 -> connection 0x758820001de8
watgpu608:254036:254251 [0] NCCL INFO transport/p2p.cc:218 Cuda Alloc Size 10485760 pointer 0x7fab46e00000
watgpu608:254036:254251 [0] NCCL INFO Allocated shareable buffer 0x7fab46e00000 size 10485760 ipcDesc 0x7fab3400a060
watgpu608:254036:254251 [0] NCCL INFO proxyProgressAsync opId=0x7fab08003810 op.type=3 op.reqBuff=0x7fab34015760 op.respSize=80 done
watgpu608:254036:254225 [0] NCCL INFO ncclPollProxyResponse Received new opId=0x7fab08003810
watgpu608:254036:254251 [0] NCCL INFO Received and initiated operation=Setup res=0
watgpu608:254036:254225 [0] NCCL INFO resp.opId=0x7fab08003810 matches expected opId=0x7fab08003810
watgpu608:254036:254251 [0] NCCL INFO New proxy recv connection 22 from local rank 0, transport 0
watgpu608:254036:254251 [0] NCCL INFO proxyProgressAsync opId=0x7fab08003810 op.type=1 op.reqBuff=0x7fab34015760 op.respSize=16 done
watgpu608:254036:254225 [0] NCCL INFO ncclPollProxyResponse Received new opId=0x7fab08003810
watgpu608:254036:254251 [0] NCCL INFO Received and initiated operation=Init res=0
watgpu608:254036:254225 [0] NCCL INFO resp.opId=0x7fab08003810 matches expected opId=0x7fab08003810
watgpu608:254036:254225 [0] NCCL INFO Connected to proxy localRank 0 -> connection 0x7fab34001ea0
watgpu608:254039:254249 [3] NCCL INFO transport/p2p.cc:218 Cuda Alloc Size 2097152 pointer 0x7f7cc0600000
watgpu608:254039:254249 [3] NCCL INFO Allocated shareable buffer 0x7f7cc0600000 size 2097152 ipcDesc 0x7f7c8400ad50
watgpu608:254039:254249 [3] NCCL INFO proxyProgressAsync opId=0x7f7c8c003810 op.type=3 op.reqBuff=0x7f7c84015760 op.respSize=80 done
watgpu608:254039:254227 [3] NCCL INFO ncclPollProxyResponse Received new opId=0x7f7c8c003810
watgpu608:254039:254249 [3] NCCL INFO Received and initiated operation=Setup res=0
watgpu608:254039:254227 [3] NCCL INFO resp.opId=0x7f7c8c003810 matches expected opId=0x7f7c8c003810
watgpu608:254039:254227 [3] NCCL INFO Channel 06/0 : 3[3] -> 2[2] via P2P/IPC
watgpu608:254039:254249 [3] NCCL INFO New proxy send connection 22 from local rank 3, transport 0
watgpu608:254039:254249 [3] NCCL INFO proxyProgressAsync opId=0x7f7c8c003810 op.type=1 op.reqBuff=0x7f7c84015760 op.respSize=16 done
watgpu608:254039:254227 [3] NCCL INFO ncclPollProxyResponse Received new opId=0x7f7c8c003810
watgpu608:254039:254249 [3] NCCL INFO Received and initiated operation=Init res=0
watgpu608:254039:254227 [3] NCCL INFO resp.opId=0x7f7c8c003810 matches expected opId=0x7f7c8c003810
watgpu608:254039:254227 [3] NCCL INFO Connected to proxy localRank 3 -> connection 0x7f7c84001d70
watgpu608:254038:254250 [2] NCCL INFO transport/p2p.cc:218 Cuda Alloc Size 10485760 pointer 0x758860200000
watgpu608:254036:254251 [0] NCCL INFO transport/p2p.cc:218 Cuda Alloc Size 10485760 pointer 0x7fab47800000
watgpu608:254036:254251 [0] NCCL INFO Allocated shareable buffer 0x7fab47800000 size 10485760 ipcDesc 0x7fab3400a060
watgpu608:254036:254251 [0] NCCL INFO proxyProgressAsync opId=0x7fab08003810 op.type=3 op.reqBuff=0x7fab340163b0 op.respSize=80 done
watgpu608:254038:254250 [2] NCCL INFO Allocated shareable buffer 0x758860200000 size 10485760 ipcDesc 0x75882000ad50
watgpu608:254038:254250 [2] NCCL INFO proxyProgressAsync opId=0x758828003810 op.type=3 op.reqBuff=0x758820017000 op.respSize=80 done
watgpu608:254036:254225 [0] NCCL INFO ncclPollProxyResponse Received new opId=0x7fab08003810
watgpu608:254037:254252 [1] NCCL INFO transport/p2p.cc:218 Cuda Alloc Size 10485760 pointer 0x70d3f6400000
watgpu608:254038:254226 [2] NCCL INFO ncclPollProxyResponse Received new opId=0x758828003810
watgpu608:254036:254251 [0] NCCL INFO Received and initiated operation=Setup res=0
watgpu608:254038:254226 [2] NCCL INFO resp.opId=0x758828003810 matches expected opId=0x758828003810
watgpu608:254036:254225 [0] NCCL INFO resp.opId=0x7fab08003810 matches expected opId=0x7fab08003810
watgpu608:254038:254250 [2] NCCL INFO Received and initiated operation=Setup res=0
watgpu608:254037:254252 [1] NCCL INFO Allocated shareable buffer 0x70d3f6400000 size 10485760 ipcDesc 0x70d3b800ad50
watgpu608:254037:254252 [1] NCCL INFO proxyProgressAsync opId=0x70d3c0003810 op.type=3 op.reqBuff=0x70d3b8014b10 op.respSize=80 done
watgpu608:254038:254226 [2] NCCL INFO Channel 00/0 : 2[2] -> 1[1] via P2P/IPC
watgpu608:254037:254248 [1] NCCL INFO ncclPollProxyResponse Received new opId=0x70d3c0003810
watgpu608:254036:254251 [0] NCCL INFO New proxy recv connection 23 from local rank 0, transport 0
watgpu608:254036:254251 [0] NCCL INFO proxyProgressAsync opId=0x7fab08003810 op.type=1 op.reqBuff=0x7fab340163b0 op.respSize=16 done
watgpu608:254037:254252 [1] NCCL INFO Received and initiated operation=Setup res=0
watgpu608:254038:254250 [2] NCCL INFO New proxy send connection 24 from local rank 2, transport 0
watgpu608:254038:254250 [2] NCCL INFO proxyProgressAsync opId=0x758828003810 op.type=1 op.reqBuff=0x758820017000 op.respSize=16 done
watgpu608:254036:254225 [0] NCCL INFO ncclPollProxyResponse Received new opId=0x7fab08003810
watgpu608:254038:254226 [2] NCCL INFO ncclPollProxyResponse Received new opId=0x758828003810
watgpu608:254038:254250 [2] NCCL INFO Received and initiated operation=Init res=0
watgpu608:254037:254248 [1] NCCL INFO resp.opId=0x70d3c0003810 matches expected opId=0x70d3c0003810
watgpu608:254036:254251 [0] NCCL INFO Received and initiated operation=Init res=0
watgpu608:254038:254226 [2] NCCL INFO resp.opId=0x758828003810 matches expected opId=0x758828003810
watgpu608:254038:254226 [2] NCCL INFO Connected to proxy localRank 2 -> connection 0x758820001e60
watgpu608:254036:254225 [0] NCCL INFO resp.opId=0x7fab08003810 matches expected opId=0x7fab08003810
watgpu608:254036:254225 [0] NCCL INFO Connected to proxy localRank 0 -> connection 0x7fab34001f18
watgpu608:254039:254249 [3] NCCL INFO transport/p2p.cc:218 Cuda Alloc Size 2097152 pointer 0x7f7cc0800000
watgpu608:254039:254249 [3] NCCL INFO Allocated shareable buffer 0x7f7cc0800000 size 2097152 ipcDesc 0x7f7c8400ad50
watgpu608:254037:254252 [1] NCCL INFO New proxy recv connection 21 from local rank 1, transport 0
watgpu608:254039:254249 [3] NCCL INFO proxyProgressAsync opId=0x7f7c8c003810 op.type=3 op.reqBuff=0x7f7c840163b0 op.respSize=80 done
watgpu608:254037:254252 [1] NCCL INFO proxyProgressAsync opId=0x70d3c0003810 op.type=1 op.reqBuff=0x70d3b8014b10 op.respSize=16 done
watgpu608:254037:254248 [1] NCCL INFO ncclPollProxyResponse Received new opId=0x70d3c0003810
watgpu608:254039:254227 [3] NCCL INFO ncclPollProxyResponse Received new opId=0x7f7c8c003810
watgpu608:254039:254249 [3] NCCL INFO Received and initiated operation=Setup res=0
watgpu608:254037:254252 [1] NCCL INFO Received and initiated operation=Init res=0
watgpu608:254039:254227 [3] NCCL INFO resp.opId=0x7f7c8c003810 matches expected opId=0x7f7c8c003810
watgpu608:254037:254248 [1] NCCL INFO resp.opId=0x70d3c0003810 matches expected opId=0x70d3c0003810
watgpu608:254039:254227 [3] NCCL INFO Channel 07/0 : 3[3] -> 2[2] via P2P/IPC
watgpu608:254037:254248 [1] NCCL INFO Connected to proxy localRank 1 -> connection 0x70d3b8001cf8
watgpu608:254039:254249 [3] NCCL INFO New proxy send connection 23 from local rank 3, transport 0
watgpu608:254039:254249 [3] NCCL INFO proxyProgressAsync opId=0x7f7c8c003810 op.type=1 op.reqBuff=0x7f7c840163b0 op.respSize=16 done
watgpu608:254039:254227 [3] NCCL INFO ncclPollProxyResponse Received new opId=0x7f7c8c003810
watgpu608:254039:254249 [3] NCCL INFO Received and initiated operation=Init res=0
watgpu608:254039:254227 [3] NCCL INFO resp.opId=0x7f7c8c003810 matches expected opId=0x7f7c8c003810
watgpu608:254039:254227 [3] NCCL INFO Connected to proxy localRank 3 -> connection 0x7f7c84001de8
watgpu608:254038:254250 [2] NCCL INFO transport/p2p.cc:218 Cuda Alloc Size 2097152 pointer 0x758860c00000
watgpu608:254038:254250 [2] NCCL INFO Allocated shareable buffer 0x758860c00000 size 2097152 ipcDesc 0x75882000ad50
watgpu608:254038:254250 [2] NCCL INFO proxyProgressAsync opId=0x758828003810 op.type=3 op.reqBuff=0x758820017c50 op.respSize=80 done
watgpu608:254038:254226 [2] NCCL INFO ncclPollProxyResponse Received new opId=0x758828003810
watgpu608:254038:254250 [2] NCCL INFO Received and initiated operation=Setup res=0
watgpu608:254038:254226 [2] NCCL INFO resp.opId=0x758828003810 matches expected opId=0x758828003810
watgpu608:254038:254226 [2] NCCL INFO Channel 01/0 : 2[2] -> 1[1] via P2P/IPC
watgpu608:254036:254251 [0] NCCL INFO transport/p2p.cc:218 Cuda Alloc Size 10485760 pointer 0x7fab48200000
watgpu608:254038:254250 [2] NCCL INFO New proxy send connection 25 from local rank 2, transport 0
watgpu608:254038:254250 [2] NCCL INFO proxyProgressAsync opId=0x758828003810 op.type=1 op.reqBuff=0x758820017c50 op.respSize=16 done
watgpu608:254036:254251 [0] NCCL INFO Allocated shareable buffer 0x7fab48200000 size 10485760 ipcDesc 0x7fab3400a060
watgpu608:254038:254226 [2] NCCL INFO ncclPollProxyResponse Received new opId=0x758828003810
watgpu608:254036:254251 [0] NCCL INFO proxyProgressAsync opId=0x7fab08003810 op.type=3 op.reqBuff=0x7fab34017000 op.respSize=80 done
watgpu608:254038:254250 [2] NCCL INFO Received and initiated operation=Init res=0
watgpu608:254038:254226 [2] NCCL INFO resp.opId=0x758828003810 matches expected opId=0x758828003810
watgpu608:254038:254226 [2] NCCL INFO Connected to proxy localRank 2 -> connection 0x758820001ed8
watgpu608:254036:254225 [0] NCCL INFO ncclPollProxyResponse Received new opId=0x7fab08003810
watgpu608:254036:254251 [0] NCCL INFO Received and initiated operation=Setup res=0
watgpu608:254036:254225 [0] NCCL INFO resp.opId=0x7fab08003810 matches expected opId=0x7fab08003810
watgpu608:254039:254249 [3] NCCL INFO transport/p2p.cc:218 Cuda Alloc Size 2097152 pointer 0x7f7cc0a00000
watgpu608:254039:254249 [3] NCCL INFO Allocated shareable buffer 0x7f7cc0a00000 size 2097152 ipcDesc 0x7f7c8400ad50
watgpu608:254039:254249 [3] NCCL INFO proxyProgressAsync opId=0x7f7c8c003810 op.type=3 op.reqBuff=0x7f7c84017000 op.respSize=80 done
watgpu608:254039:254227 [3] NCCL INFO ncclPollProxyResponse Received new opId=0x7f7c8c003810
watgpu608:254039:254249 [3] NCCL INFO Received and initiated operation=Setup res=0
watgpu608:254037:254252 [1] NCCL INFO transport/p2p.cc:218 Cuda Alloc Size 10485760 pointer 0x70d3f6e00000
watgpu608:254039:254227 [3] NCCL INFO resp.opId=0x7f7c8c003810 matches expected opId=0x7f7c8c003810
watgpu608:254037:254252 [1] NCCL INFO Allocated shareable buffer 0x70d3f6e00000 size 10485760 ipcDesc 0x70d3b800ad50
watgpu608:254037:254252 [1] NCCL INFO proxyProgressAsync opId=0x70d3c0003810 op.type=3 op.reqBuff=0x70d3b8015760 op.respSize=80 done
watgpu608:254037:254248 [1] NCCL INFO ncclPollProxyResponse Received new opId=0x70d3c0003810
watgpu608:254037:254252 [1] NCCL INFO Received and initiated operation=Setup res=0
watgpu608:254037:254248 [1] NCCL INFO resp.opId=0x70d3c0003810 matches expected opId=0x70d3c0003810
watgpu608:254038:254250 [2] NCCL INFO transport/p2p.cc:218 Cuda Alloc Size 2097152 pointer 0x758860e00000
watgpu608:254038:254250 [2] NCCL INFO Allocated shareable buffer 0x758860e00000 size 2097152 ipcDesc 0x75882000ad50
watgpu608:254038:254250 [2] NCCL INFO proxyProgressAsync opId=0x758828003810 op.type=3 op.reqBuff=0x7588200188a0 op.respSize=80 done
watgpu608:254038:254226 [2] NCCL INFO ncclPollProxyResponse Received new opId=0x758828003810
watgpu608:254038:254250 [2] NCCL INFO Received and initiated operation=Setup res=0
watgpu608:254038:254226 [2] NCCL INFO resp.opId=0x758828003810 matches expected opId=0x758828003810
watgpu608:254038:254226 [2] NCCL INFO Channel 02/0 : 2[2] -> 1[1] via P2P/IPC
watgpu608:254037:254252 [1] NCCL INFO New proxy recv connection 22 from local rank 1, transport 0
watgpu608:254037:254252 [1] NCCL INFO proxyProgressAsync opId=0x70d3c0003810 op.type=1 op.reqBuff=0x70d3b8015760 op.respSize=16 done
watgpu608:254038:254250 [2] NCCL INFO New proxy send connection 26 from local rank 2, transport 0
watgpu608:254038:254250 [2] NCCL INFO proxyProgressAsync opId=0x758828003810 op.type=1 op.reqBuff=0x7588200188a0 op.respSize=16 done
watgpu608:254037:254248 [1] NCCL INFO ncclPollProxyResponse Received new opId=0x70d3c0003810
watgpu608:254038:254226 [2] NCCL INFO ncclPollProxyResponse Received new opId=0x758828003810
watgpu608:254038:254250 [2] NCCL INFO Received and initiated operation=Init res=0
watgpu608:254037:254252 [1] NCCL INFO Received and initiated operation=Init res=0
watgpu608:254038:254226 [2] NCCL INFO resp.opId=0x758828003810 matches expected opId=0x758828003810
watgpu608:254038:254226 [2] NCCL INFO Connected to proxy localRank 2 -> connection 0x758820001f50
watgpu608:254037:254248 [1] NCCL INFO resp.opId=0x70d3c0003810 matches expected opId=0x70d3c0003810
watgpu608:254037:254248 [1] NCCL INFO Connected to proxy localRank 1 -> connection 0x70d3b8001d70
watgpu608:254038:254250 [2] NCCL INFO transport/p2p.cc:218 Cuda Alloc Size 2097152 pointer 0x758861000000
watgpu608:254038:254250 [2] NCCL INFO Allocated shareable buffer 0x758861000000 size 2097152 ipcDesc 0x75882000ad50
watgpu608:254038:254250 [2] NCCL INFO proxyProgressAsync opId=0x758828003810 op.type=3 op.reqBuff=0x7588200194f0 op.respSize=80 done
watgpu608:254038:254226 [2] NCCL INFO ncclPollProxyResponse Received new opId=0x758828003810
watgpu608:254038:254250 [2] NCCL INFO Received and initiated operation=Setup res=0
watgpu608:254038:254226 [2] NCCL INFO resp.opId=0x758828003810 matches expected opId=0x758828003810
watgpu608:254038:254226 [2] NCCL INFO Channel 03/0 : 2[2] -> 1[1] via P2P/IPC
watgpu608:254038:254250 [2] NCCL INFO New proxy send connection 27 from local rank 2, transport 0
watgpu608:254038:254250 [2] NCCL INFO proxyProgressAsync opId=0x758828003810 op.type=1 op.reqBuff=0x7588200194f0 op.respSize=16 done
watgpu608:254038:254226 [2] NCCL INFO ncclPollProxyResponse Received new opId=0x758828003810
watgpu608:254038:254250 [2] NCCL INFO Received and initiated operation=Init res=0
watgpu608:254038:254226 [2] NCCL INFO resp.opId=0x758828003810 matches expected opId=0x758828003810
watgpu608:254038:254226 [2] NCCL INFO Connected to proxy localRank 2 -> connection 0x758820001fc8
watgpu608:254037:254252 [1] NCCL INFO transport/p2p.cc:218 Cuda Alloc Size 10485760 pointer 0x70d3f7800000
watgpu608:254037:254252 [1] NCCL INFO Allocated shareable buffer 0x70d3f7800000 size 10485760 ipcDesc 0x70d3b800ad50
watgpu608:254037:254252 [1] NCCL INFO proxyProgressAsync opId=0x70d3c0003810 op.type=3 op.reqBuff=0x70d3b80163b0 op.respSize=80 done
watgpu608:254037:254248 [1] NCCL INFO ncclPollProxyResponse Received new opId=0x70d3c0003810
watgpu608:254037:254252 [1] NCCL INFO Received and initiated operation=Setup res=0
watgpu608:254037:254248 [1] NCCL INFO resp.opId=0x70d3c0003810 matches expected opId=0x70d3c0003810
watgpu608:254038:254250 [2] NCCL INFO transport/p2p.cc:218 Cuda Alloc Size 2097152 pointer 0x758861200000
watgpu608:254037:254252 [1] NCCL INFO New proxy recv connection 23 from local rank 1, transport 0
watgpu608:254038:254250 [2] NCCL INFO Allocated shareable buffer 0x758861200000 size 2097152 ipcDesc 0x75882000ad50
watgpu608:254037:254252 [1] NCCL INFO proxyProgressAsync opId=0x70d3c0003810 op.type=1 op.reqBuff=0x70d3b80163b0 op.respSize=16 done
watgpu608:254038:254250 [2] NCCL INFO proxyProgressAsync opId=0x758828003810 op.type=3 op.reqBuff=0x75882001a140 op.respSize=80 done
watgpu608:254038:254226 [2] NCCL INFO ncclPollProxyResponse Received new opId=0x758828003810
watgpu608:254037:254248 [1] NCCL INFO ncclPollProxyResponse Received new opId=0x70d3c0003810
watgpu608:254038:254250 [2] NCCL INFO Received and initiated operation=Setup res=0
watgpu608:254038:254226 [2] NCCL INFO resp.opId=0x758828003810 matches expected opId=0x758828003810
watgpu608:254038:254226 [2] NCCL INFO Channel 04/0 : 2[2] -> 1[1] via P2P/IPC
watgpu608:254037:254248 [1] NCCL INFO resp.opId=0x70d3c0003810 matches expected opId=0x70d3c0003810
watgpu608:254037:254248 [1] NCCL INFO Connected to proxy localRank 1 -> connection 0x70d3b8001de8
watgpu608:254038:254250 [2] NCCL INFO New proxy send connection 28 from local rank 2, transport 0
watgpu608:254037:254252 [1] NCCL INFO Received and initiated operation=Init res=0
watgpu608:254038:254250 [2] NCCL INFO proxyProgressAsync opId=0x758828003810 op.type=1 op.reqBuff=0x75882001a140 op.respSize=16 done
watgpu608:254038:254226 [2] NCCL INFO ncclPollProxyResponse Received new opId=0x758828003810
watgpu608:254038:254250 [2] NCCL INFO Received and initiated operation=Init res=0
watgpu608:254038:254226 [2] NCCL INFO resp.opId=0x758828003810 matches expected opId=0x758828003810
watgpu608:254038:254226 [2] NCCL INFO Connected to proxy localRank 2 -> connection 0x758820002040
watgpu608:254038:254250 [2] NCCL INFO transport/p2p.cc:218 Cuda Alloc Size 2097152 pointer 0x758861400000
watgpu608:254038:254250 [2] NCCL INFO Allocated shareable buffer 0x758861400000 size 2097152 ipcDesc 0x75882000ad50
watgpu608:254038:254250 [2] NCCL INFO proxyProgressAsync opId=0x758828003810 op.type=3 op.reqBuff=0x75882001ad90 op.respSize=80 done
watgpu608:254038:254226 [2] NCCL INFO ncclPollProxyResponse Received new opId=0x758828003810
watgpu608:254038:254250 [2] NCCL INFO Received and initiated operation=Setup res=0
watgpu608:254038:254226 [2] NCCL INFO resp.opId=0x758828003810 matches expected opId=0x758828003810
watgpu608:254038:254226 [2] NCCL INFO Channel 05/0 : 2[2] -> 1[1] via P2P/IPC
watgpu608:254038:254250 [2] NCCL INFO New proxy send connection 29 from local rank 2, transport 0
watgpu608:254038:254250 [2] NCCL INFO proxyProgressAsync opId=0x758828003810 op.type=1 op.reqBuff=0x75882001ad90 op.respSize=16 done
watgpu608:254038:254226 [2] NCCL INFO ncclPollProxyResponse Received new opId=0x758828003810
watgpu608:254037:254252 [1] NCCL INFO transport/p2p.cc:218 Cuda Alloc Size 10485760 pointer 0x70d3f8200000
watgpu608:254038:254250 [2] NCCL INFO Received and initiated operation=Init res=0
watgpu608:254038:254226 [2] NCCL INFO resp.opId=0x758828003810 matches expected opId=0x758828003810
watgpu608:254038:254226 [2] NCCL INFO Connected to proxy localRank 2 -> connection 0x7588200020b8
watgpu608:254037:254252 [1] NCCL INFO Allocated shareable buffer 0x70d3f8200000 size 10485760 ipcDesc 0x70d3b800ad50
watgpu608:254037:254252 [1] NCCL INFO proxyProgressAsync opId=0x70d3c0003810 op.type=3 op.reqBuff=0x70d3b8017000 op.respSize=80 done
watgpu608:254037:254248 [1] NCCL INFO ncclPollProxyResponse Received new opId=0x70d3c0003810
watgpu608:254037:254252 [1] NCCL INFO Received and initiated operation=Setup res=0
watgpu608:254037:254248 [1] NCCL INFO resp.opId=0x70d3c0003810 matches expected opId=0x70d3c0003810
watgpu608:254037:254248 [1] NCCL INFO Channel 00/0 : 1[1] -> 0[0] via P2P/IPC
watgpu608:254037:254252 [1] NCCL INFO New proxy send connection 24 from local rank 1, transport 0
watgpu608:254037:254252 [1] NCCL INFO proxyProgressAsync opId=0x70d3c0003810 op.type=1 op.reqBuff=0x70d3b8017000 op.respSize=16 done
watgpu608:254037:254248 [1] NCCL INFO ncclPollProxyResponse Received new opId=0x70d3c0003810
watgpu608:254037:254252 [1] NCCL INFO Received and initiated operation=Init res=0
watgpu608:254037:254248 [1] NCCL INFO resp.opId=0x70d3c0003810 matches expected opId=0x70d3c0003810
watgpu608:254038:254250 [2] NCCL INFO transport/p2p.cc:218 Cuda Alloc Size 2097152 pointer 0x758861600000
watgpu608:254037:254248 [1] NCCL INFO Connected to proxy localRank 1 -> connection 0x70d3b8001e60
watgpu608:254038:254250 [2] NCCL INFO Allocated shareable buffer 0x758861600000 size 2097152 ipcDesc 0x75882000ad50
watgpu608:254038:254250 [2] NCCL INFO proxyProgressAsync opId=0x758828003810 op.type=3 op.reqBuff=0x75882001b9e0 op.respSize=80 done
watgpu608:254038:254226 [2] NCCL INFO ncclPollProxyResponse Received new opId=0x758828003810
watgpu608:254038:254250 [2] NCCL INFO Received and initiated operation=Setup res=0
watgpu608:254038:254226 [2] NCCL INFO resp.opId=0x758828003810 matches expected opId=0x758828003810
watgpu608:254038:254226 [2] NCCL INFO Channel 06/0 : 2[2] -> 1[1] via P2P/IPC
watgpu608:254038:254250 [2] NCCL INFO New proxy send connection 30 from local rank 2, transport 0
watgpu608:254038:254250 [2] NCCL INFO proxyProgressAsync opId=0x758828003810 op.type=1 op.reqBuff=0x75882001b9e0 op.respSize=16 done
watgpu608:254038:254226 [2] NCCL INFO ncclPollProxyResponse Received new opId=0x758828003810
watgpu608:254038:254250 [2] NCCL INFO Received and initiated operation=Init res=0
watgpu608:254038:254226 [2] NCCL INFO resp.opId=0x758828003810 matches expected opId=0x758828003810
watgpu608:254038:254226 [2] NCCL INFO Connected to proxy localRank 2 -> connection 0x758820002130
watgpu608:254038:254250 [2] NCCL INFO transport/p2p.cc:218 Cuda Alloc Size 2097152 pointer 0x758861800000
watgpu608:254038:254250 [2] NCCL INFO Allocated shareable buffer 0x758861800000 size 2097152 ipcDesc 0x75882000ad50
watgpu608:254038:254250 [2] NCCL INFO proxyProgressAsync opId=0x758828003810 op.type=3 op.reqBuff=0x75882001c630 op.respSize=80 done
watgpu608:254038:254226 [2] NCCL INFO ncclPollProxyResponse Received new opId=0x758828003810
watgpu608:254038:254250 [2] NCCL INFO Received and initiated operation=Setup res=0
watgpu608:254038:254226 [2] NCCL INFO resp.opId=0x758828003810 matches expected opId=0x758828003810
watgpu608:254038:254226 [2] NCCL INFO Channel 07/0 : 2[2] -> 1[1] via P2P/IPC
watgpu608:254037:254252 [1] NCCL INFO transport/p2p.cc:218 Cuda Alloc Size 2097152 pointer 0x70d3f8c00000
watgpu608:254038:254250 [2] NCCL INFO New proxy send connection 31 from local rank 2, transport 0
watgpu608:254038:254250 [2] NCCL INFO proxyProgressAsync opId=0x758828003810 op.type=1 op.reqBuff=0x75882001c630 op.respSize=16 done
watgpu608:254038:254226 [2] NCCL INFO ncclPollProxyResponse Received new opId=0x758828003810
watgpu608:254038:254250 [2] NCCL INFO Received and initiated operation=Init res=0
watgpu608:254038:254226 [2] NCCL INFO resp.opId=0x758828003810 matches expected opId=0x758828003810
watgpu608:254038:254226 [2] NCCL INFO Connected to proxy localRank 2 -> connection 0x7588200021a8
watgpu608:254037:254252 [1] NCCL INFO Allocated shareable buffer 0x70d3f8c00000 size 2097152 ipcDesc 0x70d3b800ad50
watgpu608:254037:254252 [1] NCCL INFO proxyProgressAsync opId=0x70d3c0003810 op.type=3 op.reqBuff=0x70d3b8017c50 op.respSize=80 done
watgpu608:254037:254248 [1] NCCL INFO ncclPollProxyResponse Received new opId=0x70d3c0003810
watgpu608:254037:254252 [1] NCCL INFO Received and initiated operation=Setup res=0
watgpu608:254037:254248 [1] NCCL INFO resp.opId=0x70d3c0003810 matches expected opId=0x70d3c0003810
watgpu608:254037:254248 [1] NCCL INFO Channel 01/0 : 1[1] -> 0[0] via P2P/IPC
watgpu608:254037:254252 [1] NCCL INFO New proxy send connection 25 from local rank 1, transport 0
watgpu608:254037:254252 [1] NCCL INFO proxyProgressAsync opId=0x70d3c0003810 op.type=1 op.reqBuff=0x70d3b8017c50 op.respSize=16 done
watgpu608:254037:254248 [1] NCCL INFO ncclPollProxyResponse Received new opId=0x70d3c0003810
watgpu608:254037:254252 [1] NCCL INFO Received and initiated operation=Init res=0
watgpu608:254038:254250 [2] NCCL INFO transport/p2p.cc:218 Cuda Alloc Size 2097152 pointer 0x758861a00000
watgpu608:254038:254250 [2] NCCL INFO Allocated shareable buffer 0x758861a00000 size 2097152 ipcDesc 0x75882000ad50
watgpu608:254037:254248 [1] NCCL INFO resp.opId=0x70d3c0003810 matches expected opId=0x70d3c0003810
watgpu608:254038:254250 [2] NCCL INFO proxyProgressAsync opId=0x758828003810 op.type=3 op.reqBuff=0x75882001d280 op.respSize=80 done
watgpu608:254037:254248 [1] NCCL INFO Connected to proxy localRank 1 -> connection 0x70d3b8001ed8
watgpu608:254038:254226 [2] NCCL INFO ncclPollProxyResponse Received new opId=0x758828003810
watgpu608:254038:254226 [2] NCCL INFO resp.opId=0x758828003810 matches expected opId=0x758828003810
watgpu608:254038:254250 [2] NCCL INFO Received and initiated operation=Setup res=0
watgpu608:254039:254227 [3] NCCL INFO Imported shareable buffer device 3 size 10485760 ptr 0x7f7cc0c00000
watgpu608:254037:254252 [1] NCCL INFO transport/p2p.cc:218 Cuda Alloc Size 2097152 pointer 0x70d3f8e00000
watgpu608:254037:254252 [1] NCCL INFO Allocated shareable buffer 0x70d3f8e00000 size 2097152 ipcDesc 0x70d3b800ad50
watgpu608:254037:254252 [1] NCCL INFO proxyProgressAsync opId=0x70d3c0003810 op.type=3 op.reqBuff=0x70d3b80188a0 op.respSize=80 done
watgpu608:254037:254248 [1] NCCL INFO ncclPollProxyResponse Received new opId=0x70d3c0003810
watgpu608:254039:254227 [3] NCCL INFO Imported shareable buffer device 3 size 10485760 ptr 0x7f7cc1600000
watgpu608:254037:254252 [1] NCCL INFO Received and initiated operation=Setup res=0
watgpu608:254037:254248 [1] NCCL INFO resp.opId=0x70d3c0003810 matches expected opId=0x70d3c0003810
watgpu608:254037:254248 [1] NCCL INFO Channel 02/0 : 1[1] -> 0[0] via P2P/IPC
watgpu608:254037:254252 [1] NCCL INFO New proxy send connection 26 from local rank 1, transport 0
watgpu608:254037:254252 [1] NCCL INFO proxyProgressAsync opId=0x70d3c0003810 op.type=1 op.reqBuff=0x70d3b80188a0 op.respSize=16 done
watgpu608:254039:254227 [3] NCCL INFO Imported shareable buffer device 3 size 10485760 ptr 0x7f7cc2000000
watgpu608:254037:254248 [1] NCCL INFO ncclPollProxyResponse Received new opId=0x70d3c0003810
watgpu608:254037:254252 [1] NCCL INFO Received and initiated operation=Init res=0
watgpu608:254037:254248 [1] NCCL INFO resp.opId=0x70d3c0003810 matches expected opId=0x70d3c0003810
watgpu608:254037:254248 [1] NCCL INFO Connected to proxy localRank 1 -> connection 0x70d3b8001f50
watgpu608:254039:254227 [3] NCCL INFO Imported shareable buffer device 3 size 10485760 ptr 0x7f7cc2a00000
watgpu608:254039:254227 [3] NCCL INFO Imported shareable buffer device 3 size 10485760 ptr 0x7f7cc3400000
watgpu608:254037:254252 [1] NCCL INFO transport/p2p.cc:218 Cuda Alloc Size 2097152 pointer 0x70d3f9000000
watgpu608:254037:254252 [1] NCCL INFO Allocated shareable buffer 0x70d3f9000000 size 2097152 ipcDesc 0x70d3b800ad50
watgpu608:254037:254252 [1] NCCL INFO proxyProgressAsync opId=0x70d3c0003810 op.type=3 op.reqBuff=0x70d3b80194f0 op.respSize=80 done
watgpu608:254037:254248 [1] NCCL INFO ncclPollProxyResponse Received new opId=0x70d3c0003810
watgpu608:254037:254252 [1] NCCL INFO Received and initiated operation=Setup res=0
watgpu608:254037:254248 [1] NCCL INFO resp.opId=0x70d3c0003810 matches expected opId=0x70d3c0003810
watgpu608:254037:254248 [1] NCCL INFO Channel 03/0 : 1[1] -> 0[0] via P2P/IPC
watgpu608:254039:254227 [3] NCCL INFO Imported shareable buffer device 3 size 10485760 ptr 0x7f7cc3e00000
watgpu608:254037:254252 [1] NCCL INFO New proxy send connection 27 from local rank 1, transport 0
watgpu608:254037:254252 [1] NCCL INFO proxyProgressAsync opId=0x70d3c0003810 op.type=1 op.reqBuff=0x70d3b80194f0 op.respSize=16 done
watgpu608:254037:254248 [1] NCCL INFO ncclPollProxyResponse Received new opId=0x70d3c0003810
watgpu608:254037:254252 [1] NCCL INFO Received and initiated operation=Init res=0
watgpu608:254037:254248 [1] NCCL INFO resp.opId=0x70d3c0003810 matches expected opId=0x70d3c0003810
watgpu608:254037:254248 [1] NCCL INFO Connected to proxy localRank 1 -> connection 0x70d3b8001fc8
watgpu608:254039:254227 [3] NCCL INFO Imported shareable buffer device 3 size 10485760 ptr 0x7f7cc4800000
watgpu608:254039:254227 [3] NCCL INFO Imported shareable buffer device 3 size 10485760 ptr 0x7f7cc5200000
watgpu608:254037:254252 [1] NCCL INFO transport/p2p.cc:218 Cuda Alloc Size 2097152 pointer 0x70d3f9200000
watgpu608:254037:254252 [1] NCCL INFO Allocated shareable buffer 0x70d3f9200000 size 2097152 ipcDesc 0x70d3b800ad50
watgpu608:254037:254252 [1] NCCL INFO proxyProgressAsync opId=0x70d3c0003810 op.type=3 op.reqBuff=0x70d3b801a140 op.respSize=80 done
watgpu608:254037:254248 [1] NCCL INFO ncclPollProxyResponse Received new opId=0x70d3c0003810
watgpu608:254037:254252 [1] NCCL INFO Received and initiated operation=Setup res=0
watgpu608:254037:254248 [1] NCCL INFO resp.opId=0x70d3c0003810 matches expected opId=0x70d3c0003810
watgpu608:254037:254248 [1] NCCL INFO Channel 04/0 : 1[1] -> 0[0] via P2P/IPC
watgpu608:254037:254252 [1] NCCL INFO New proxy send connection 28 from local rank 1, transport 0
watgpu608:254037:254252 [1] NCCL INFO proxyProgressAsync opId=0x70d3c0003810 op.type=1 op.reqBuff=0x70d3b801a140 op.respSize=16 done
watgpu608:254037:254248 [1] NCCL INFO ncclPollProxyResponse Received new opId=0x70d3c0003810
watgpu608:254037:254252 [1] NCCL INFO Received and initiated operation=Init res=0
watgpu608:254037:254248 [1] NCCL INFO resp.opId=0x70d3c0003810 matches expected opId=0x70d3c0003810
watgpu608:254037:254248 [1] NCCL INFO Connected to proxy localRank 1 -> connection 0x70d3b8002040
watgpu608:254037:254252 [1] NCCL INFO transport/p2p.cc:218 Cuda Alloc Size 2097152 pointer 0x70d3f9400000
watgpu608:254037:254252 [1] NCCL INFO Allocated shareable buffer 0x70d3f9400000 size 2097152 ipcDesc 0x70d3b800ad50
watgpu608:254037:254252 [1] NCCL INFO proxyProgressAsync opId=0x70d3c0003810 op.type=3 op.reqBuff=0x70d3b801ad90 op.respSize=80 done
watgpu608:254037:254248 [1] NCCL INFO ncclPollProxyResponse Received new opId=0x70d3c0003810
watgpu608:254037:254252 [1] NCCL INFO Received and initiated operation=Setup res=0
watgpu608:254037:254248 [1] NCCL INFO resp.opId=0x70d3c0003810 matches expected opId=0x70d3c0003810
watgpu608:254037:254248 [1] NCCL INFO Channel 05/0 : 1[1] -> 0[0] via P2P/IPC
watgpu608:254037:254252 [1] NCCL INFO New proxy send connection 29 from local rank 1, transport 0
watgpu608:254037:254252 [1] NCCL INFO proxyProgressAsync opId=0x70d3c0003810 op.type=1 op.reqBuff=0x70d3b801ad90 op.respSize=16 done
watgpu608:254037:254248 [1] NCCL INFO ncclPollProxyResponse Received new opId=0x70d3c0003810
watgpu608:254037:254252 [1] NCCL INFO Received and initiated operation=Init res=0
watgpu608:254037:254248 [1] NCCL INFO resp.opId=0x70d3c0003810 matches expected opId=0x70d3c0003810
watgpu608:254037:254248 [1] NCCL INFO Connected to proxy localRank 1 -> connection 0x70d3b80020b8
watgpu608:254037:254252 [1] NCCL INFO transport/p2p.cc:218 Cuda Alloc Size 2097152 pointer 0x70d3f9600000
watgpu608:254037:254252 [1] NCCL INFO Allocated shareable buffer 0x70d3f9600000 size 2097152 ipcDesc 0x70d3b800ad50
watgpu608:254037:254252 [1] NCCL INFO proxyProgressAsync opId=0x70d3c0003810 op.type=3 op.reqBuff=0x70d3b801b9e0 op.respSize=80 done
watgpu608:254037:254248 [1] NCCL INFO ncclPollProxyResponse Received new opId=0x70d3c0003810
watgpu608:254037:254252 [1] NCCL INFO Received and initiated operation=Setup res=0
watgpu608:254037:254248 [1] NCCL INFO resp.opId=0x70d3c0003810 matches expected opId=0x70d3c0003810
watgpu608:254037:254248 [1] NCCL INFO Channel 06/0 : 1[1] -> 0[0] via P2P/IPC
watgpu608:254037:254252 [1] NCCL INFO New proxy send connection 30 from local rank 1, transport 0
watgpu608:254037:254252 [1] NCCL INFO proxyProgressAsync opId=0x70d3c0003810 op.type=1 op.reqBuff=0x70d3b801b9e0 op.respSize=16 done
watgpu608:254037:254248 [1] NCCL INFO ncclPollProxyResponse Received new opId=0x70d3c0003810
watgpu608:254037:254252 [1] NCCL INFO Received and initiated operation=Init res=0
watgpu608:254037:254248 [1] NCCL INFO resp.opId=0x70d3c0003810 matches expected opId=0x70d3c0003810
watgpu608:254037:254248 [1] NCCL INFO Connected to proxy localRank 1 -> connection 0x70d3b8002130
watgpu608:254037:254252 [1] NCCL INFO transport/p2p.cc:218 Cuda Alloc Size 2097152 pointer 0x70d3f9800000
watgpu608:254037:254252 [1] NCCL INFO Allocated shareable buffer 0x70d3f9800000 size 2097152 ipcDesc 0x70d3b800ad50
watgpu608:254037:254252 [1] NCCL INFO proxyProgressAsync opId=0x70d3c0003810 op.type=3 op.reqBuff=0x70d3b801c630 op.respSize=80 done
watgpu608:254037:254248 [1] NCCL INFO ncclPollProxyResponse Received new opId=0x70d3c0003810
watgpu608:254037:254252 [1] NCCL INFO Received and initiated operation=Setup res=0
watgpu608:254037:254248 [1] NCCL INFO resp.opId=0x70d3c0003810 matches expected opId=0x70d3c0003810
watgpu608:254037:254248 [1] NCCL INFO Channel 07/0 : 1[1] -> 0[0] via P2P/IPC
watgpu608:254037:254252 [1] NCCL INFO New proxy send connection 31 from local rank 1, transport 0
watgpu608:254037:254252 [1] NCCL INFO proxyProgressAsync opId=0x70d3c0003810 op.type=1 op.reqBuff=0x70d3b801c630 op.respSize=16 done
watgpu608:254037:254248 [1] NCCL INFO ncclPollProxyResponse Received new opId=0x70d3c0003810
watgpu608:254037:254252 [1] NCCL INFO Received and initiated operation=Init res=0
watgpu608:254037:254248 [1] NCCL INFO resp.opId=0x70d3c0003810 matches expected opId=0x70d3c0003810
watgpu608:254037:254248 [1] NCCL INFO Connected to proxy localRank 1 -> connection 0x70d3b80021a8
watgpu608:254037:254252 [1] NCCL INFO transport/p2p.cc:218 Cuda Alloc Size 2097152 pointer 0x70d3f9a00000
watgpu608:254037:254252 [1] NCCL INFO Allocated shareable buffer 0x70d3f9a00000 size 2097152 ipcDesc 0x70d3b800ad50
watgpu608:254037:254252 [1] NCCL INFO proxyProgressAsync opId=0x70d3c0003810 op.type=3 op.reqBuff=0x70d3b801d280 op.respSize=80 done
watgpu608:254037:254248 [1] NCCL INFO ncclPollProxyResponse Received new opId=0x70d3c0003810
watgpu608:254037:254252 [1] NCCL INFO Received and initiated operation=Setup res=0
watgpu608:254037:254248 [1] NCCL INFO resp.opId=0x70d3c0003810 matches expected opId=0x70d3c0003810
watgpu608:254038:254226 [2] NCCL INFO Imported shareable buffer device 2 size 10485760 ptr 0x758861c00000
watgpu608:254036:254225 [0] NCCL INFO Imported shareable buffer device 0 size 2097152 ptr 0x7fab48c00000
watgpu608:254036:254225 [0] NCCL INFO Imported shareable buffer device 0 size 2097152 ptr 0x7fab48e00000
watgpu608:254038:254226 [2] NCCL INFO Imported shareable buffer device 2 size 2097152 ptr 0x758862600000
watgpu608:254037:254248 [1] NCCL INFO Imported shareable buffer device 1 size 10485760 ptr 0x70d3f9c00000
watgpu608:254036:254225 [0] NCCL INFO Imported shareable buffer device 0 size 2097152 ptr 0x7fab49000000
watgpu608:254038:254226 [2] NCCL INFO Imported shareable buffer device 2 size 10485760 ptr 0x758862800000
watgpu608:254037:254248 [1] NCCL INFO Imported shareable buffer device 1 size 2097152 ptr 0x70d3fa600000
watgpu608:254037:254248 [1] NCCL INFO Imported shareable buffer device 1 size 10485760 ptr 0x70d3fa800000
watgpu608:254036:254225 [0] NCCL INFO Imported shareable buffer device 0 size 2097152 ptr 0x7fab49200000
watgpu608:254037:254248 [1] NCCL INFO Imported shareable buffer device 1 size 2097152 ptr 0x70d3fb200000
watgpu608:254038:254226 [2] NCCL INFO Imported shareable buffer device 2 size 2097152 ptr 0x758863200000
watgpu608:254038:254226 [2] NCCL INFO Imported shareable buffer device 2 size 10485760 ptr 0x758863400000
watgpu608:254036:254225 [0] NCCL INFO Imported shareable buffer device 0 size 2097152 ptr 0x7fab49400000
watgpu608:254037:254248 [1] NCCL INFO Imported shareable buffer device 1 size 10485760 ptr 0x70d3fb400000
watgpu608:254037:254248 [1] NCCL INFO Imported shareable buffer device 1 size 2097152 ptr 0x70d3fbe00000
watgpu608:254037:254248 [1] NCCL INFO Imported shareable buffer device 1 size 10485760 ptr 0x70d3fc000000
watgpu608:254038:254226 [2] NCCL INFO Imported shareable buffer device 2 size 2097152 ptr 0x758863e00000
watgpu608:254036:254225 [0] NCCL INFO Imported shareable buffer device 0 size 2097152 ptr 0x7fab49600000
watgpu608:254036:254225 [0] NCCL INFO Imported shareable buffer device 0 size 2097152 ptr 0x7fab49800000
watgpu608:254037:254248 [1] NCCL INFO Imported shareable buffer device 1 size 2097152 ptr 0x70d3fca00000
watgpu608:254037:254248 [1] NCCL INFO Imported shareable buffer device 1 size 10485760 ptr 0x70d3fcc00000
watgpu608:254038:254226 [2] NCCL INFO Imported shareable buffer device 2 size 10485760 ptr 0x758864000000
watgpu608:254036:254225 [0] NCCL INFO Imported shareable buffer device 0 size 2097152 ptr 0x7fab49a00000
watgpu608:254038:254226 [2] NCCL INFO Imported shareable buffer device 2 size 2097152 ptr 0x758864a00000
watgpu608:254037:254248 [1] NCCL INFO Imported shareable buffer device 1 size 2097152 ptr 0x70d3fd600000
watgpu608:254037:254248 [1] NCCL INFO Imported shareable buffer device 1 size 10485760 ptr 0x70d3fd800000
watgpu608:254038:254226 [2] NCCL INFO Imported shareable buffer device 2 size 10485760 ptr 0x758864c00000
watgpu608:254038:254226 [2] NCCL INFO Imported shareable buffer device 2 size 2097152 ptr 0x758865600000
watgpu608:254037:254248 [1] NCCL INFO Imported shareable buffer device 1 size 2097152 ptr 0x70d3fe200000
watgpu608:254037:254248 [1] NCCL INFO Imported shareable buffer device 1 size 10485760 ptr 0x70d3fe400000
watgpu608:254038:254226 [2] NCCL INFO Imported shareable buffer device 2 size 10485760 ptr 0x758865800000
watgpu608:254038:254226 [2] NCCL INFO Imported shareable buffer device 2 size 2097152 ptr 0x758866200000
watgpu608:254037:254248 [1] NCCL INFO Imported shareable buffer device 1 size 2097152 ptr 0x70d3b6000000
watgpu608:254037:254248 [1] NCCL INFO Imported shareable buffer device 1 size 10485760 ptr 0x70d3b6200000
watgpu608:254038:254226 [2] NCCL INFO Imported shareable buffer device 2 size 10485760 ptr 0x758866400000
watgpu608:254037:254248 [1] NCCL INFO Imported shareable buffer device 1 size 2097152 ptr 0x70d3b6c00000
watgpu608:254038:254226 [2] NCCL INFO Imported shareable buffer device 2 size 2097152 ptr 0x75881e000000
watgpu608:254038:254226 [2] NCCL INFO Imported shareable buffer device 2 size 10485760 ptr 0x75881e200000
watgpu608:254036:254225 [0] NCCL INFO Connected all trees
watgpu608:254036:254225 [0] NCCL INFO NCCL_PROTO set by environment to Simple
watgpu608:254036:254225 [0] NCCL INFO NCCL_ALGO set by environment to Tree,Ring
watgpu608:254036:254225 [0] NCCL INFO   Algorithm   |                            Tree                  |                            Ring                  |                   CollNetDirect                  |
watgpu608:254036:254225 [0] NCCL INFO   Protocol    |             LL |          LL128 |         Simple |             LL |          LL128 |         Simple |             LL |          LL128 |         Simple |
watgpu608:254036:254225 [0] NCCL INFO  Max NThreads |            512 |            640 |            512 |            512 |            640 |            512 |              0 |              0 |            640 |
watgpu608:254036:254225 [0] NCCL INFO     Broadcast |     0.0/   0.0 |     0.0/   0.0 |     0.0/   0.0 |     7.6/   0.0 |    16.5/   0.0 |    14.1/  24.0 |     0.0/   0.0 |     0.0/   0.0 |     0.0/   0.0 |
watgpu608:254036:254225 [0] NCCL INFO        Reduce |     0.0/   0.0 |     0.0/   0.0 |     0.0/   0.0 |     7.6/   0.0 |    16.5/   0.0 |    14.1/  24.0 |     0.0/   0.0 |     0.0/   0.0 |     0.0/   0.0 |
watgpu608:254036:254225 [0] NCCL INFO     AllGather |     0.0/   0.0 |     0.0/   0.0 |     0.0/   0.0 |     9.6/   0.0 |    21.5/   0.0 |    25.5/  32.0 |     2.4/   0.0 |     2.4/   0.0 |    40.8/   0.0 |
watgpu608:254036:254225 [0] NCCL INFO ReduceScatter |     0.0/   0.0 |     0.0/   0.0 |     0.0/   0.0 |     9.6/   0.0 |    21.5/   0.0 |    25.5/  32.0 |     2.4/   0.0 |     2.4/   0.0 |    40.8/   0.0 |
watgpu608:254038:254226 [2] NCCL INFO Imported shareable buffer device 2 size 2097152 ptr 0x75881ec00000
watgpu608:254036:254225 [0] NCCL INFO     AllReduce |    12.8/   0.0 |    25.4/   0.0 |   168.0/  11.0 |    12.6/   0.0 |    29.0/   0.0 |    42.6/  16.0 |     2.4/   0.0 |     2.4/   0.0 |    40.8/   0.0 |
watgpu608:254036:254225 [0] NCCL INFO   Algorithm   |                    CollNetChain                  |                            NVLS                  |                        NVLSTree                  |
watgpu608:254036:254225 [0] NCCL INFO   Protocol    |             LL |          LL128 |         Simple |             LL |          LL128 |         Simple |             LL |          LL128 |         Simple |
watgpu608:254036:254225 [0] NCCL INFO  Max NThreads |              0 |              0 |            640 |              0 |              0 |            640 |              0 |              0 |            640 |
watgpu608:254036:254225 [0] NCCL INFO     Broadcast |     0.0/   0.0 |     0.0/   0.0 |     0.0/   0.0 |     0.0/   0.0 |     0.0/   0.0 |     0.0/   0.0 |     0.0/   0.0 |     0.0/   0.0 |     0.0/   0.0 |
watgpu608:254036:254225 [0] NCCL INFO        Reduce |     0.0/   0.0 |     0.0/   0.0 |     0.0/   0.0 |     0.0/   0.0 |     0.0/   0.0 |     0.0/   0.0 |     0.0/   0.0 |     0.0/   0.0 |     0.0/   0.0 |
watgpu608:254036:254225 [0] NCCL INFO     AllGather |     0.0/   0.0 |     0.0/   0.0 |     0.0/   0.0 |     0.0/   0.0 |     0.0/   0.0 |     0.0/   0.0 |     0.0/   0.0 |     0.0/   0.0 |     0.0/   0.0 |
watgpu608:254036:254225 [0] NCCL INFO ReduceScatter |     0.0/   0.0 |     0.0/   0.0 |     0.0/   0.0 |     0.0/   0.0 |     0.0/   0.0 |     0.0/   0.0 |     0.0/   0.0 |     0.0/   0.0 |     0.0/   0.0 |
watgpu608:254036:254225 [0] NCCL INFO     AllReduce |     0.0/   0.0 |     0.0/   0.0 |    46.8/   0.0 |     0.0/   0.0 |     0.0/   0.0 |     0.0/   0.0 |     0.0/   0.0 |     0.0/   0.0 |     0.0/   0.0 |
watgpu608:254036:254225 [0] NCCL INFO threadThresholds 8/8/64 | 32/8/64 | 512 | 512
watgpu608:254036:254225 [0] NCCL INFO 8 coll channels, 8 collnet channels, 0 nvls channels, 8 p2p channels, 2 p2p channels per peer
watgpu608:254037:254248 [1] NCCL INFO Connected all trees
watgpu608:254037:254248 [1] NCCL INFO NCCL_PROTO set by environment to Simple
watgpu608:254037:254248 [1] NCCL INFO NCCL_ALGO set by environment to Tree,Ring
watgpu608:254039:254227 [3] NCCL INFO Connected all trees
watgpu608:254037:254248 [1] NCCL INFO threadThresholds 8/8/64 | 32/8/64 | 512 | 512
watgpu608:254037:254248 [1] NCCL INFO 8 coll channels, 8 collnet channels, 0 nvls channels, 8 p2p channels, 2 p2p channels per peer
watgpu608:254039:254227 [3] NCCL INFO NCCL_PROTO set by environment to Simple
watgpu608:254039:254227 [3] NCCL INFO NCCL_ALGO set by environment to Tree,Ring
watgpu608:254039:254227 [3] NCCL INFO threadThresholds 8/8/64 | 32/8/64 | 512 | 512
watgpu608:254039:254227 [3] NCCL INFO 8 coll channels, 8 collnet channels, 0 nvls channels, 8 p2p channels, 2 p2p channels per peer
watgpu608:254038:254226 [2] NCCL INFO Connected all trees
watgpu608:254038:254226 [2] NCCL INFO NCCL_PROTO set by environment to Simple
watgpu608:254038:254226 [2] NCCL INFO NCCL_ALGO set by environment to Tree,Ring
watgpu608:254038:254226 [2] NCCL INFO threadThresholds 8/8/64 | 32/8/64 | 512 | 512
watgpu608:254038:254226 [2] NCCL INFO 8 coll channels, 8 collnet channels, 0 nvls channels, 8 p2p channels, 2 p2p channels per peer
watgpu608:254038:254250 [2] NCCL INFO Allocated 7340388 bytes of shared memory in /dev/shm/nccl-jPB73A
watgpu608:254036:254251 [0] NCCL INFO Allocated 7340388 bytes of shared memory in /dev/shm/nccl-0TBVbV
watgpu608:254039:254249 [3] NCCL INFO Allocated 7340388 bytes of shared memory in /dev/shm/nccl-InAApL
watgpu608:254038:254250 [2] NCCL INFO New proxy send connection 32 from local rank 2, transport 2
watgpu608:254038:254250 [2] NCCL INFO proxyProgressAsync opId=0x758828003810 op.type=1 op.reqBuff=0x75882001d280 op.respSize=16 done
watgpu608:254038:254226 [2] NCCL INFO ncclPollProxyResponse Received new opId=0x758828003810
watgpu608:254038:254250 [2] NCCL INFO Received and initiated operation=Init res=0
watgpu608:254037:254252 [1] NCCL INFO Allocated 7340388 bytes of shared memory in /dev/shm/nccl-EDavMB
watgpu608:254038:254226 [2] NCCL INFO resp.opId=0x758828003810 matches expected opId=0x758828003810
watgpu608:254038:254226 [2] NCCL INFO Connected to proxy localRank 2 -> connection 0x758820002220
watgpu608:254038:254250 [2] NCCL INFO transport/net.cc:510 Cuda Alloc Size 16777216 pointer 0x75881ee00000
watgpu608:254038:254250 [2] NCCL INFO proxyProgressAsync opId=0x758828003810 op.type=2 op.reqBuff=0x75882001ded0 op.respSize=0 done
watgpu608:254038:254226 [2] NCCL INFO ncclPollProxyResponse Received new opId=0x758828003810
watgpu608:254038:254226 [2] NCCL INFO resp.opId=0x758828003810 matches expected opId=0x758828003810
watgpu608:254038:254250 [2] NCCL INFO Received and initiated operation=SharedInit res=0
watgpu608:254038:254226 [2] NCCL INFO init.cc:402 Cuda Alloc Size 11856 pointer 0x758847407000
watgpu608:254036:254251 [0] NCCL INFO New proxy send connection 24 from local rank 0, transport 2
watgpu608:254036:254251 [0] NCCL INFO proxyProgressAsync opId=0x7fab08003810 op.type=1 op.reqBuff=0x7fab34017000 op.respSize=16 done
watgpu608:254036:254251 [0] NCCL INFO Received and initiated operation=Init res=0
watgpu608:254036:254225 [0] NCCL INFO ncclPollProxyResponse Received new opId=0x7fab08003810
watgpu608:254039:254249 [3] NCCL INFO New proxy send connection 24 from local rank 3, transport 2
watgpu608:254039:254249 [3] NCCL INFO proxyProgressAsync opId=0x7f7c8c003810 op.type=1 op.reqBuff=0x7f7c84017000 op.respSize=16 done
watgpu608:254036:254225 [0] NCCL INFO resp.opId=0x7fab08003810 matches expected opId=0x7fab08003810
watgpu608:254039:254227 [3] NCCL INFO ncclPollProxyResponse Received new opId=0x7f7c8c003810
watgpu608:254039:254249 [3] NCCL INFO Received and initiated operation=Init res=0
watgpu608:254039:254227 [3] NCCL INFO resp.opId=0x7f7c8c003810 matches expected opId=0x7f7c8c003810
watgpu608:254036:254225 [0] NCCL INFO Connected to proxy localRank 0 -> connection 0x7fab34001f90
watgpu608:254039:254227 [3] NCCL INFO Connected to proxy localRank 3 -> connection 0x7f7c84001e60
watgpu608:254036:254251 [0] NCCL INFO transport/net.cc:510 Cuda Alloc Size 16777216 pointer 0x7fab49c00000
watgpu608:254036:254251 [0] NCCL INFO proxyProgressAsync opId=0x7fab08003810 op.type=2 op.reqBuff=0x7fab34017c50 op.respSize=0 done
watgpu608:254036:254225 [0] NCCL INFO ncclPollProxyResponse Received new opId=0x7fab08003810
watgpu608:254036:254251 [0] NCCL INFO Received and initiated operation=SharedInit res=0
watgpu608:254039:254249 [3] NCCL INFO transport/net.cc:510 Cuda Alloc Size 16777216 pointer 0x7f7cc5c00000
watgpu608:254039:254249 [3] NCCL INFO proxyProgressAsync opId=0x7f7c8c003810 op.type=2 op.reqBuff=0x7f7c84017c50 op.respSize=0 done
watgpu608:254039:254227 [3] NCCL INFO ncclPollProxyResponse Received new opId=0x7f7c8c003810
watgpu608:254039:254249 [3] NCCL INFO Received and initiated operation=SharedInit res=0
watgpu608:254036:254225 [0] NCCL INFO resp.opId=0x7fab08003810 matches expected opId=0x7fab08003810
watgpu608:254039:254227 [3] NCCL INFO resp.opId=0x7f7c8c003810 matches expected opId=0x7f7c8c003810
watgpu608:254036:254225 [0] NCCL INFO init.cc:402 Cuda Alloc Size 11856 pointer 0x7fab29407000
watgpu608:254039:254227 [3] NCCL INFO init.cc:402 Cuda Alloc Size 11856 pointer 0x7f7cab407000
watgpu608:254037:254252 [1] NCCL INFO New proxy send connection 32 from local rank 1, transport 2
watgpu608:254037:254252 [1] NCCL INFO proxyProgressAsync opId=0x70d3c0003810 op.type=1 op.reqBuff=0x70d3b801d280 op.respSize=16 done
watgpu608:254037:254248 [1] NCCL INFO ncclPollProxyResponse Received new opId=0x70d3c0003810
watgpu608:254037:254252 [1] NCCL INFO Received and initiated operation=Init res=0
watgpu608:254037:254248 [1] NCCL INFO resp.opId=0x70d3c0003810 matches expected opId=0x70d3c0003810
watgpu608:254037:254248 [1] NCCL INFO Connected to proxy localRank 1 -> connection 0x70d3b8002220
watgpu608:254037:254252 [1] NCCL INFO transport/net.cc:510 Cuda Alloc Size 16777216 pointer 0x70d3b6e00000
watgpu608:254037:254252 [1] NCCL INFO proxyProgressAsync opId=0x70d3c0003810 op.type=2 op.reqBuff=0x70d3b801ded0 op.respSize=0 done
