watgpu608:254037:254248 [1] NCCL INFO ncclPollProxyResponse Received new opId=0x70d3c0003810
watgpu608:254037:254248 [1] NCCL INFO resp.opId=0x70d3c0003810 matches expected opId=0x70d3c0003810
watgpu608:254037:254252 [1] NCCL INFO Received and initiated operation=SharedInit res=0
watgpu608:254037:254248 [1] NCCL INFO init.cc:402 Cuda Alloc Size 11856 pointer 0x70d3df407000
watgpu608:254038:254226 [2] NCCL INFO init.cc:430 Cuda Host Alloc Size 33554432 pointer 0x758816000000
watgpu608:254038:254226 [2] NCCL INFO init.cc:436 Cuda Host Alloc Size 128 pointer 0x758847200200
watgpu608:254036:254225 [0] NCCL INFO init.cc:430 Cuda Host Alloc Size 33554432 pointer 0x7fab4ac00000
watgpu608:254036:254225 [0] NCCL INFO init.cc:436 Cuda Host Alloc Size 128 pointer 0x7fab29200200
watgpu608:254039:254227 [3] NCCL INFO init.cc:430 Cuda Host Alloc Size 33554432 pointer 0x7f7cc6c00000
watgpu608:254039:254227 [3] NCCL INFO init.cc:436 Cuda Host Alloc Size 128 pointer 0x7f7cab200200
watgpu608:254037:254248 [1] NCCL INFO init.cc:430 Cuda Host Alloc Size 33554432 pointer 0x70d3ae000000
watgpu608:254037:254248 [1] NCCL INFO init.cc:436 Cuda Host Alloc Size 128 pointer 0x70d3df200200
watgpu608:254036:254225 [0] NCCL INFO TUNER/Plugin: Plugin load returned 2 : libnccl-net.so: cannot open shared object file: No such file or directory : when loading libnccl-tuner.so
watgpu608:254036:254225 [0] NCCL INFO TUNER/Plugin: Using internal tuner plugin.
watgpu608:254036:254225 [0] NCCL INFO ncclCommInitRank comm 0x39c3e220 rank 0 nranks 4 cudaDev 0 nvmlDev 0 busId 83000 commId 0x55195d6a9e7fb0ea - Init COMPLETE
watgpu608:254038:254226 [2] NCCL INFO TUNER/Plugin: Plugin load returned 2 : libnccl-net.so: cannot open shared object file: No such file or directory : when loading libnccl-tuner.so
watgpu608:254038:254226 [2] NCCL INFO TUNER/Plugin: Using internal tuner plugin.
watgpu608:254039:254227 [3] NCCL INFO TUNER/Plugin: Plugin load returned 2 : libnccl-net.so: cannot open shared object file: No such file or directory : when loading libnccl-tuner.so
watgpu608:254038:254226 [2] NCCL INFO ncclCommInitRank comm 0x2dce7aa0 rank 2 nranks 4 cudaDev 2 nvmlDev 2 busId 85000 commId 0x55195d6a9e7fb0ea - Init COMPLETE
watgpu608:254039:254227 [3] NCCL INFO TUNER/Plugin: Using internal tuner plugin.
watgpu608:254037:254248 [1] NCCL INFO TUNER/Plugin: Plugin load returned 2 : libnccl-net.so: cannot open shared object file: No such file or directory : when loading libnccl-tuner.so
watgpu608:254039:254227 [3] NCCL INFO ncclCommInitRank comm 0x3a08a050 rank 3 nranks 4 cudaDev 3 nvmlDev 3 busId c4000 commId 0x55195d6a9e7fb0ea - Init COMPLETE
watgpu608:254037:254248 [1] NCCL INFO TUNER/Plugin: Using internal tuner plugin.
watgpu608:254037:254248 [1] NCCL INFO ncclCommInitRank comm 0x3a938760 rank 1 nranks 4 cudaDev 1 nvmlDev 1 busId 84000 commId 0x55195d6a9e7fb0ea - Init COMPLETE
watgpu608:254036:254036 [0] NCCL INFO AllGather: opCount 0 sendbuff 0x7fab4efffa00 recvbuff 0x7fab4f1f8400 count 8 datatype 0 op 0 root 0 comm 0x39c3e220 [nranks=4] stream 0x365b41a0
watgpu608:254036:254036 [0] NCCL INFO misc/utils.cc:235 memory stack hunk malloc(65536)
watgpu608:254036:254036 [0] NCCL INFO 32 Bytes -> Algo 1 proto 2 time 25.500998
watgpu608:254037:254037 [1] NCCL INFO AllGather: opCount 0 sendbuff 0x70d3fefffa00 recvbuff 0x70d3ff1f8400 count 8 datatype 0 op 0 root 0 comm 0x3a938760 [nranks=4] stream 0x3733a860
watgpu608:254037:254037 [1] NCCL INFO misc/utils.cc:235 memory stack hunk malloc(65536)
watgpu608:254038:254038 [2] NCCL INFO AllGather: opCount 0 sendbuff 0x758866fffa00 recvbuff 0x7588671f8400 count 8 datatype 0 op 0 root 0 comm 0x2dce7aa0 [nranks=4] stream 0x2dcab830
watgpu608:254038:254038 [2] NCCL INFO misc/utils.cc:235 memory stack hunk malloc(65536)
watgpu608:254039:254039 [3] NCCL INFO AllGather: opCount 0 sendbuff 0x7f7ccafffa00 recvbuff 0x7f7ccb1f8400 count 8 datatype 0 op 0 root 0 comm 0x3a08a050 [nranks=4] stream 0x39fd1a60
watgpu608:254039:254039 [3] NCCL INFO misc/utils.cc:235 memory stack hunk malloc(65536)
watgpu608:254036:254251 [0] NCCL INFO [Service thread] Connection closed by localRank 0
watgpu608:254039:254249 [3] NCCL INFO [Service thread] Connection closed by localRank 3
watgpu608:254038:254250 [2] NCCL INFO [Service thread] Connection closed by localRank 2
watgpu608:254037:254256 [1] NCCL INFO [Proxy Service UDS] exit: stop 0 abortFlag 1
watgpu608:254036:254255 [0] NCCL INFO [Proxy Service UDS] exit: stop 1 abortFlag 1
watgpu608:254039:254254 [3] NCCL INFO [Proxy Service UDS] exit: stop 1 abortFlag 1
watgpu608:254038:254253 [2] NCCL INFO [Proxy Service UDS] exit: stop 1 abortFlag 1
watgpu608:254037:254252 [1] NCCL INFO [Service thread] Connection closed by localRank 1
watgpu608:254036:254036 [0] NCCL INFO comm 0x39c3e220 rank 0 nranks 4 cudaDev 0 busId 83000 - Abort COMPLETE
❌ Training failed: [Rank 0] Watchdog caught collective operation timeout: WorkNCCL(SeqNum=1, OpType=ALLGATHER, NumelIn=1, NumelOut=4, Timeout(ms)=600000) ran for 600003 milliseconds before timing out.
watgpu608:254039:254039 [3] NCCL INFO comm 0x3a08a050 rank 3 nranks 4 cudaDev 3 busId c4000 - Abort COMPLETE
watgpu608:254038:254038 [2] NCCL INFO comm 0x2dce7aa0 rank 2 nranks 4 cudaDev 2 busId 85000 - Abort COMPLETE
watgpu608:254037:254037 [1] NCCL INFO comm 0x3a938760 rank 1 nranks 4 cudaDev 1 busId 84000 - Abort COMPLETE
