watgpu608:255302:255514 [2] NCCL INFO proxyProgressAsync opId=0x7a5f5c003810 op.type=1 op.reqBuff=0x7a5f5400e890 op.respSize=16 done
watgpu608:255302:255511 [2] NCCL INFO ncclPollProxyResponse Received new opId=0x7a5f5c003810
watgpu608:255301:255516 [1] NCCL INFO Allocated shareable buffer 0x7860a5400000 size 2097152 ipcDesc 0x78607400ad50
watgpu608:255301:255516 [1] NCCL INFO proxyProgressAsync opId=0x78607c003810 op.type=3 op.reqBuff=0x78607400e890 op.respSize=80 done
watgpu608:255302:255514 [2] NCCL INFO Received and initiated operation=Init res=0
watgpu608:255301:255512 [1] NCCL INFO ncclPollProxyResponse Received new opId=0x78607c003810
watgpu608:255302:255511 [2] NCCL INFO resp.opId=0x7a5f5c003810 matches expected opId=0x7a5f5c003810
watgpu608:255301:255516 [1] NCCL INFO Received and initiated operation=Setup res=0
watgpu608:255302:255511 [2] NCCL INFO Connected to proxy localRank 2 -> connection 0x7a5f54001938
watgpu608:255301:255512 [1] NCCL INFO resp.opId=0x78607c003810 matches expected opId=0x78607c003810
watgpu608:255301:255512 [1] NCCL INFO Channel 05/0 : 1[1] -> 2[2] via P2P/IPC
watgpu608:255303:255513 [3] NCCL INFO transport/p2p.cc:218 Cuda Alloc Size 2097152 pointer 0x7a7b61600000
watgpu608:255301:255516 [1] NCCL INFO New proxy send connection 13 from local rank 1, transport 0
watgpu608:255301:255516 [1] NCCL INFO proxyProgressAsync opId=0x78607c003810 op.type=1 op.reqBuff=0x78607400e890 op.respSize=16 done
watgpu608:255301:255512 [1] NCCL INFO ncclPollProxyResponse Received new opId=0x78607c003810
watgpu608:255301:255516 [1] NCCL INFO Received and initiated operation=Init res=0
watgpu608:255301:255512 [1] NCCL INFO resp.opId=0x78607c003810 matches expected opId=0x78607c003810
watgpu608:255301:255512 [1] NCCL INFO Connected to proxy localRank 1 -> connection 0x786074001938
watgpu608:255303:255513 [3] NCCL INFO Allocated shareable buffer 0x7a7b61600000 size 2097152 ipcDesc 0x7a7b2c00ad50
watgpu608:255303:255513 [3] NCCL INFO proxyProgressAsync opId=0x7a7b34003810 op.type=3 op.reqBuff=0x7a7b2c00f4e0 op.respSize=80 done
watgpu608:255303:255510 [3] NCCL INFO ncclPollProxyResponse Received new opId=0x7a7b34003810
watgpu608:255303:255513 [3] NCCL INFO Received and initiated operation=Setup res=0
watgpu608:255303:255510 [3] NCCL INFO resp.opId=0x7a7b34003810 matches expected opId=0x7a7b34003810
watgpu608:255303:255510 [3] NCCL INFO Channel 06/0 : 3[3] -> 0[0] via P2P/IPC
watgpu608:255303:255513 [3] NCCL INFO New proxy send connection 14 from local rank 3, transport 0
watgpu608:255303:255513 [3] NCCL INFO proxyProgressAsync opId=0x7a7b34003810 op.type=1 op.reqBuff=0x7a7b2c00f4e0 op.respSize=16 done
watgpu608:255303:255510 [3] NCCL INFO ncclPollProxyResponse Received new opId=0x7a7b34003810
watgpu608:255303:255513 [3] NCCL INFO Received and initiated operation=Init res=0
watgpu608:255303:255510 [3] NCCL INFO resp.opId=0x7a7b34003810 matches expected opId=0x7a7b34003810
watgpu608:255303:255510 [3] NCCL INFO Connected to proxy localRank 3 -> connection 0x7a7b2c0019b0
watgpu608:255300:255515 [0] NCCL INFO transport/p2p.cc:218 Cuda Alloc Size 2097152 pointer 0x7017ede00000
watgpu608:255302:255514 [2] NCCL INFO transport/p2p.cc:218 Cuda Alloc Size 2097152 pointer 0x7a5f87600000
watgpu608:255300:255515 [0] NCCL INFO Allocated shareable buffer 0x7017ede00000 size 2097152 ipcDesc 0x7017f400a060
watgpu608:255300:255515 [0] NCCL INFO proxyProgressAsync opId=0x7017cc003810 op.type=3 op.reqBuff=0x7017f400d270 op.respSize=80 done
watgpu608:255300:255509 [0] NCCL INFO ncclPollProxyResponse Received new opId=0x7017cc003810
watgpu608:255300:255515 [0] NCCL INFO Received and initiated operation=Setup res=0
watgpu608:255300:255509 [0] NCCL INFO resp.opId=0x7017cc003810 matches expected opId=0x7017cc003810
watgpu608:255302:255514 [2] NCCL INFO Allocated shareable buffer 0x7a5f87600000 size 2097152 ipcDesc 0x7a5f5400ad50
watgpu608:255300:255509 [0] NCCL INFO Channel 03/0 : 0[0] -> 1[1] via P2P/IPC
watgpu608:255302:255514 [2] NCCL INFO proxyProgressAsync opId=0x7a5f5c003810 op.type=3 op.reqBuff=0x7a5f5400f4e0 op.respSize=80 done
watgpu608:255302:255511 [2] NCCL INFO ncclPollProxyResponse Received new opId=0x7a5f5c003810
watgpu608:255302:255514 [2] NCCL INFO Received and initiated operation=Setup res=0
watgpu608:255300:255515 [0] NCCL INFO New proxy send connection 11 from local rank 0, transport 0
watgpu608:255302:255511 [2] NCCL INFO resp.opId=0x7a5f5c003810 matches expected opId=0x7a5f5c003810
watgpu608:255300:255515 [0] NCCL INFO proxyProgressAsync opId=0x7017cc003810 op.type=1 op.reqBuff=0x7017f400d270 op.respSize=16 done
watgpu608:255302:255511 [2] NCCL INFO Channel 06/0 : 2[2] -> 3[3] via P2P/IPC
watgpu608:255301:255516 [1] NCCL INFO transport/p2p.cc:218 Cuda Alloc Size 2097152 pointer 0x7860a5600000
watgpu608:255300:255509 [0] NCCL INFO ncclPollProxyResponse Received new opId=0x7017cc003810
watgpu608:255300:255515 [0] NCCL INFO Received and initiated operation=Init res=0
watgpu608:255301:255516 [1] NCCL INFO Allocated shareable buffer 0x7860a5600000 size 2097152 ipcDesc 0x78607400ad50
watgpu608:255301:255516 [1] NCCL INFO proxyProgressAsync opId=0x78607c003810 op.type=3 op.reqBuff=0x78607400f4e0 op.respSize=80 done
watgpu608:255300:255509 [0] NCCL INFO resp.opId=0x7017cc003810 matches expected opId=0x7017cc003810
watgpu608:255300:255509 [0] NCCL INFO Connected to proxy localRank 0 -> connection 0x7017f4001978
watgpu608:255301:255512 [1] NCCL INFO ncclPollProxyResponse Received new opId=0x78607c003810
watgpu608:255301:255516 [1] NCCL INFO Received and initiated operation=Setup res=0
watgpu608:255302:255514 [2] NCCL INFO New proxy send connection 14 from local rank 2, transport 0
watgpu608:255301:255512 [1] NCCL INFO resp.opId=0x78607c003810 matches expected opId=0x78607c003810
watgpu608:255302:255514 [2] NCCL INFO proxyProgressAsync opId=0x7a5f5c003810 op.type=1 op.reqBuff=0x7a5f5400f4e0 op.respSize=16 done
watgpu608:255301:255512 [1] NCCL INFO Channel 06/0 : 1[1] -> 2[2] via P2P/IPC
watgpu608:255302:255511 [2] NCCL INFO ncclPollProxyResponse Received new opId=0x7a5f5c003810
watgpu608:255302:255514 [2] NCCL INFO Received and initiated operation=Init res=0
watgpu608:255302:255511 [2] NCCL INFO resp.opId=0x7a5f5c003810 matches expected opId=0x7a5f5c003810
watgpu608:255302:255511 [2] NCCL INFO Connected to proxy localRank 2 -> connection 0x7a5f540019b0
watgpu608:255301:255516 [1] NCCL INFO New proxy send connection 14 from local rank 1, transport 0
watgpu608:255301:255516 [1] NCCL INFO proxyProgressAsync opId=0x78607c003810 op.type=1 op.reqBuff=0x78607400f4e0 op.respSize=16 done
watgpu608:255301:255512 [1] NCCL INFO ncclPollProxyResponse Received new opId=0x78607c003810
watgpu608:255301:255512 [1] NCCL INFO resp.opId=0x78607c003810 matches expected opId=0x78607c003810
watgpu608:255301:255512 [1] NCCL INFO Connected to proxy localRank 1 -> connection 0x7860740019b0
watgpu608:255301:255516 [1] NCCL INFO Received and initiated operation=Init res=0
watgpu608:255303:255513 [3] NCCL INFO transport/p2p.cc:218 Cuda Alloc Size 2097152 pointer 0x7a7b61800000
watgpu608:255303:255513 [3] NCCL INFO Allocated shareable buffer 0x7a7b61800000 size 2097152 ipcDesc 0x7a7b2c00ad50
watgpu608:255303:255513 [3] NCCL INFO proxyProgressAsync opId=0x7a7b34003810 op.type=3 op.reqBuff=0x7a7b2c010130 op.respSize=80 done
watgpu608:255303:255510 [3] NCCL INFO ncclPollProxyResponse Received new opId=0x7a7b34003810
watgpu608:255303:255513 [3] NCCL INFO Received and initiated operation=Setup res=0
watgpu608:255303:255510 [3] NCCL INFO resp.opId=0x7a7b34003810 matches expected opId=0x7a7b34003810
watgpu608:255303:255510 [3] NCCL INFO Channel 07/0 : 3[3] -> 0[0] via P2P/IPC
watgpu608:255303:255513 [3] NCCL INFO New proxy send connection 15 from local rank 3, transport 0
watgpu608:255303:255513 [3] NCCL INFO proxyProgressAsync opId=0x7a7b34003810 op.type=1 op.reqBuff=0x7a7b2c010130 op.respSize=16 done
watgpu608:255303:255510 [3] NCCL INFO ncclPollProxyResponse Received new opId=0x7a7b34003810
watgpu608:255303:255513 [3] NCCL INFO Received and initiated operation=Init res=0
watgpu608:255303:255510 [3] NCCL INFO resp.opId=0x7a7b34003810 matches expected opId=0x7a7b34003810
watgpu608:255303:255510 [3] NCCL INFO Connected to proxy localRank 3 -> connection 0x7a7b2c001a28
watgpu608:255301:255516 [1] NCCL INFO transport/p2p.cc:218 Cuda Alloc Size 2097152 pointer 0x7860a5800000
watgpu608:255300:255515 [0] NCCL INFO transport/p2p.cc:218 Cuda Alloc Size 2097152 pointer 0x7017fd200000
watgpu608:255302:255514 [2] NCCL INFO transport/p2p.cc:218 Cuda Alloc Size 2097152 pointer 0x7a5f87800000
watgpu608:255300:255515 [0] NCCL INFO Allocated shareable buffer 0x7017fd200000 size 2097152 ipcDesc 0x7017f400a060
watgpu608:255300:255515 [0] NCCL INFO proxyProgressAsync opId=0x7017cc003810 op.type=3 op.reqBuff=0x7017f400dc40 op.respSize=80 done
watgpu608:255301:255516 [1] NCCL INFO Allocated shareable buffer 0x7860a5800000 size 2097152 ipcDesc 0x78607400ad50
watgpu608:255301:255516 [1] NCCL INFO proxyProgressAsync opId=0x78607c003810 op.type=3 op.reqBuff=0x786074010130 op.respSize=80 done
watgpu608:255300:255509 [0] NCCL INFO ncclPollProxyResponse Received new opId=0x7017cc003810
watgpu608:255301:255512 [1] NCCL INFO ncclPollProxyResponse Received new opId=0x78607c003810
watgpu608:255301:255516 [1] NCCL INFO Received and initiated operation=Setup res=0
watgpu608:255300:255515 [0] NCCL INFO Received and initiated operation=Setup res=0
watgpu608:255301:255512 [1] NCCL INFO resp.opId=0x78607c003810 matches expected opId=0x78607c003810
watgpu608:255301:255512 [1] NCCL INFO Channel 07/0 : 1[1] -> 2[2] via P2P/IPC
watgpu608:255300:255509 [0] NCCL INFO resp.opId=0x7017cc003810 matches expected opId=0x7017cc003810
watgpu608:255302:255514 [2] NCCL INFO Allocated shareable buffer 0x7a5f87800000 size 2097152 ipcDesc 0x7a5f5400ad50
watgpu608:255300:255509 [0] NCCL INFO Channel 04/0 : 0[0] -> 1[1] via P2P/IPC
watgpu608:255302:255514 [2] NCCL INFO proxyProgressAsync opId=0x7a5f5c003810 op.type=3 op.reqBuff=0x7a5f54010130 op.respSize=80 done
watgpu608:255302:255511 [2] NCCL INFO ncclPollProxyResponse Received new opId=0x7a5f5c003810
watgpu608:255301:255516 [1] NCCL INFO New proxy send connection 15 from local rank 1, transport 0
watgpu608:255301:255516 [1] NCCL INFO proxyProgressAsync opId=0x78607c003810 op.type=1 op.reqBuff=0x786074010130 op.respSize=16 done
watgpu608:255302:255514 [2] NCCL INFO Received and initiated operation=Setup res=0
watgpu608:255301:255512 [1] NCCL INFO ncclPollProxyResponse Received new opId=0x78607c003810
watgpu608:255300:255515 [0] NCCL INFO New proxy send connection 12 from local rank 0, transport 0
watgpu608:255301:255516 [1] NCCL INFO Received and initiated operation=Init res=0
watgpu608:255302:255511 [2] NCCL INFO resp.opId=0x7a5f5c003810 matches expected opId=0x7a5f5c003810
watgpu608:255300:255515 [0] NCCL INFO proxyProgressAsync opId=0x7017cc003810 op.type=1 op.reqBuff=0x7017f400dc40 op.respSize=16 done
watgpu608:255302:255511 [2] NCCL INFO Channel 07/0 : 2[2] -> 3[3] via P2P/IPC
watgpu608:255301:255512 [1] NCCL INFO resp.opId=0x78607c003810 matches expected opId=0x78607c003810
watgpu608:255300:255509 [0] NCCL INFO ncclPollProxyResponse Received new opId=0x7017cc003810
watgpu608:255301:255512 [1] NCCL INFO Connected to proxy localRank 1 -> connection 0x786074001a28
watgpu608:255300:255515 [0] NCCL INFO Received and initiated operation=Init res=0
watgpu608:255300:255509 [0] NCCL INFO resp.opId=0x7017cc003810 matches expected opId=0x7017cc003810
watgpu608:255300:255509 [0] NCCL INFO Connected to proxy localRank 0 -> connection 0x7017f40019f0
watgpu608:255302:255514 [2] NCCL INFO New proxy send connection 15 from local rank 2, transport 0
watgpu608:255302:255514 [2] NCCL INFO proxyProgressAsync opId=0x7a5f5c003810 op.type=1 op.reqBuff=0x7a5f54010130 op.respSize=16 done
watgpu608:255302:255511 [2] NCCL INFO ncclPollProxyResponse Received new opId=0x7a5f5c003810
watgpu608:255302:255514 [2] NCCL INFO Received and initiated operation=Init res=0
watgpu608:255303:255513 [3] NCCL INFO transport/p2p.cc:218 Cuda Alloc Size 2097152 pointer 0x7a7b61a00000
watgpu608:255302:255511 [2] NCCL INFO resp.opId=0x7a5f5c003810 matches expected opId=0x7a5f5c003810
watgpu608:255302:255511 [2] NCCL INFO Connected to proxy localRank 2 -> connection 0x7a5f54001a28
watgpu608:255303:255513 [3] NCCL INFO Allocated shareable buffer 0x7a7b61a00000 size 2097152 ipcDesc 0x7a7b2c00ad50
watgpu608:255303:255513 [3] NCCL INFO proxyProgressAsync opId=0x7a7b34003810 op.type=3 op.reqBuff=0x7a7b2c010d80 op.respSize=80 done
watgpu608:255303:255510 [3] NCCL INFO ncclPollProxyResponse Received new opId=0x7a7b34003810
watgpu608:255303:255513 [3] NCCL INFO Received and initiated operation=Setup res=0
watgpu608:255303:255510 [3] NCCL INFO resp.opId=0x7a7b34003810 matches expected opId=0x7a7b34003810
watgpu608:255301:255516 [1] NCCL INFO transport/p2p.cc:218 Cuda Alloc Size 2097152 pointer 0x7860a5a00000
watgpu608:255301:255516 [1] NCCL INFO Allocated shareable buffer 0x7860a5a00000 size 2097152 ipcDesc 0x78607400ad50
watgpu608:255301:255516 [1] NCCL INFO proxyProgressAsync opId=0x78607c003810 op.type=3 op.reqBuff=0x786074010d80 op.respSize=80 done
watgpu608:255301:255512 [1] NCCL INFO ncclPollProxyResponse Received new opId=0x78607c003810
watgpu608:255301:255516 [1] NCCL INFO Received and initiated operation=Setup res=0
watgpu608:255301:255512 [1] NCCL INFO resp.opId=0x78607c003810 matches expected opId=0x78607c003810
watgpu608:255300:255515 [0] NCCL INFO transport/p2p.cc:218 Cuda Alloc Size 2097152 pointer 0x7017fd400000
watgpu608:255300:255515 [0] NCCL INFO Allocated shareable buffer 0x7017fd400000 size 2097152 ipcDesc 0x7017f400a060
watgpu608:255300:255515 [0] NCCL INFO proxyProgressAsync opId=0x7017cc003810 op.type=3 op.reqBuff=0x7017f400e890 op.respSize=80 done
watgpu608:255300:255509 [0] NCCL INFO ncclPollProxyResponse Received new opId=0x7017cc003810
watgpu608:255302:255514 [2] NCCL INFO transport/p2p.cc:218 Cuda Alloc Size 2097152 pointer 0x7a5f87a00000
watgpu608:255300:255515 [0] NCCL INFO Received and initiated operation=Setup res=0
watgpu608:255300:255509 [0] NCCL INFO resp.opId=0x7017cc003810 matches expected opId=0x7017cc003810
watgpu608:255300:255509 [0] NCCL INFO Channel 05/0 : 0[0] -> 1[1] via P2P/IPC
watgpu608:255302:255514 [2] NCCL INFO Allocated shareable buffer 0x7a5f87a00000 size 2097152 ipcDesc 0x7a5f5400ad50
watgpu608:255302:255514 [2] NCCL INFO proxyProgressAsync opId=0x7a5f5c003810 op.type=3 op.reqBuff=0x7a5f54010d80 op.respSize=80 done
watgpu608:255302:255511 [2] NCCL INFO ncclPollProxyResponse Received new opId=0x7a5f5c003810
watgpu608:255302:255514 [2] NCCL INFO Received and initiated operation=Setup res=0
watgpu608:255300:255515 [0] NCCL INFO New proxy send connection 13 from local rank 0, transport 0
watgpu608:255302:255511 [2] NCCL INFO resp.opId=0x7a5f5c003810 matches expected opId=0x7a5f5c003810
watgpu608:255300:255515 [0] NCCL INFO proxyProgressAsync opId=0x7017cc003810 op.type=1 op.reqBuff=0x7017f400e890 op.respSize=16 done
watgpu608:255300:255509 [0] NCCL INFO ncclPollProxyResponse Received new opId=0x7017cc003810
watgpu608:255300:255515 [0] NCCL INFO Received and initiated operation=Init res=0
watgpu608:255300:255509 [0] NCCL INFO resp.opId=0x7017cc003810 matches expected opId=0x7017cc003810
watgpu608:255300:255509 [0] NCCL INFO Connected to proxy localRank 0 -> connection 0x7017f4001a68
watgpu608:255300:255515 [0] NCCL INFO transport/p2p.cc:218 Cuda Alloc Size 2097152 pointer 0x7017fd600000
watgpu608:255300:255515 [0] NCCL INFO Allocated shareable buffer 0x7017fd600000 size 2097152 ipcDesc 0x7017f400a060
watgpu608:255300:255515 [0] NCCL INFO proxyProgressAsync opId=0x7017cc003810 op.type=3 op.reqBuff=0x7017f400f4e0 op.respSize=80 done
watgpu608:255300:255509 [0] NCCL INFO ncclPollProxyResponse Received new opId=0x7017cc003810
watgpu608:255300:255515 [0] NCCL INFO Received and initiated operation=Setup res=0
watgpu608:255300:255509 [0] NCCL INFO resp.opId=0x7017cc003810 matches expected opId=0x7017cc003810
watgpu608:255300:255509 [0] NCCL INFO Channel 06/0 : 0[0] -> 1[1] via P2P/IPC
watgpu608:255300:255515 [0] NCCL INFO New proxy send connection 14 from local rank 0, transport 0
watgpu608:255300:255515 [0] NCCL INFO proxyProgressAsync opId=0x7017cc003810 op.type=1 op.reqBuff=0x7017f400f4e0 op.respSize=16 done
watgpu608:255300:255509 [0] NCCL INFO ncclPollProxyResponse Received new opId=0x7017cc003810
watgpu608:255300:255515 [0] NCCL INFO Received and initiated operation=Init res=0
watgpu608:255300:255509 [0] NCCL INFO resp.opId=0x7017cc003810 matches expected opId=0x7017cc003810
watgpu608:255300:255509 [0] NCCL INFO Connected to proxy localRank 0 -> connection 0x7017f4001ae0
watgpu608:255302:255511 [2] NCCL INFO Imported shareable buffer device 2 size 10485760 ptr 0x7a5f87c00000
watgpu608:255300:255515 [0] NCCL INFO transport/p2p.cc:218 Cuda Alloc Size 2097152 pointer 0x7017fd800000
watgpu608:255300:255515 [0] NCCL INFO Allocated shareable buffer 0x7017fd800000 size 2097152 ipcDesc 0x7017f400a060
watgpu608:255300:255515 [0] NCCL INFO proxyProgressAsync opId=0x7017cc003810 op.type=3 op.reqBuff=0x7017f4010130 op.respSize=80 done
watgpu608:255300:255509 [0] NCCL INFO ncclPollProxyResponse Received new opId=0x7017cc003810
watgpu608:255300:255515 [0] NCCL INFO Received and initiated operation=Setup res=0
watgpu608:255300:255509 [0] NCCL INFO resp.opId=0x7017cc003810 matches expected opId=0x7017cc003810
watgpu608:255300:255509 [0] NCCL INFO Channel 07/0 : 0[0] -> 1[1] via P2P/IPC
watgpu608:255300:255515 [0] NCCL INFO New proxy send connection 15 from local rank 0, transport 0
watgpu608:255300:255515 [0] NCCL INFO proxyProgressAsync opId=0x7017cc003810 op.type=1 op.reqBuff=0x7017f4010130 op.respSize=16 done
watgpu608:255300:255509 [0] NCCL INFO ncclPollProxyResponse Received new opId=0x7017cc003810
watgpu608:255300:255515 [0] NCCL INFO Received and initiated operation=Init res=0
watgpu608:255300:255509 [0] NCCL INFO resp.opId=0x7017cc003810 matches expected opId=0x7017cc003810
watgpu608:255300:255509 [0] NCCL INFO Connected to proxy localRank 0 -> connection 0x7017f4001b58
watgpu608:255302:255511 [2] NCCL INFO Imported shareable buffer device 2 size 2097152 ptr 0x7a5f88600000
watgpu608:255300:255515 [0] NCCL INFO transport/p2p.cc:218 Cuda Alloc Size 2097152 pointer 0x7017fda00000
watgpu608:255300:255515 [0] NCCL INFO Allocated shareable buffer 0x7017fda00000 size 2097152 ipcDesc 0x7017f400a060
watgpu608:255300:255515 [0] NCCL INFO proxyProgressAsync opId=0x7017cc003810 op.type=3 op.reqBuff=0x7017f4010d80 op.respSize=80 done
watgpu608:255300:255509 [0] NCCL INFO ncclPollProxyResponse Received new opId=0x7017cc003810
watgpu608:255300:255515 [0] NCCL INFO Received and initiated operation=Setup res=0
watgpu608:255302:255511 [2] NCCL INFO Imported shareable buffer device 2 size 10485760 ptr 0x7a5f88800000
watgpu608:255300:255509 [0] NCCL INFO resp.opId=0x7017cc003810 matches expected opId=0x7017cc003810
watgpu608:255302:255511 [2] NCCL INFO Imported shareable buffer device 2 size 2097152 ptr 0x7a5f89200000
watgpu608:255302:255511 [2] NCCL INFO Imported shareable buffer device 2 size 10485760 ptr 0x7a5f89400000
watgpu608:255301:255512 [1] NCCL INFO Imported shareable buffer device 1 size 10485760 ptr 0x7860a5c00000
watgpu608:255303:255510 [3] NCCL INFO Imported shareable buffer device 3 size 10485760 ptr 0x7a7b61c00000
watgpu608:255302:255511 [2] NCCL INFO Imported shareable buffer device 2 size 2097152 ptr 0x7a5f89e00000
watgpu608:255302:255511 [2] NCCL INFO Imported shareable buffer device 2 size 10485760 ptr 0x7a5f8a000000
watgpu608:255302:255511 [2] NCCL INFO Imported shareable buffer device 2 size 2097152 ptr 0x7a5f8aa00000
watgpu608:255300:255509 [0] NCCL INFO Imported shareable buffer device 0 size 10485760 ptr 0x7017fdc00000
watgpu608:255302:255511 [2] NCCL INFO Imported shareable buffer device 2 size 10485760 ptr 0x7a5f8ac00000
watgpu608:255300:255509 [0] NCCL INFO Imported shareable buffer device 0 size 2097152 ptr 0x7017fe600000
watgpu608:255303:255510 [3] NCCL INFO Imported shareable buffer device 3 size 2097152 ptr 0x7a7b62600000
watgpu608:255302:255511 [2] NCCL INFO Imported shareable buffer device 2 size 2097152 ptr 0x7a5f8b600000
watgpu608:255301:255512 [1] NCCL INFO Imported shareable buffer device 1 size 2097152 ptr 0x7860a6600000
watgpu608:255301:255512 [1] NCCL INFO Imported shareable buffer device 1 size 10485760 ptr 0x7860a6800000
watgpu608:255301:255512 [1] NCCL INFO Imported shareable buffer device 1 size 2097152 ptr 0x7860a7200000
watgpu608:255303:255510 [3] NCCL INFO Imported shareable buffer device 3 size 10485760 ptr 0x7a7b62800000
watgpu608:255300:255509 [0] NCCL INFO Imported shareable buffer device 0 size 10485760 ptr 0x7017fe800000
watgpu608:255300:255509 [0] NCCL INFO Imported shareable buffer device 0 size 2097152 ptr 0x7017ff200000
watgpu608:255302:255511 [2] NCCL INFO Imported shareable buffer device 2 size 10485760 ptr 0x7a5f8b800000
watgpu608:255301:255512 [1] NCCL INFO Imported shareable buffer device 1 size 10485760 ptr 0x7860a7400000
watgpu608:255301:255512 [1] NCCL INFO Imported shareable buffer device 1 size 2097152 ptr 0x7860a7e00000
watgpu608:255301:255512 [1] NCCL INFO Imported shareable buffer device 1 size 10485760 ptr 0x7860a8000000
watgpu608:255302:255511 [2] NCCL INFO Imported shareable buffer device 2 size 2097152 ptr 0x7a5f8c200000
watgpu608:255300:255509 [0] NCCL INFO Imported shareable buffer device 0 size 10485760 ptr 0x7017ff400000
watgpu608:255303:255510 [3] NCCL INFO Imported shareable buffer device 3 size 2097152 ptr 0x7a7b63200000
watgpu608:255303:255510 [3] NCCL INFO Imported shareable buffer device 3 size 10485760 ptr 0x7a7b63400000
watgpu608:255303:255510 [3] NCCL INFO Imported shareable buffer device 3 size 2097152 ptr 0x7a7b63e00000
watgpu608:255300:255509 [0] NCCL INFO Imported shareable buffer device 0 size 2097152 ptr 0x7017ffe00000
watgpu608:255301:255512 [1] NCCL INFO Imported shareable buffer device 1 size 2097152 ptr 0x7860a8a00000
watgpu608:255301:255512 [1] NCCL INFO Imported shareable buffer device 1 size 10485760 ptr 0x7860a8c00000
watgpu608:255301:255512 [1] NCCL INFO Imported shareable buffer device 1 size 2097152 ptr 0x7860a9600000
watgpu608:255303:255510 [3] NCCL INFO Imported shareable buffer device 3 size 10485760 ptr 0x7a7b64000000
watgpu608:255300:255509 [0] NCCL INFO Imported shareable buffer device 0 size 10485760 ptr 0x701800000000
watgpu608:255302:255511 [2] NCCL INFO Imported shareable buffer device 2 size 10485760 ptr 0x7a5f8c400000
watgpu608:255301:255512 [1] NCCL INFO Imported shareable buffer device 1 size 10485760 ptr 0x7860a9800000
watgpu608:255300:255509 [0] NCCL INFO Imported shareable buffer device 0 size 2097152 ptr 0x701800a00000
watgpu608:255303:255510 [3] NCCL INFO Imported shareable buffer device 3 size 2097152 ptr 0x7a7b64a00000
watgpu608:255301:255512 [1] NCCL INFO Imported shareable buffer device 1 size 2097152 ptr 0x7860aa200000
watgpu608:255301:255512 [1] NCCL INFO Imported shareable buffer device 1 size 10485760 ptr 0x7860aa400000
watgpu608:255302:255511 [2] NCCL INFO Imported shareable buffer device 2 size 2097152 ptr 0x7a5f8ce00000
watgpu608:255300:255509 [0] NCCL INFO Imported shareable buffer device 0 size 10485760 ptr 0x701800c00000
watgpu608:255300:255509 [0] NCCL INFO Imported shareable buffer device 0 size 2097152 ptr 0x701801600000
watgpu608:255303:255510 [3] NCCL INFO Imported shareable buffer device 3 size 10485760 ptr 0x7a7b64c00000
watgpu608:255301:255512 [1] NCCL INFO Imported shareable buffer device 1 size 2097152 ptr 0x7860aae00000
watgpu608:255302:255511 [2] NCCL INFO Imported shareable buffer device 2 size 10485760 ptr 0x7a5f8d000000
watgpu608:255302:255511 [2] NCCL INFO Imported shareable buffer device 2 size 2097152 ptr 0x7a5f8da00000
watgpu608:255300:255509 [0] NCCL INFO Imported shareable buffer device 0 size 10485760 ptr 0x701801800000
watgpu608:255301:255512 [1] NCCL INFO Imported shareable buffer device 1 size 10485760 ptr 0x7860ab000000
watgpu608:255301:255512 [1] NCCL INFO Imported shareable buffer device 1 size 2097152 ptr 0x7860aba00000
watgpu608:255303:255510 [3] NCCL INFO Imported shareable buffer device 3 size 2097152 ptr 0x7a7b65600000
watgpu608:255300:255509 [0] NCCL INFO Imported shareable buffer device 0 size 2097152 ptr 0x701802200000
watgpu608:255300:255509 [0] NCCL INFO Imported shareable buffer device 0 size 10485760 ptr 0x701802400000
watgpu608:255303:255510 [3] NCCL INFO Imported shareable buffer device 3 size 10485760 ptr 0x7a7b65800000
watgpu608:255303:255510 [3] NCCL INFO Imported shareable buffer device 3 size 2097152 ptr 0x7a7b66200000
watgpu608:255300:255509 [0] NCCL INFO Imported shareable buffer device 0 size 2097152 ptr 0x701802e00000
watgpu608:255300:255509 [0] NCCL INFO Imported shareable buffer device 0 size 10485760 ptr 0x701803000000
watgpu608:255303:255510 [3] NCCL INFO Imported shareable buffer device 3 size 10485760 ptr 0x7a7b66400000
watgpu608:255303:255510 [3] NCCL INFO Imported shareable buffer device 3 size 2097152 ptr 0x7a7b66e00000
watgpu608:255300:255509 [0] NCCL INFO Imported shareable buffer device 0 size 2097152 ptr 0x701803a00000
watgpu608:255303:255510 [3] NCCL INFO Imported shareable buffer device 3 size 10485760 ptr 0x7a7b67000000
watgpu608:255301:255512 [1] NCCL INFO Connected all rings
watgpu608:255303:255510 [3] NCCL INFO Imported shareable buffer device 3 size 2097152 ptr 0x7a7b67a00000
watgpu608:255301:255516 [1] NCCL INFO New proxy recv connection 16 from local rank 1, transport 0
watgpu608:255301:255516 [1] NCCL INFO proxyProgressAsync opId=0x78607c003810 op.type=1 op.reqBuff=0x786074010d80 op.respSize=16 done
watgpu608:255301:255512 [1] NCCL INFO ncclPollProxyResponse Received new opId=0x78607c003810
watgpu608:255301:255516 [1] NCCL INFO Received and initiated operation=Init res=0
watgpu608:255301:255512 [1] NCCL INFO resp.opId=0x78607c003810 matches expected opId=0x78607c003810
watgpu608:255301:255512 [1] NCCL INFO Connected to proxy localRank 1 -> connection 0x786074001aa0
watgpu608:255300:255509 [0] NCCL INFO Connected all rings
watgpu608:255300:255515 [0] NCCL INFO New proxy recv connection 16 from local rank 0, transport 0
watgpu608:255300:255515 [0] NCCL INFO proxyProgressAsync opId=0x7017cc003810 op.type=1 op.reqBuff=0x7017f4010d80 op.respSize=16 done
watgpu608:255302:255511 [2] NCCL INFO Connected all rings
watgpu608:255300:255509 [0] NCCL INFO ncclPollProxyResponse Received new opId=0x7017cc003810
watgpu608:255300:255515 [0] NCCL INFO Received and initiated operation=Init res=0
watgpu608:255300:255509 [0] NCCL INFO resp.opId=0x7017cc003810 matches expected opId=0x7017cc003810
watgpu608:255303:255510 [3] NCCL INFO Connected all rings
watgpu608:255300:255509 [0] NCCL INFO Connected to proxy localRank 0 -> connection 0x7017f4001bd0
watgpu608:255303:255510 [3] NCCL INFO Channel 00/0 : 3[3] -> 2[2] via P2P/IPC
watgpu608:255303:255513 [3] NCCL INFO New proxy send connection 16 from local rank 3, transport 0
watgpu608:255303:255513 [3] NCCL INFO proxyProgressAsync opId=0x7a7b34003810 op.type=1 op.reqBuff=0x7a7b2c010d80 op.respSize=16 done
watgpu608:255301:255516 [1] NCCL INFO transport/p2p.cc:218 Cuda Alloc Size 10485760 pointer 0x7860abc00000
watgpu608:255302:255514 [2] NCCL INFO New proxy recv connection 16 from local rank 2, transport 0
watgpu608:255303:255510 [3] NCCL INFO ncclPollProxyResponse Received new opId=0x7a7b34003810
watgpu608:255302:255514 [2] NCCL INFO proxyProgressAsync opId=0x7a5f5c003810 op.type=1 op.reqBuff=0x7a5f54010d80 op.respSize=16 done
watgpu608:255303:255513 [3] NCCL INFO Received and initiated operation=Init res=0
watgpu608:255301:255516 [1] NCCL INFO Allocated shareable buffer 0x7860abc00000 size 10485760 ipcDesc 0x78607400ad50
watgpu608:255303:255510 [3] NCCL INFO resp.opId=0x7a7b34003810 matches expected opId=0x7a7b34003810
watgpu608:255301:255516 [1] NCCL INFO proxyProgressAsync opId=0x78607c003810 op.type=3 op.reqBuff=0x7860740119d0 op.respSize=80 done
watgpu608:255303:255510 [3] NCCL INFO Connected to proxy localRank 3 -> connection 0x7a7b2c001aa0
watgpu608:255302:255511 [2] NCCL INFO ncclPollProxyResponse Received new opId=0x7a5f5c003810
watgpu608:255301:255512 [1] NCCL INFO ncclPollProxyResponse Received new opId=0x78607c003810
watgpu608:255302:255514 [2] NCCL INFO Received and initiated operation=Init res=0
watgpu608:255301:255516 [1] NCCL INFO Received and initiated operation=Setup res=0
watgpu608:255301:255512 [1] NCCL INFO resp.opId=0x78607c003810 matches expected opId=0x78607c003810
watgpu608:255302:255511 [2] NCCL INFO resp.opId=0x7a5f5c003810 matches expected opId=0x7a5f5c003810
watgpu608:255302:255511 [2] NCCL INFO Connected to proxy localRank 2 -> connection 0x7a5f54001aa0
watgpu608:255301:255516 [1] NCCL INFO New proxy recv connection 17 from local rank 1, transport 0
watgpu608:255301:255516 [1] NCCL INFO proxyProgressAsync opId=0x78607c003810 op.type=1 op.reqBuff=0x7860740119d0 op.respSize=16 done
watgpu608:255301:255512 [1] NCCL INFO ncclPollProxyResponse Received new opId=0x78607c003810
watgpu608:255301:255516 [1] NCCL INFO Received and initiated operation=Init res=0
watgpu608:255301:255512 [1] NCCL INFO resp.opId=0x78607c003810 matches expected opId=0x78607c003810
watgpu608:255301:255512 [1] NCCL INFO Connected to proxy localRank 1 -> connection 0x786074001b18
watgpu608:255300:255515 [0] NCCL INFO transport/p2p.cc:218 Cuda Alloc Size 10485760 pointer 0x701803c00000
watgpu608:255300:255515 [0] NCCL INFO Allocated shareable buffer 0x701803c00000 size 10485760 ipcDesc 0x7017f400a060
watgpu608:255300:255515 [0] NCCL INFO proxyProgressAsync opId=0x7017cc003810 op.type=3 op.reqBuff=0x7017f40119d0 op.respSize=80 done
watgpu608:255300:255509 [0] NCCL INFO ncclPollProxyResponse Received new opId=0x7017cc003810
watgpu608:255300:255515 [0] NCCL INFO Received and initiated operation=Setup res=0
watgpu608:255300:255509 [0] NCCL INFO resp.opId=0x7017cc003810 matches expected opId=0x7017cc003810
watgpu608:255300:255515 [0] NCCL INFO New proxy recv connection 17 from local rank 0, transport 0
watgpu608:255300:255515 [0] NCCL INFO proxyProgressAsync opId=0x7017cc003810 op.type=1 op.reqBuff=0x7017f40119d0 op.respSize=16 done
watgpu608:255300:255509 [0] NCCL INFO ncclPollProxyResponse Received new opId=0x7017cc003810
watgpu608:255300:255515 [0] NCCL INFO Received and initiated operation=Init res=0
watgpu608:255300:255509 [0] NCCL INFO resp.opId=0x7017cc003810 matches expected opId=0x7017cc003810
watgpu608:255300:255509 [0] NCCL INFO Connected to proxy localRank 0 -> connection 0x7017f4001c48
watgpu608:255303:255513 [3] NCCL INFO transport/p2p.cc:218 Cuda Alloc Size 2097152 pointer 0x7a7b67c00000
watgpu608:255303:255513 [3] NCCL INFO Allocated shareable buffer 0x7a7b67c00000 size 2097152 ipcDesc 0x7a7b2c00ad50
watgpu608:255303:255513 [3] NCCL INFO proxyProgressAsync opId=0x7a7b34003810 op.type=3 op.reqBuff=0x7a7b2c0119d0 op.respSize=80 done
watgpu608:255303:255510 [3] NCCL INFO ncclPollProxyResponse Received new opId=0x7a7b34003810
watgpu608:255303:255513 [3] NCCL INFO Received and initiated operation=Setup res=0
watgpu608:255301:255516 [1] NCCL INFO transport/p2p.cc:218 Cuda Alloc Size 10485760 pointer 0x7860ac600000
watgpu608:255303:255510 [3] NCCL INFO resp.opId=0x7a7b34003810 matches expected opId=0x7a7b34003810
watgpu608:255303:255510 [3] NCCL INFO Channel 01/0 : 3[3] -> 2[2] via P2P/IPC
watgpu608:255301:255516 [1] NCCL INFO Allocated shareable buffer 0x7860ac600000 size 10485760 ipcDesc 0x78607400ad50
watgpu608:255301:255516 [1] NCCL INFO proxyProgressAsync opId=0x78607c003810 op.type=3 op.reqBuff=0x786074012620 op.respSize=80 done
watgpu608:255303:255513 [3] NCCL INFO New proxy send connection 17 from local rank 3, transport 0
watgpu608:255301:255512 [1] NCCL INFO ncclPollProxyResponse Received new opId=0x78607c003810
watgpu608:255303:255513 [3] NCCL INFO proxyProgressAsync opId=0x7a7b34003810 op.type=1 op.reqBuff=0x7a7b2c0119d0 op.respSize=16 done
watgpu608:255301:255516 [1] NCCL INFO Received and initiated operation=Setup res=0
watgpu608:255301:255512 [1] NCCL INFO resp.opId=0x78607c003810 matches expected opId=0x78607c003810
watgpu608:255303:255510 [3] NCCL INFO ncclPollProxyResponse Received new opId=0x7a7b34003810
watgpu608:255303:255513 [3] NCCL INFO Received and initiated operation=Init res=0
watgpu608:255303:255510 [3] NCCL INFO resp.opId=0x7a7b34003810 matches expected opId=0x7a7b34003810
watgpu608:255303:255510 [3] NCCL INFO Connected to proxy localRank 3 -> connection 0x7a7b2c001b18
watgpu608:255301:255516 [1] NCCL INFO New proxy recv connection 18 from local rank 1, transport 0
watgpu608:255301:255516 [1] NCCL INFO proxyProgressAsync opId=0x78607c003810 op.type=1 op.reqBuff=0x786074012620 op.respSize=16 done
watgpu608:255301:255512 [1] NCCL INFO ncclPollProxyResponse Received new opId=0x78607c003810
watgpu608:255301:255516 [1] NCCL INFO Received and initiated operation=Init res=0
watgpu608:255301:255512 [1] NCCL INFO resp.opId=0x78607c003810 matches expected opId=0x78607c003810
watgpu608:255301:255512 [1] NCCL INFO Connected to proxy localRank 1 -> connection 0x786074001b90
watgpu608:255302:255514 [2] NCCL INFO transport/p2p.cc:218 Cuda Alloc Size 10485760 pointer 0x7a5f8dc00000
watgpu608:255302:255514 [2] NCCL INFO Allocated shareable buffer 0x7a5f8dc00000 size 10485760 ipcDesc 0x7a5f5400ad50
watgpu608:255302:255514 [2] NCCL INFO proxyProgressAsync opId=0x7a5f5c003810 op.type=3 op.reqBuff=0x7a5f540119d0 op.respSize=80 done
watgpu608:255302:255511 [2] NCCL INFO ncclPollProxyResponse Received new opId=0x7a5f5c003810
watgpu608:255302:255514 [2] NCCL INFO Received and initiated operation=Setup res=0
watgpu608:255302:255511 [2] NCCL INFO resp.opId=0x7a5f5c003810 matches expected opId=0x7a5f5c003810
watgpu608:255300:255515 [0] NCCL INFO transport/p2p.cc:218 Cuda Alloc Size 10485760 pointer 0x701804600000
watgpu608:255302:255514 [2] NCCL INFO New proxy recv connection 17 from local rank 2, transport 0
watgpu608:255302:255514 [2] NCCL INFO proxyProgressAsync opId=0x7a5f5c003810 op.type=1 op.reqBuff=0x7a5f540119d0 op.respSize=16 done
watgpu608:255302:255511 [2] NCCL INFO ncclPollProxyResponse Received new opId=0x7a5f5c003810
watgpu608:255302:255514 [2] NCCL INFO Received and initiated operation=Init res=0
watgpu608:255302:255511 [2] NCCL INFO resp.opId=0x7a5f5c003810 matches expected opId=0x7a5f5c003810
watgpu608:255302:255511 [2] NCCL INFO Connected to proxy localRank 2 -> connection 0x7a5f54001b18
watgpu608:255300:255515 [0] NCCL INFO Allocated shareable buffer 0x701804600000 size 10485760 ipcDesc 0x7017f400a060
watgpu608:255300:255515 [0] NCCL INFO proxyProgressAsync opId=0x7017cc003810 op.type=3 op.reqBuff=0x7017f4012620 op.respSize=80 done
watgpu608:255300:255509 [0] NCCL INFO ncclPollProxyResponse Received new opId=0x7017cc003810
watgpu608:255300:255515 [0] NCCL INFO Received and initiated operation=Setup res=0
watgpu608:255300:255509 [0] NCCL INFO resp.opId=0x7017cc003810 matches expected opId=0x7017cc003810
watgpu608:255300:255515 [0] NCCL INFO New proxy recv connection 18 from local rank 0, transport 0
watgpu608:255300:255515 [0] NCCL INFO proxyProgressAsync opId=0x7017cc003810 op.type=1 op.reqBuff=0x7017f4012620 op.respSize=16 done
watgpu608:255300:255509 [0] NCCL INFO ncclPollProxyResponse Received new opId=0x7017cc003810
watgpu608:255300:255515 [0] NCCL INFO Received and initiated operation=Init res=0
watgpu608:255300:255509 [0] NCCL INFO resp.opId=0x7017cc003810 matches expected opId=0x7017cc003810
watgpu608:255300:255509 [0] NCCL INFO Connected to proxy localRank 0 -> connection 0x7017f4001cc0
watgpu608:255301:255516 [1] NCCL INFO transport/p2p.cc:218 Cuda Alloc Size 10485760 pointer 0x7860ad000000
watgpu608:255303:255513 [3] NCCL INFO transport/p2p.cc:218 Cuda Alloc Size 2097152 pointer 0x7a7b67e00000
watgpu608:255301:255516 [1] NCCL INFO Allocated shareable buffer 0x7860ad000000 size 10485760 ipcDesc 0x78607400ad50
watgpu608:255301:255516 [1] NCCL INFO proxyProgressAsync opId=0x78607c003810 op.type=3 op.reqBuff=0x786074013270 op.respSize=80 done
watgpu608:255303:255513 [3] NCCL INFO Allocated shareable buffer 0x7a7b67e00000 size 2097152 ipcDesc 0x7a7b2c00ad50
watgpu608:255301:255512 [1] NCCL INFO ncclPollProxyResponse Received new opId=0x78607c003810
watgpu608:255303:255513 [3] NCCL INFO proxyProgressAsync opId=0x7a7b34003810 op.type=3 op.reqBuff=0x7a7b2c012620 op.respSize=80 done
watgpu608:255301:255516 [1] NCCL INFO Received and initiated operation=Setup res=0
watgpu608:255301:255512 [1] NCCL INFO resp.opId=0x78607c003810 matches expected opId=0x78607c003810
watgpu608:255303:255510 [3] NCCL INFO ncclPollProxyResponse Received new opId=0x7a7b34003810
watgpu608:255303:255513 [3] NCCL INFO Received and initiated operation=Setup res=0
watgpu608:255301:255516 [1] NCCL INFO New proxy recv connection 19 from local rank 1, transport 0
watgpu608:255303:255510 [3] NCCL INFO resp.opId=0x7a7b34003810 matches expected opId=0x7a7b34003810
watgpu608:255301:255516 [1] NCCL INFO proxyProgressAsync opId=0x78607c003810 op.type=1 op.reqBuff=0x786074013270 op.respSize=16 done
watgpu608:255303:255510 [3] NCCL INFO Channel 02/0 : 3[3] -> 2[2] via P2P/IPC
watgpu608:255301:255512 [1] NCCL INFO ncclPollProxyResponse Received new opId=0x78607c003810
watgpu608:255301:255516 [1] NCCL INFO Received and initiated operation=Init res=0
watgpu608:255301:255512 [1] NCCL INFO resp.opId=0x78607c003810 matches expected opId=0x78607c003810
watgpu608:255301:255512 [1] NCCL INFO Connected to proxy localRank 1 -> connection 0x786074001c08
watgpu608:255303:255513 [3] NCCL INFO New proxy send connection 18 from local rank 3, transport 0
watgpu608:255303:255513 [3] NCCL INFO proxyProgressAsync opId=0x7a7b34003810 op.type=1 op.reqBuff=0x7a7b2c012620 op.respSize=16 done
watgpu608:255303:255510 [3] NCCL INFO ncclPollProxyResponse Received new opId=0x7a7b34003810
watgpu608:255303:255513 [3] NCCL INFO Received and initiated operation=Init res=0
watgpu608:255303:255510 [3] NCCL INFO resp.opId=0x7a7b34003810 matches expected opId=0x7a7b34003810
watgpu608:255303:255510 [3] NCCL INFO Connected to proxy localRank 3 -> connection 0x7a7b2c001b90
watgpu608:255302:255514 [2] NCCL INFO transport/p2p.cc:218 Cuda Alloc Size 10485760 pointer 0x7a5f8e600000
watgpu608:255302:255514 [2] NCCL INFO Allocated shareable buffer 0x7a5f8e600000 size 10485760 ipcDesc 0x7a5f5400ad50
watgpu608:255302:255514 [2] NCCL INFO proxyProgressAsync opId=0x7a5f5c003810 op.type=3 op.reqBuff=0x7a5f54012620 op.respSize=80 done
watgpu608:255302:255511 [2] NCCL INFO ncclPollProxyResponse Received new opId=0x7a5f5c003810
watgpu608:255302:255514 [2] NCCL INFO Received and initiated operation=Setup res=0
watgpu608:255300:255515 [0] NCCL INFO transport/p2p.cc:218 Cuda Alloc Size 10485760 pointer 0x701805000000
watgpu608:255302:255511 [2] NCCL INFO resp.opId=0x7a5f5c003810 matches expected opId=0x7a5f5c003810
watgpu608:255302:255514 [2] NCCL INFO New proxy recv connection 18 from local rank 2, transport 0
watgpu608:255302:255514 [2] NCCL INFO proxyProgressAsync opId=0x7a5f5c003810 op.type=1 op.reqBuff=0x7a5f54012620 op.respSize=16 done
watgpu608:255302:255511 [2] NCCL INFO ncclPollProxyResponse Received new opId=0x7a5f5c003810
watgpu608:255302:255514 [2] NCCL INFO Received and initiated operation=Init res=0
watgpu608:255300:255515 [0] NCCL INFO Allocated shareable buffer 0x701805000000 size 10485760 ipcDesc 0x7017f400a060
watgpu608:255302:255511 [2] NCCL INFO resp.opId=0x7a5f5c003810 matches expected opId=0x7a5f5c003810
watgpu608:255300:255515 [0] NCCL INFO proxyProgressAsync opId=0x7017cc003810 op.type=3 op.reqBuff=0x7017f4013270 op.respSize=80 done
watgpu608:255302:255511 [2] NCCL INFO Connected to proxy localRank 2 -> connection 0x7a5f54001b90
watgpu608:255300:255509 [0] NCCL INFO ncclPollProxyResponse Received new opId=0x7017cc003810
watgpu608:255300:255515 [0] NCCL INFO Received and initiated operation=Setup res=0
watgpu608:255300:255509 [0] NCCL INFO resp.opId=0x7017cc003810 matches expected opId=0x7017cc003810
watgpu608:255301:255516 [1] NCCL INFO transport/p2p.cc:218 Cuda Alloc Size 10485760 pointer 0x7860ada00000
watgpu608:255300:255515 [0] NCCL INFO New proxy recv connection 19 from local rank 0, transport 0
watgpu608:255300:255515 [0] NCCL INFO proxyProgressAsync opId=0x7017cc003810 op.type=1 op.reqBuff=0x7017f4013270 op.respSize=16 done
watgpu608:255301:255516 [1] NCCL INFO Allocated shareable buffer 0x7860ada00000 size 10485760 ipcDesc 0x78607400ad50
watgpu608:255301:255516 [1] NCCL INFO proxyProgressAsync opId=0x78607c003810 op.type=3 op.reqBuff=0x786074013ec0 op.respSize=80 done
watgpu608:255300:255509 [0] NCCL INFO ncclPollProxyResponse Received new opId=0x7017cc003810
watgpu608:255300:255515 [0] NCCL INFO Received and initiated operation=Init res=0
watgpu608:255301:255512 [1] NCCL INFO ncclPollProxyResponse Received new opId=0x78607c003810
watgpu608:255301:255516 [1] NCCL INFO Received and initiated operation=Setup res=0
watgpu608:255300:255509 [0] NCCL INFO resp.opId=0x7017cc003810 matches expected opId=0x7017cc003810
watgpu608:255301:255512 [1] NCCL INFO resp.opId=0x78607c003810 matches expected opId=0x78607c003810
watgpu608:255300:255509 [0] NCCL INFO Connected to proxy localRank 0 -> connection 0x7017f4001d38
watgpu608:255301:255516 [1] NCCL INFO New proxy recv connection 20 from local rank 1, transport 0
watgpu608:255301:255516 [1] NCCL INFO proxyProgressAsync opId=0x78607c003810 op.type=1 op.reqBuff=0x786074013ec0 op.respSize=16 done
watgpu608:255301:255512 [1] NCCL INFO ncclPollProxyResponse Received new opId=0x78607c003810
watgpu608:255301:255516 [1] NCCL INFO Received and initiated operation=Init res=0
watgpu608:255301:255512 [1] NCCL INFO resp.opId=0x78607c003810 matches expected opId=0x78607c003810
watgpu608:255301:255512 [1] NCCL INFO Connected to proxy localRank 1 -> connection 0x786074001c80
watgpu608:255303:255513 [3] NCCL INFO transport/p2p.cc:218 Cuda Alloc Size 2097152 pointer 0x7a7b68000000
watgpu608:255302:255514 [2] NCCL INFO transport/p2p.cc:218 Cuda Alloc Size 10485760 pointer 0x7a5f8f000000
watgpu608:255303:255513 [3] NCCL INFO Allocated shareable buffer 0x7a7b68000000 size 2097152 ipcDesc 0x7a7b2c00ad50
watgpu608:255303:255513 [3] NCCL INFO proxyProgressAsync opId=0x7a7b34003810 op.type=3 op.reqBuff=0x7a7b2c013270 op.respSize=80 done
watgpu608:255302:255514 [2] NCCL INFO Allocated shareable buffer 0x7a5f8f000000 size 10485760 ipcDesc 0x7a5f5400ad50
watgpu608:255302:255514 [2] NCCL INFO proxyProgressAsync opId=0x7a5f5c003810 op.type=3 op.reqBuff=0x7a5f54013270 op.respSize=80 done
watgpu608:255303:255510 [3] NCCL INFO ncclPollProxyResponse Received new opId=0x7a7b34003810
watgpu608:255303:255513 [3] NCCL INFO Received and initiated operation=Setup res=0
watgpu608:255302:255511 [2] NCCL INFO ncclPollProxyResponse Received new opId=0x7a5f5c003810
watgpu608:255303:255510 [3] NCCL INFO resp.opId=0x7a7b34003810 matches expected opId=0x7a7b34003810
watgpu608:255302:255514 [2] NCCL INFO Received and initiated operation=Setup res=0
watgpu608:255303:255510 [3] NCCL INFO Channel 03/0 : 3[3] -> 2[2] via P2P/IPC
watgpu608:255302:255511 [2] NCCL INFO resp.opId=0x7a5f5c003810 matches expected opId=0x7a5f5c003810
watgpu608:255303:255513 [3] NCCL INFO New proxy send connection 19 from local rank 3, transport 0
watgpu608:255303:255513 [3] NCCL INFO proxyProgressAsync opId=0x7a7b34003810 op.type=1 op.reqBuff=0x7a7b2c013270 op.respSize=16 done
watgpu608:255302:255514 [2] NCCL INFO New proxy recv connection 19 from local rank 2, transport 0
watgpu608:255302:255514 [2] NCCL INFO proxyProgressAsync opId=0x7a5f5c003810 op.type=1 op.reqBuff=0x7a5f54013270 op.respSize=16 done
watgpu608:255303:255510 [3] NCCL INFO ncclPollProxyResponse Received new opId=0x7a7b34003810
watgpu608:255302:255511 [2] NCCL INFO ncclPollProxyResponse Received new opId=0x7a5f5c003810
watgpu608:255303:255513 [3] NCCL INFO Received and initiated operation=Init res=0
watgpu608:255302:255514 [2] NCCL INFO Received and initiated operation=Init res=0
watgpu608:255303:255510 [3] NCCL INFO resp.opId=0x7a7b34003810 matches expected opId=0x7a7b34003810
watgpu608:255303:255510 [3] NCCL INFO Connected to proxy localRank 3 -> connection 0x7a7b2c001c08
watgpu608:255302:255511 [2] NCCL INFO resp.opId=0x7a5f5c003810 matches expected opId=0x7a5f5c003810
watgpu608:255302:255511 [2] NCCL INFO Connected to proxy localRank 2 -> connection 0x7a5f54001c08
watgpu608:255300:255515 [0] NCCL INFO transport/p2p.cc:218 Cuda Alloc Size 10485760 pointer 0x701805a00000
watgpu608:255300:255515 [0] NCCL INFO Allocated shareable buffer 0x701805a00000 size 10485760 ipcDesc 0x7017f400a060
watgpu608:255300:255515 [0] NCCL INFO proxyProgressAsync opId=0x7017cc003810 op.type=3 op.reqBuff=0x7017f4013ec0 op.respSize=80 done
watgpu608:255300:255509 [0] NCCL INFO ncclPollProxyResponse Received new opId=0x7017cc003810
watgpu608:255301:255516 [1] NCCL INFO transport/p2p.cc:218 Cuda Alloc Size 10485760 pointer 0x7860ae400000
watgpu608:255300:255515 [0] NCCL INFO Received and initiated operation=Setup res=0
watgpu608:255300:255509 [0] NCCL INFO resp.opId=0x7017cc003810 matches expected opId=0x7017cc003810
watgpu608:255301:255516 [1] NCCL INFO Allocated shareable buffer 0x7860ae400000 size 10485760 ipcDesc 0x78607400ad50
watgpu608:255301:255516 [1] NCCL INFO proxyProgressAsync opId=0x78607c003810 op.type=3 op.reqBuff=0x786074014b10 op.respSize=80 done
watgpu608:255301:255512 [1] NCCL INFO ncclPollProxyResponse Received new opId=0x78607c003810
watgpu608:255301:255516 [1] NCCL INFO Received and initiated operation=Setup res=0
watgpu608:255300:255515 [0] NCCL INFO New proxy recv connection 20 from local rank 0, transport 0
watgpu608:255301:255512 [1] NCCL INFO resp.opId=0x78607c003810 matches expected opId=0x78607c003810
watgpu608:255300:255515 [0] NCCL INFO proxyProgressAsync opId=0x7017cc003810 op.type=1 op.reqBuff=0x7017f4013ec0 op.respSize=16 done
watgpu608:255300:255509 [0] NCCL INFO ncclPollProxyResponse Received new opId=0x7017cc003810
watgpu608:255300:255515 [0] NCCL INFO Received and initiated operation=Init res=0
watgpu608:255300:255509 [0] NCCL INFO resp.opId=0x7017cc003810 matches expected opId=0x7017cc003810
watgpu608:255301:255516 [1] NCCL INFO New proxy recv connection 21 from local rank 1, transport 0
watgpu608:255300:255509 [0] NCCL INFO Connected to proxy localRank 0 -> connection 0x7017f4001db0
watgpu608:255301:255516 [1] NCCL INFO proxyProgressAsync opId=0x78607c003810 op.type=1 op.reqBuff=0x786074014b10 op.respSize=16 done
watgpu608:255301:255512 [1] NCCL INFO ncclPollProxyResponse Received new opId=0x78607c003810
watgpu608:255301:255516 [1] NCCL INFO Received and initiated operation=Init res=0
watgpu608:255301:255512 [1] NCCL INFO resp.opId=0x78607c003810 matches expected opId=0x78607c003810
watgpu608:255301:255512 [1] NCCL INFO Connected to proxy localRank 1 -> connection 0x786074001cf8
watgpu608:255302:255514 [2] NCCL INFO transport/p2p.cc:218 Cuda Alloc Size 10485760 pointer 0x7a5f8fa00000
watgpu608:255303:255513 [3] NCCL INFO transport/p2p.cc:218 Cuda Alloc Size 2097152 pointer 0x7a7b68200000
watgpu608:255302:255514 [2] NCCL INFO Allocated shareable buffer 0x7a5f8fa00000 size 10485760 ipcDesc 0x7a5f5400ad50
watgpu608:255302:255514 [2] NCCL INFO proxyProgressAsync opId=0x7a5f5c003810 op.type=3 op.reqBuff=0x7a5f54013ec0 op.respSize=80 done
watgpu608:255302:255511 [2] NCCL INFO ncclPollProxyResponse Received new opId=0x7a5f5c003810
watgpu608:255302:255514 [2] NCCL INFO Received and initiated operation=Setup res=0
watgpu608:255302:255511 [2] NCCL INFO resp.opId=0x7a5f5c003810 matches expected opId=0x7a5f5c003810
watgpu608:255303:255513 [3] NCCL INFO Allocated shareable buffer 0x7a7b68200000 size 2097152 ipcDesc 0x7a7b2c00ad50
watgpu608:255303:255513 [3] NCCL INFO proxyProgressAsync opId=0x7a7b34003810 op.type=3 op.reqBuff=0x7a7b2c013ec0 op.respSize=80 done
watgpu608:255303:255510 [3] NCCL INFO ncclPollProxyResponse Received new opId=0x7a7b34003810
watgpu608:255302:255514 [2] NCCL INFO New proxy recv connection 20 from local rank 2, transport 0
watgpu608:255303:255513 [3] NCCL INFO Received and initiated operation=Setup res=0
watgpu608:255302:255514 [2] NCCL INFO proxyProgressAsync opId=0x7a5f5c003810 op.type=1 op.reqBuff=0x7a5f54013ec0 op.respSize=16 done
watgpu608:255302:255511 [2] NCCL INFO ncclPollProxyResponse Received new opId=0x7a5f5c003810
watgpu608:255303:255510 [3] NCCL INFO resp.opId=0x7a7b34003810 matches expected opId=0x7a7b34003810
watgpu608:255303:255510 [3] NCCL INFO Channel 04/0 : 3[3] -> 2[2] via P2P/IPC
watgpu608:255302:255514 [2] NCCL INFO Received and initiated operation=Init res=0
watgpu608:255302:255511 [2] NCCL INFO resp.opId=0x7a5f5c003810 matches expected opId=0x7a5f5c003810
watgpu608:255302:255511 [2] NCCL INFO Connected to proxy localRank 2 -> connection 0x7a5f54001c80
watgpu608:255303:255513 [3] NCCL INFO New proxy send connection 20 from local rank 3, transport 0
watgpu608:255303:255513 [3] NCCL INFO proxyProgressAsync opId=0x7a7b34003810 op.type=1 op.reqBuff=0x7a7b2c013ec0 op.respSize=16 done
watgpu608:255303:255510 [3] NCCL INFO ncclPollProxyResponse Received new opId=0x7a7b34003810
watgpu608:255303:255513 [3] NCCL INFO Received and initiated operation=Init res=0
watgpu608:255303:255510 [3] NCCL INFO resp.opId=0x7a7b34003810 matches expected opId=0x7a7b34003810
watgpu608:255303:255510 [3] NCCL INFO Connected to proxy localRank 3 -> connection 0x7a7b2c001c80
watgpu608:255301:255516 [1] NCCL INFO transport/p2p.cc:218 Cuda Alloc Size 10485760 pointer 0x7860aee00000
watgpu608:255301:255516 [1] NCCL INFO Allocated shareable buffer 0x7860aee00000 size 10485760 ipcDesc 0x78607400ad50
watgpu608:255301:255516 [1] NCCL INFO proxyProgressAsync opId=0x78607c003810 op.type=3 op.reqBuff=0x786074015760 op.respSize=80 done
watgpu608:255300:255515 [0] NCCL INFO transport/p2p.cc:218 Cuda Alloc Size 10485760 pointer 0x701806400000
