watgpu608:255301:255512 [1] NCCL INFO ncclPollProxyResponse Received new opId=0x78607c003810
watgpu608:255301:255516 [1] NCCL INFO Received and initiated operation=Setup res=0
watgpu608:255301:255512 [1] NCCL INFO resp.opId=0x78607c003810 matches expected opId=0x78607c003810
watgpu608:255301:255516 [1] NCCL INFO New proxy recv connection 22 from local rank 1, transport 0
watgpu608:255301:255516 [1] NCCL INFO proxyProgressAsync opId=0x78607c003810 op.type=1 op.reqBuff=0x786074015760 op.respSize=16 done
watgpu608:255301:255512 [1] NCCL INFO ncclPollProxyResponse Received new opId=0x78607c003810
watgpu608:255300:255515 [0] NCCL INFO Allocated shareable buffer 0x701806400000 size 10485760 ipcDesc 0x7017f400a060
watgpu608:255301:255516 [1] NCCL INFO Received and initiated operation=Init res=0
watgpu608:255300:255515 [0] NCCL INFO proxyProgressAsync opId=0x7017cc003810 op.type=3 op.reqBuff=0x7017f4014b10 op.respSize=80 done
watgpu608:255301:255512 [1] NCCL INFO resp.opId=0x78607c003810 matches expected opId=0x78607c003810
watgpu608:255300:255509 [0] NCCL INFO ncclPollProxyResponse Received new opId=0x7017cc003810
watgpu608:255301:255512 [1] NCCL INFO Connected to proxy localRank 1 -> connection 0x786074001d70
watgpu608:255300:255515 [0] NCCL INFO Received and initiated operation=Setup res=0
watgpu608:255300:255509 [0] NCCL INFO resp.opId=0x7017cc003810 matches expected opId=0x7017cc003810
watgpu608:255300:255515 [0] NCCL INFO New proxy recv connection 21 from local rank 0, transport 0
watgpu608:255300:255515 [0] NCCL INFO proxyProgressAsync opId=0x7017cc003810 op.type=1 op.reqBuff=0x7017f4014b10 op.respSize=16 done
watgpu608:255300:255509 [0] NCCL INFO ncclPollProxyResponse Received new opId=0x7017cc003810
watgpu608:255300:255515 [0] NCCL INFO Received and initiated operation=Init res=0
watgpu608:255300:255509 [0] NCCL INFO resp.opId=0x7017cc003810 matches expected opId=0x7017cc003810
watgpu608:255300:255509 [0] NCCL INFO Connected to proxy localRank 0 -> connection 0x7017f4001e28
watgpu608:255303:255513 [3] NCCL INFO transport/p2p.cc:218 Cuda Alloc Size 2097152 pointer 0x7a7b68400000
watgpu608:255302:255514 [2] NCCL INFO transport/p2p.cc:218 Cuda Alloc Size 10485760 pointer 0x7a5f90400000
watgpu608:255303:255513 [3] NCCL INFO Allocated shareable buffer 0x7a7b68400000 size 2097152 ipcDesc 0x7a7b2c00ad50
watgpu608:255303:255513 [3] NCCL INFO proxyProgressAsync opId=0x7a7b34003810 op.type=3 op.reqBuff=0x7a7b2c014b10 op.respSize=80 done
watgpu608:255303:255510 [3] NCCL INFO ncclPollProxyResponse Received new opId=0x7a7b34003810
watgpu608:255303:255513 [3] NCCL INFO Received and initiated operation=Setup res=0
watgpu608:255302:255514 [2] NCCL INFO Allocated shareable buffer 0x7a5f90400000 size 10485760 ipcDesc 0x7a5f5400ad50
watgpu608:255302:255514 [2] NCCL INFO proxyProgressAsync opId=0x7a5f5c003810 op.type=3 op.reqBuff=0x7a5f54014b10 op.respSize=80 done
watgpu608:255303:255510 [3] NCCL INFO resp.opId=0x7a7b34003810 matches expected opId=0x7a7b34003810
watgpu608:255303:255510 [3] NCCL INFO Channel 05/0 : 3[3] -> 2[2] via P2P/IPC
watgpu608:255302:255511 [2] NCCL INFO ncclPollProxyResponse Received new opId=0x7a5f5c003810
watgpu608:255302:255514 [2] NCCL INFO Received and initiated operation=Setup res=0
watgpu608:255302:255511 [2] NCCL INFO resp.opId=0x7a5f5c003810 matches expected opId=0x7a5f5c003810
watgpu608:255303:255513 [3] NCCL INFO New proxy send connection 21 from local rank 3, transport 0
watgpu608:255303:255513 [3] NCCL INFO proxyProgressAsync opId=0x7a7b34003810 op.type=1 op.reqBuff=0x7a7b2c014b10 op.respSize=16 done
watgpu608:255303:255510 [3] NCCL INFO ncclPollProxyResponse Received new opId=0x7a7b34003810
watgpu608:255303:255513 [3] NCCL INFO Received and initiated operation=Init res=0
watgpu608:255302:255514 [2] NCCL INFO New proxy recv connection 21 from local rank 2, transport 0
watgpu608:255303:255510 [3] NCCL INFO resp.opId=0x7a7b34003810 matches expected opId=0x7a7b34003810
watgpu608:255302:255514 [2] NCCL INFO proxyProgressAsync opId=0x7a5f5c003810 op.type=1 op.reqBuff=0x7a5f54014b10 op.respSize=16 done
watgpu608:255303:255510 [3] NCCL INFO Connected to proxy localRank 3 -> connection 0x7a7b2c001cf8
watgpu608:255302:255511 [2] NCCL INFO ncclPollProxyResponse Received new opId=0x7a5f5c003810
watgpu608:255302:255514 [2] NCCL INFO Received and initiated operation=Init res=0
watgpu608:255302:255511 [2] NCCL INFO resp.opId=0x7a5f5c003810 matches expected opId=0x7a5f5c003810
watgpu608:255302:255511 [2] NCCL INFO Connected to proxy localRank 2 -> connection 0x7a5f54001cf8
watgpu608:255300:255515 [0] NCCL INFO transport/p2p.cc:218 Cuda Alloc Size 10485760 pointer 0x701806e00000
watgpu608:255301:255516 [1] NCCL INFO transport/p2p.cc:218 Cuda Alloc Size 10485760 pointer 0x7860af800000
watgpu608:255300:255515 [0] NCCL INFO Allocated shareable buffer 0x701806e00000 size 10485760 ipcDesc 0x7017f400a060
watgpu608:255300:255515 [0] NCCL INFO proxyProgressAsync opId=0x7017cc003810 op.type=3 op.reqBuff=0x7017f4015760 op.respSize=80 done
watgpu608:255300:255509 [0] NCCL INFO ncclPollProxyResponse Received new opId=0x7017cc003810
watgpu608:255300:255515 [0] NCCL INFO Received and initiated operation=Setup res=0
watgpu608:255301:255516 [1] NCCL INFO Allocated shareable buffer 0x7860af800000 size 10485760 ipcDesc 0x78607400ad50
watgpu608:255301:255516 [1] NCCL INFO proxyProgressAsync opId=0x78607c003810 op.type=3 op.reqBuff=0x7860740163b0 op.respSize=80 done
watgpu608:255300:255509 [0] NCCL INFO resp.opId=0x7017cc003810 matches expected opId=0x7017cc003810
watgpu608:255301:255512 [1] NCCL INFO ncclPollProxyResponse Received new opId=0x78607c003810
watgpu608:255301:255516 [1] NCCL INFO Received and initiated operation=Setup res=0
watgpu608:255301:255512 [1] NCCL INFO resp.opId=0x78607c003810 matches expected opId=0x78607c003810
watgpu608:255300:255515 [0] NCCL INFO New proxy recv connection 22 from local rank 0, transport 0
watgpu608:255300:255515 [0] NCCL INFO proxyProgressAsync opId=0x7017cc003810 op.type=1 op.reqBuff=0x7017f4015760 op.respSize=16 done
watgpu608:255301:255516 [1] NCCL INFO New proxy recv connection 23 from local rank 1, transport 0
watgpu608:255301:255516 [1] NCCL INFO proxyProgressAsync opId=0x78607c003810 op.type=1 op.reqBuff=0x7860740163b0 op.respSize=16 done
watgpu608:255300:255509 [0] NCCL INFO ncclPollProxyResponse Received new opId=0x7017cc003810
watgpu608:255301:255512 [1] NCCL INFO ncclPollProxyResponse Received new opId=0x78607c003810
watgpu608:255301:255516 [1] NCCL INFO Received and initiated operation=Init res=0
watgpu608:255300:255515 [0] NCCL INFO Received and initiated operation=Init res=0
watgpu608:255301:255512 [1] NCCL INFO resp.opId=0x78607c003810 matches expected opId=0x78607c003810
watgpu608:255301:255512 [1] NCCL INFO Connected to proxy localRank 1 -> connection 0x786074001de8
watgpu608:255300:255509 [0] NCCL INFO resp.opId=0x7017cc003810 matches expected opId=0x7017cc003810
watgpu608:255300:255509 [0] NCCL INFO Connected to proxy localRank 0 -> connection 0x7017f4001ea0
watgpu608:255302:255514 [2] NCCL INFO transport/p2p.cc:218 Cuda Alloc Size 10485760 pointer 0x7a5f90e00000
watgpu608:255303:255513 [3] NCCL INFO transport/p2p.cc:218 Cuda Alloc Size 2097152 pointer 0x7a7b68600000
watgpu608:255302:255514 [2] NCCL INFO Allocated shareable buffer 0x7a5f90e00000 size 10485760 ipcDesc 0x7a5f5400ad50
watgpu608:255302:255514 [2] NCCL INFO proxyProgressAsync opId=0x7a5f5c003810 op.type=3 op.reqBuff=0x7a5f54015760 op.respSize=80 done
watgpu608:255302:255511 [2] NCCL INFO ncclPollProxyResponse Received new opId=0x7a5f5c003810
watgpu608:255302:255514 [2] NCCL INFO Received and initiated operation=Setup res=0
watgpu608:255302:255511 [2] NCCL INFO resp.opId=0x7a5f5c003810 matches expected opId=0x7a5f5c003810
watgpu608:255303:255513 [3] NCCL INFO Allocated shareable buffer 0x7a7b68600000 size 2097152 ipcDesc 0x7a7b2c00ad50
watgpu608:255303:255513 [3] NCCL INFO proxyProgressAsync opId=0x7a7b34003810 op.type=3 op.reqBuff=0x7a7b2c015760 op.respSize=80 done
watgpu608:255303:255510 [3] NCCL INFO ncclPollProxyResponse Received new opId=0x7a7b34003810
watgpu608:255303:255513 [3] NCCL INFO Received and initiated operation=Setup res=0
watgpu608:255302:255514 [2] NCCL INFO New proxy recv connection 22 from local rank 2, transport 0
watgpu608:255303:255510 [3] NCCL INFO resp.opId=0x7a7b34003810 matches expected opId=0x7a7b34003810
watgpu608:255302:255514 [2] NCCL INFO proxyProgressAsync opId=0x7a5f5c003810 op.type=1 op.reqBuff=0x7a5f54015760 op.respSize=16 done
watgpu608:255303:255510 [3] NCCL INFO Channel 06/0 : 3[3] -> 2[2] via P2P/IPC
watgpu608:255302:255511 [2] NCCL INFO ncclPollProxyResponse Received new opId=0x7a5f5c003810
watgpu608:255302:255514 [2] NCCL INFO Received and initiated operation=Init res=0
watgpu608:255302:255511 [2] NCCL INFO resp.opId=0x7a5f5c003810 matches expected opId=0x7a5f5c003810
watgpu608:255302:255511 [2] NCCL INFO Connected to proxy localRank 2 -> connection 0x7a5f54001d70
watgpu608:255303:255513 [3] NCCL INFO New proxy send connection 22 from local rank 3, transport 0
watgpu608:255303:255513 [3] NCCL INFO proxyProgressAsync opId=0x7a7b34003810 op.type=1 op.reqBuff=0x7a7b2c015760 op.respSize=16 done
watgpu608:255303:255510 [3] NCCL INFO ncclPollProxyResponse Received new opId=0x7a7b34003810
watgpu608:255303:255513 [3] NCCL INFO Received and initiated operation=Init res=0
watgpu608:255303:255510 [3] NCCL INFO resp.opId=0x7a7b34003810 matches expected opId=0x7a7b34003810
watgpu608:255303:255510 [3] NCCL INFO Connected to proxy localRank 3 -> connection 0x7a7b2c001d70
watgpu608:255300:255515 [0] NCCL INFO transport/p2p.cc:218 Cuda Alloc Size 10485760 pointer 0x701807800000
watgpu608:255300:255515 [0] NCCL INFO Allocated shareable buffer 0x701807800000 size 10485760 ipcDesc 0x7017f400a060
watgpu608:255300:255515 [0] NCCL INFO proxyProgressAsync opId=0x7017cc003810 op.type=3 op.reqBuff=0x7017f40163b0 op.respSize=80 done
watgpu608:255301:255516 [1] NCCL INFO transport/p2p.cc:218 Cuda Alloc Size 10485760 pointer 0x7860b0200000
watgpu608:255300:255509 [0] NCCL INFO ncclPollProxyResponse Received new opId=0x7017cc003810
watgpu608:255300:255515 [0] NCCL INFO Received and initiated operation=Setup res=0
watgpu608:255301:255516 [1] NCCL INFO Allocated shareable buffer 0x7860b0200000 size 10485760 ipcDesc 0x78607400ad50
watgpu608:255301:255516 [1] NCCL INFO proxyProgressAsync opId=0x78607c003810 op.type=3 op.reqBuff=0x786074017000 op.respSize=80 done
watgpu608:255300:255509 [0] NCCL INFO resp.opId=0x7017cc003810 matches expected opId=0x7017cc003810
watgpu608:255301:255512 [1] NCCL INFO ncclPollProxyResponse Received new opId=0x78607c003810
watgpu608:255301:255516 [1] NCCL INFO Received and initiated operation=Setup res=0
watgpu608:255301:255512 [1] NCCL INFO resp.opId=0x78607c003810 matches expected opId=0x78607c003810
watgpu608:255301:255512 [1] NCCL INFO Channel 00/0 : 1[1] -> 0[0] via P2P/IPC
watgpu608:255301:255516 [1] NCCL INFO New proxy send connection 24 from local rank 1, transport 0
watgpu608:255300:255515 [0] NCCL INFO New proxy recv connection 23 from local rank 0, transport 0
watgpu608:255301:255516 [1] NCCL INFO proxyProgressAsync opId=0x78607c003810 op.type=1 op.reqBuff=0x786074017000 op.respSize=16 done
watgpu608:255300:255515 [0] NCCL INFO proxyProgressAsync opId=0x7017cc003810 op.type=1 op.reqBuff=0x7017f40163b0 op.respSize=16 done
watgpu608:255301:255512 [1] NCCL INFO ncclPollProxyResponse Received new opId=0x78607c003810
watgpu608:255301:255516 [1] NCCL INFO Received and initiated operation=Init res=0
watgpu608:255300:255509 [0] NCCL INFO ncclPollProxyResponse Received new opId=0x7017cc003810
watgpu608:255301:255512 [1] NCCL INFO resp.opId=0x78607c003810 matches expected opId=0x78607c003810
watgpu608:255301:255512 [1] NCCL INFO Connected to proxy localRank 1 -> connection 0x786074001e60
watgpu608:255300:255515 [0] NCCL INFO Received and initiated operation=Init res=0
watgpu608:255300:255509 [0] NCCL INFO resp.opId=0x7017cc003810 matches expected opId=0x7017cc003810
watgpu608:255300:255509 [0] NCCL INFO Connected to proxy localRank 0 -> connection 0x7017f4001f18
watgpu608:255303:255513 [3] NCCL INFO transport/p2p.cc:218 Cuda Alloc Size 2097152 pointer 0x7a7b68800000
watgpu608:255302:255514 [2] NCCL INFO transport/p2p.cc:218 Cuda Alloc Size 10485760 pointer 0x7a5f91800000
watgpu608:255303:255513 [3] NCCL INFO Allocated shareable buffer 0x7a7b68800000 size 2097152 ipcDesc 0x7a7b2c00ad50
watgpu608:255303:255513 [3] NCCL INFO proxyProgressAsync opId=0x7a7b34003810 op.type=3 op.reqBuff=0x7a7b2c0163b0 op.respSize=80 done
watgpu608:255303:255510 [3] NCCL INFO ncclPollProxyResponse Received new opId=0x7a7b34003810
watgpu608:255303:255513 [3] NCCL INFO Received and initiated operation=Setup res=0
watgpu608:255302:255514 [2] NCCL INFO Allocated shareable buffer 0x7a5f91800000 size 10485760 ipcDesc 0x7a5f5400ad50
watgpu608:255302:255514 [2] NCCL INFO proxyProgressAsync opId=0x7a5f5c003810 op.type=3 op.reqBuff=0x7a5f540163b0 op.respSize=80 done
watgpu608:255303:255510 [3] NCCL INFO resp.opId=0x7a7b34003810 matches expected opId=0x7a7b34003810
watgpu608:255303:255510 [3] NCCL INFO Channel 07/0 : 3[3] -> 2[2] via P2P/IPC
watgpu608:255302:255511 [2] NCCL INFO ncclPollProxyResponse Received new opId=0x7a5f5c003810
watgpu608:255302:255514 [2] NCCL INFO Received and initiated operation=Setup res=0
watgpu608:255302:255511 [2] NCCL INFO resp.opId=0x7a5f5c003810 matches expected opId=0x7a5f5c003810
watgpu608:255303:255513 [3] NCCL INFO New proxy send connection 23 from local rank 3, transport 0
watgpu608:255303:255513 [3] NCCL INFO proxyProgressAsync opId=0x7a7b34003810 op.type=1 op.reqBuff=0x7a7b2c0163b0 op.respSize=16 done
watgpu608:255303:255510 [3] NCCL INFO ncclPollProxyResponse Received new opId=0x7a7b34003810
watgpu608:255303:255513 [3] NCCL INFO Received and initiated operation=Init res=0
watgpu608:255302:255514 [2] NCCL INFO New proxy recv connection 23 from local rank 2, transport 0
watgpu608:255303:255510 [3] NCCL INFO resp.opId=0x7a7b34003810 matches expected opId=0x7a7b34003810
watgpu608:255302:255514 [2] NCCL INFO proxyProgressAsync opId=0x7a5f5c003810 op.type=1 op.reqBuff=0x7a5f540163b0 op.respSize=16 done
watgpu608:255303:255510 [3] NCCL INFO Connected to proxy localRank 3 -> connection 0x7a7b2c001de8
watgpu608:255302:255511 [2] NCCL INFO ncclPollProxyResponse Received new opId=0x7a5f5c003810
watgpu608:255302:255514 [2] NCCL INFO Received and initiated operation=Init res=0
watgpu608:255302:255511 [2] NCCL INFO resp.opId=0x7a5f5c003810 matches expected opId=0x7a5f5c003810
watgpu608:255302:255511 [2] NCCL INFO Connected to proxy localRank 2 -> connection 0x7a5f54001de8
watgpu608:255300:255515 [0] NCCL INFO transport/p2p.cc:218 Cuda Alloc Size 10485760 pointer 0x701808200000
watgpu608:255301:255516 [1] NCCL INFO transport/p2p.cc:218 Cuda Alloc Size 2097152 pointer 0x7860b0c00000
watgpu608:255300:255515 [0] NCCL INFO Allocated shareable buffer 0x701808200000 size 10485760 ipcDesc 0x7017f400a060
watgpu608:255301:255516 [1] NCCL INFO Allocated shareable buffer 0x7860b0c00000 size 2097152 ipcDesc 0x78607400ad50
watgpu608:255300:255515 [0] NCCL INFO proxyProgressAsync opId=0x7017cc003810 op.type=3 op.reqBuff=0x7017f4017000 op.respSize=80 done
watgpu608:255301:255516 [1] NCCL INFO proxyProgressAsync opId=0x78607c003810 op.type=3 op.reqBuff=0x786074017c50 op.respSize=80 done
watgpu608:255301:255512 [1] NCCL INFO ncclPollProxyResponse Received new opId=0x78607c003810
watgpu608:255300:255509 [0] NCCL INFO ncclPollProxyResponse Received new opId=0x7017cc003810
watgpu608:255301:255516 [1] NCCL INFO Received and initiated operation=Setup res=0
watgpu608:255301:255512 [1] NCCL INFO resp.opId=0x78607c003810 matches expected opId=0x78607c003810
watgpu608:255300:255515 [0] NCCL INFO Received and initiated operation=Setup res=0
watgpu608:255301:255512 [1] NCCL INFO Channel 01/0 : 1[1] -> 0[0] via P2P/IPC
watgpu608:255300:255509 [0] NCCL INFO resp.opId=0x7017cc003810 matches expected opId=0x7017cc003810
watgpu608:255301:255516 [1] NCCL INFO New proxy send connection 25 from local rank 1, transport 0
watgpu608:255301:255516 [1] NCCL INFO proxyProgressAsync opId=0x78607c003810 op.type=1 op.reqBuff=0x786074017c50 op.respSize=16 done
watgpu608:255301:255512 [1] NCCL INFO ncclPollProxyResponse Received new opId=0x78607c003810
watgpu608:255301:255516 [1] NCCL INFO Received and initiated operation=Init res=0
watgpu608:255301:255512 [1] NCCL INFO resp.opId=0x78607c003810 matches expected opId=0x78607c003810
watgpu608:255301:255512 [1] NCCL INFO Connected to proxy localRank 1 -> connection 0x786074001ed8
watgpu608:255302:255514 [2] NCCL INFO transport/p2p.cc:218 Cuda Alloc Size 10485760 pointer 0x7a5f92200000
watgpu608:255302:255514 [2] NCCL INFO Allocated shareable buffer 0x7a5f92200000 size 10485760 ipcDesc 0x7a5f5400ad50
watgpu608:255303:255513 [3] NCCL INFO transport/p2p.cc:218 Cuda Alloc Size 2097152 pointer 0x7a7b68a00000
watgpu608:255302:255514 [2] NCCL INFO proxyProgressAsync opId=0x7a5f5c003810 op.type=3 op.reqBuff=0x7a5f54017000 op.respSize=80 done
watgpu608:255302:255511 [2] NCCL INFO ncclPollProxyResponse Received new opId=0x7a5f5c003810
watgpu608:255302:255514 [2] NCCL INFO Received and initiated operation=Setup res=0
watgpu608:255303:255513 [3] NCCL INFO Allocated shareable buffer 0x7a7b68a00000 size 2097152 ipcDesc 0x7a7b2c00ad50
watgpu608:255303:255513 [3] NCCL INFO proxyProgressAsync opId=0x7a7b34003810 op.type=3 op.reqBuff=0x7a7b2c017000 op.respSize=80 done
watgpu608:255302:255511 [2] NCCL INFO resp.opId=0x7a5f5c003810 matches expected opId=0x7a5f5c003810
watgpu608:255302:255511 [2] NCCL INFO Channel 00/0 : 2[2] -> 1[1] via P2P/IPC
watgpu608:255303:255510 [3] NCCL INFO ncclPollProxyResponse Received new opId=0x7a7b34003810
watgpu608:255303:255513 [3] NCCL INFO Received and initiated operation=Setup res=0
watgpu608:255303:255510 [3] NCCL INFO resp.opId=0x7a7b34003810 matches expected opId=0x7a7b34003810
watgpu608:255302:255514 [2] NCCL INFO New proxy send connection 24 from local rank 2, transport 0
watgpu608:255302:255514 [2] NCCL INFO proxyProgressAsync opId=0x7a5f5c003810 op.type=1 op.reqBuff=0x7a5f54017000 op.respSize=16 done
watgpu608:255301:255516 [1] NCCL INFO transport/p2p.cc:218 Cuda Alloc Size 2097152 pointer 0x7860b0e00000
watgpu608:255302:255511 [2] NCCL INFO ncclPollProxyResponse Received new opId=0x7a5f5c003810
watgpu608:255302:255514 [2] NCCL INFO Received and initiated operation=Init res=0
watgpu608:255301:255516 [1] NCCL INFO Allocated shareable buffer 0x7860b0e00000 size 2097152 ipcDesc 0x78607400ad50
watgpu608:255301:255516 [1] NCCL INFO proxyProgressAsync opId=0x78607c003810 op.type=3 op.reqBuff=0x7860740188a0 op.respSize=80 done
watgpu608:255302:255511 [2] NCCL INFO resp.opId=0x7a5f5c003810 matches expected opId=0x7a5f5c003810
watgpu608:255301:255512 [1] NCCL INFO ncclPollProxyResponse Received new opId=0x78607c003810
watgpu608:255302:255511 [2] NCCL INFO Connected to proxy localRank 2 -> connection 0x7a5f54001e60
watgpu608:255301:255516 [1] NCCL INFO Received and initiated operation=Setup res=0
watgpu608:255301:255512 [1] NCCL INFO resp.opId=0x78607c003810 matches expected opId=0x78607c003810
watgpu608:255301:255512 [1] NCCL INFO Channel 02/0 : 1[1] -> 0[0] via P2P/IPC
watgpu608:255301:255516 [1] NCCL INFO New proxy send connection 26 from local rank 1, transport 0
watgpu608:255301:255516 [1] NCCL INFO proxyProgressAsync opId=0x78607c003810 op.type=1 op.reqBuff=0x7860740188a0 op.respSize=16 done
watgpu608:255301:255512 [1] NCCL INFO ncclPollProxyResponse Received new opId=0x78607c003810
watgpu608:255301:255516 [1] NCCL INFO Received and initiated operation=Init res=0
watgpu608:255301:255512 [1] NCCL INFO resp.opId=0x78607c003810 matches expected opId=0x78607c003810
watgpu608:255301:255512 [1] NCCL INFO Connected to proxy localRank 1 -> connection 0x786074001f50
watgpu608:255301:255516 [1] NCCL INFO transport/p2p.cc:218 Cuda Alloc Size 2097152 pointer 0x7860b1000000
watgpu608:255301:255516 [1] NCCL INFO Allocated shareable buffer 0x7860b1000000 size 2097152 ipcDesc 0x78607400ad50
watgpu608:255301:255516 [1] NCCL INFO proxyProgressAsync opId=0x78607c003810 op.type=3 op.reqBuff=0x7860740194f0 op.respSize=80 done
watgpu608:255301:255512 [1] NCCL INFO ncclPollProxyResponse Received new opId=0x78607c003810
watgpu608:255301:255516 [1] NCCL INFO Received and initiated operation=Setup res=0
watgpu608:255301:255512 [1] NCCL INFO resp.opId=0x78607c003810 matches expected opId=0x78607c003810
watgpu608:255301:255512 [1] NCCL INFO Channel 03/0 : 1[1] -> 0[0] via P2P/IPC
watgpu608:255302:255514 [2] NCCL INFO transport/p2p.cc:218 Cuda Alloc Size 2097152 pointer 0x7a5f92c00000
watgpu608:255302:255514 [2] NCCL INFO Allocated shareable buffer 0x7a5f92c00000 size 2097152 ipcDesc 0x7a5f5400ad50
watgpu608:255301:255516 [1] NCCL INFO New proxy send connection 27 from local rank 1, transport 0
watgpu608:255302:255514 [2] NCCL INFO proxyProgressAsync opId=0x7a5f5c003810 op.type=3 op.reqBuff=0x7a5f54017c50 op.respSize=80 done
watgpu608:255301:255516 [1] NCCL INFO proxyProgressAsync opId=0x78607c003810 op.type=1 op.reqBuff=0x7860740194f0 op.respSize=16 done
watgpu608:255301:255512 [1] NCCL INFO ncclPollProxyResponse Received new opId=0x78607c003810
watgpu608:255301:255516 [1] NCCL INFO Received and initiated operation=Init res=0
watgpu608:255302:255511 [2] NCCL INFO ncclPollProxyResponse Received new opId=0x7a5f5c003810
watgpu608:255301:255512 [1] NCCL INFO resp.opId=0x78607c003810 matches expected opId=0x78607c003810
watgpu608:255301:255512 [1] NCCL INFO Connected to proxy localRank 1 -> connection 0x786074001fc8
watgpu608:255302:255514 [2] NCCL INFO Received and initiated operation=Setup res=0
watgpu608:255302:255511 [2] NCCL INFO resp.opId=0x7a5f5c003810 matches expected opId=0x7a5f5c003810
watgpu608:255302:255511 [2] NCCL INFO Channel 01/0 : 2[2] -> 1[1] via P2P/IPC
watgpu608:255302:255514 [2] NCCL INFO New proxy send connection 25 from local rank 2, transport 0
watgpu608:255302:255514 [2] NCCL INFO proxyProgressAsync opId=0x7a5f5c003810 op.type=1 op.reqBuff=0x7a5f54017c50 op.respSize=16 done
watgpu608:255302:255511 [2] NCCL INFO ncclPollProxyResponse Received new opId=0x7a5f5c003810
watgpu608:255302:255514 [2] NCCL INFO Received and initiated operation=Init res=0
watgpu608:255302:255511 [2] NCCL INFO resp.opId=0x7a5f5c003810 matches expected opId=0x7a5f5c003810
watgpu608:255302:255511 [2] NCCL INFO Connected to proxy localRank 2 -> connection 0x7a5f54001ed8
watgpu608:255301:255516 [1] NCCL INFO transport/p2p.cc:218 Cuda Alloc Size 2097152 pointer 0x7860b1200000
watgpu608:255301:255516 [1] NCCL INFO Allocated shareable buffer 0x7860b1200000 size 2097152 ipcDesc 0x78607400ad50
watgpu608:255301:255516 [1] NCCL INFO proxyProgressAsync opId=0x78607c003810 op.type=3 op.reqBuff=0x78607401a140 op.respSize=80 done
watgpu608:255301:255512 [1] NCCL INFO ncclPollProxyResponse Received new opId=0x78607c003810
watgpu608:255301:255516 [1] NCCL INFO Received and initiated operation=Setup res=0
watgpu608:255301:255512 [1] NCCL INFO resp.opId=0x78607c003810 matches expected opId=0x78607c003810
watgpu608:255301:255512 [1] NCCL INFO Channel 04/0 : 1[1] -> 0[0] via P2P/IPC
watgpu608:255301:255516 [1] NCCL INFO New proxy send connection 28 from local rank 1, transport 0
watgpu608:255301:255516 [1] NCCL INFO proxyProgressAsync opId=0x78607c003810 op.type=1 op.reqBuff=0x78607401a140 op.respSize=16 done
watgpu608:255301:255512 [1] NCCL INFO ncclPollProxyResponse Received new opId=0x78607c003810
watgpu608:255301:255516 [1] NCCL INFO Received and initiated operation=Init res=0
watgpu608:255301:255512 [1] NCCL INFO resp.opId=0x78607c003810 matches expected opId=0x78607c003810
watgpu608:255301:255512 [1] NCCL INFO Connected to proxy localRank 1 -> connection 0x786074002040
watgpu608:255302:255514 [2] NCCL INFO transport/p2p.cc:218 Cuda Alloc Size 2097152 pointer 0x7a5f92e00000
watgpu608:255302:255514 [2] NCCL INFO Allocated shareable buffer 0x7a5f92e00000 size 2097152 ipcDesc 0x7a5f5400ad50
watgpu608:255302:255514 [2] NCCL INFO proxyProgressAsync opId=0x7a5f5c003810 op.type=3 op.reqBuff=0x7a5f540188a0 op.respSize=80 done
watgpu608:255302:255511 [2] NCCL INFO ncclPollProxyResponse Received new opId=0x7a5f5c003810
watgpu608:255302:255514 [2] NCCL INFO Received and initiated operation=Setup res=0
watgpu608:255302:255511 [2] NCCL INFO resp.opId=0x7a5f5c003810 matches expected opId=0x7a5f5c003810
watgpu608:255302:255511 [2] NCCL INFO Channel 02/0 : 2[2] -> 1[1] via P2P/IPC
watgpu608:255301:255516 [1] NCCL INFO transport/p2p.cc:218 Cuda Alloc Size 2097152 pointer 0x7860b1400000
watgpu608:255302:255514 [2] NCCL INFO New proxy send connection 26 from local rank 2, transport 0
watgpu608:255301:255516 [1] NCCL INFO Allocated shareable buffer 0x7860b1400000 size 2097152 ipcDesc 0x78607400ad50
watgpu608:255302:255514 [2] NCCL INFO proxyProgressAsync opId=0x7a5f5c003810 op.type=1 op.reqBuff=0x7a5f540188a0 op.respSize=16 done
watgpu608:255301:255516 [1] NCCL INFO proxyProgressAsync opId=0x78607c003810 op.type=3 op.reqBuff=0x78607401ad90 op.respSize=80 done
watgpu608:255302:255511 [2] NCCL INFO ncclPollProxyResponse Received new opId=0x7a5f5c003810
watgpu608:255301:255512 [1] NCCL INFO ncclPollProxyResponse Received new opId=0x78607c003810
watgpu608:255301:255516 [1] NCCL INFO Received and initiated operation=Setup res=0
watgpu608:255302:255514 [2] NCCL INFO Received and initiated operation=Init res=0
watgpu608:255301:255512 [1] NCCL INFO resp.opId=0x78607c003810 matches expected opId=0x78607c003810
watgpu608:255301:255512 [1] NCCL INFO Channel 05/0 : 1[1] -> 0[0] via P2P/IPC
watgpu608:255302:255511 [2] NCCL INFO resp.opId=0x7a5f5c003810 matches expected opId=0x7a5f5c003810
watgpu608:255302:255511 [2] NCCL INFO Connected to proxy localRank 2 -> connection 0x7a5f54001f50
watgpu608:255301:255516 [1] NCCL INFO New proxy send connection 29 from local rank 1, transport 0
watgpu608:255301:255516 [1] NCCL INFO proxyProgressAsync opId=0x78607c003810 op.type=1 op.reqBuff=0x78607401ad90 op.respSize=16 done
watgpu608:255301:255512 [1] NCCL INFO ncclPollProxyResponse Received new opId=0x78607c003810
watgpu608:255301:255516 [1] NCCL INFO Received and initiated operation=Init res=0
watgpu608:255301:255512 [1] NCCL INFO resp.opId=0x78607c003810 matches expected opId=0x78607c003810
watgpu608:255301:255512 [1] NCCL INFO Connected to proxy localRank 1 -> connection 0x7860740020b8
watgpu608:255301:255516 [1] NCCL INFO transport/p2p.cc:218 Cuda Alloc Size 2097152 pointer 0x7860b1600000
watgpu608:255301:255516 [1] NCCL INFO Allocated shareable buffer 0x7860b1600000 size 2097152 ipcDesc 0x78607400ad50
watgpu608:255301:255516 [1] NCCL INFO proxyProgressAsync opId=0x78607c003810 op.type=3 op.reqBuff=0x78607401b9e0 op.respSize=80 done
watgpu608:255301:255512 [1] NCCL INFO ncclPollProxyResponse Received new opId=0x78607c003810
watgpu608:255301:255516 [1] NCCL INFO Received and initiated operation=Setup res=0
watgpu608:255301:255512 [1] NCCL INFO resp.opId=0x78607c003810 matches expected opId=0x78607c003810
watgpu608:255301:255512 [1] NCCL INFO Channel 06/0 : 1[1] -> 0[0] via P2P/IPC
watgpu608:255302:255514 [2] NCCL INFO transport/p2p.cc:218 Cuda Alloc Size 2097152 pointer 0x7a5f93000000
watgpu608:255301:255516 [1] NCCL INFO New proxy send connection 30 from local rank 1, transport 0
watgpu608:255301:255516 [1] NCCL INFO proxyProgressAsync opId=0x78607c003810 op.type=1 op.reqBuff=0x78607401b9e0 op.respSize=16 done
watgpu608:255302:255514 [2] NCCL INFO Allocated shareable buffer 0x7a5f93000000 size 2097152 ipcDesc 0x7a5f5400ad50
watgpu608:255301:255512 [1] NCCL INFO ncclPollProxyResponse Received new opId=0x78607c003810
watgpu608:255302:255514 [2] NCCL INFO proxyProgressAsync opId=0x7a5f5c003810 op.type=3 op.reqBuff=0x7a5f540194f0 op.respSize=80 done
watgpu608:255301:255512 [1] NCCL INFO resp.opId=0x78607c003810 matches expected opId=0x78607c003810
watgpu608:255301:255512 [1] NCCL INFO Connected to proxy localRank 1 -> connection 0x786074002130
watgpu608:255301:255516 [1] NCCL INFO Received and initiated operation=Init res=0
watgpu608:255302:255511 [2] NCCL INFO ncclPollProxyResponse Received new opId=0x7a5f5c003810
watgpu608:255302:255514 [2] NCCL INFO Received and initiated operation=Setup res=0
watgpu608:255302:255511 [2] NCCL INFO resp.opId=0x7a5f5c003810 matches expected opId=0x7a5f5c003810
watgpu608:255302:255511 [2] NCCL INFO Channel 03/0 : 2[2] -> 1[1] via P2P/IPC
watgpu608:255302:255514 [2] NCCL INFO New proxy send connection 27 from local rank 2, transport 0
watgpu608:255302:255514 [2] NCCL INFO proxyProgressAsync opId=0x7a5f5c003810 op.type=1 op.reqBuff=0x7a5f540194f0 op.respSize=16 done
watgpu608:255302:255511 [2] NCCL INFO ncclPollProxyResponse Received new opId=0x7a5f5c003810
watgpu608:255302:255514 [2] NCCL INFO Received and initiated operation=Init res=0
watgpu608:255302:255511 [2] NCCL INFO resp.opId=0x7a5f5c003810 matches expected opId=0x7a5f5c003810
watgpu608:255302:255511 [2] NCCL INFO Connected to proxy localRank 2 -> connection 0x7a5f54001fc8
watgpu608:255301:255516 [1] NCCL INFO transport/p2p.cc:218 Cuda Alloc Size 2097152 pointer 0x7860b1800000
watgpu608:255301:255516 [1] NCCL INFO Allocated shareable buffer 0x7860b1800000 size 2097152 ipcDesc 0x78607400ad50
watgpu608:255301:255516 [1] NCCL INFO proxyProgressAsync opId=0x78607c003810 op.type=3 op.reqBuff=0x78607401c630 op.respSize=80 done
watgpu608:255301:255512 [1] NCCL INFO ncclPollProxyResponse Received new opId=0x78607c003810
watgpu608:255301:255516 [1] NCCL INFO Received and initiated operation=Setup res=0
watgpu608:255301:255512 [1] NCCL INFO resp.opId=0x78607c003810 matches expected opId=0x78607c003810
watgpu608:255301:255512 [1] NCCL INFO Channel 07/0 : 1[1] -> 0[0] via P2P/IPC
watgpu608:255301:255516 [1] NCCL INFO New proxy send connection 31 from local rank 1, transport 0
watgpu608:255301:255516 [1] NCCL INFO proxyProgressAsync opId=0x78607c003810 op.type=1 op.reqBuff=0x78607401c630 op.respSize=16 done
watgpu608:255301:255512 [1] NCCL INFO ncclPollProxyResponse Received new opId=0x78607c003810
watgpu608:255301:255516 [1] NCCL INFO Received and initiated operation=Init res=0
watgpu608:255301:255512 [1] NCCL INFO resp.opId=0x78607c003810 matches expected opId=0x78607c003810
watgpu608:255301:255512 [1] NCCL INFO Connected to proxy localRank 1 -> connection 0x7860740021a8
watgpu608:255302:255514 [2] NCCL INFO transport/p2p.cc:218 Cuda Alloc Size 2097152 pointer 0x7a5f93200000
watgpu608:255302:255514 [2] NCCL INFO Allocated shareable buffer 0x7a5f93200000 size 2097152 ipcDesc 0x7a5f5400ad50
watgpu608:255302:255514 [2] NCCL INFO proxyProgressAsync opId=0x7a5f5c003810 op.type=3 op.reqBuff=0x7a5f5401a140 op.respSize=80 done
watgpu608:255302:255511 [2] NCCL INFO ncclPollProxyResponse Received new opId=0x7a5f5c003810
watgpu608:255302:255514 [2] NCCL INFO Received and initiated operation=Setup res=0
watgpu608:255302:255511 [2] NCCL INFO resp.opId=0x7a5f5c003810 matches expected opId=0x7a5f5c003810
watgpu608:255302:255511 [2] NCCL INFO Channel 04/0 : 2[2] -> 1[1] via P2P/IPC
watgpu608:255301:255516 [1] NCCL INFO transport/p2p.cc:218 Cuda Alloc Size 2097152 pointer 0x7860b1a00000
watgpu608:255301:255516 [1] NCCL INFO Allocated shareable buffer 0x7860b1a00000 size 2097152 ipcDesc 0x78607400ad50
watgpu608:255302:255514 [2] NCCL INFO New proxy send connection 28 from local rank 2, transport 0
watgpu608:255301:255516 [1] NCCL INFO proxyProgressAsync opId=0x78607c003810 op.type=3 op.reqBuff=0x78607401d280 op.respSize=80 done
watgpu608:255302:255514 [2] NCCL INFO proxyProgressAsync opId=0x7a5f5c003810 op.type=1 op.reqBuff=0x7a5f5401a140 op.respSize=16 done
watgpu608:255301:255512 [1] NCCL INFO ncclPollProxyResponse Received new opId=0x78607c003810
watgpu608:255302:255511 [2] NCCL INFO ncclPollProxyResponse Received new opId=0x7a5f5c003810
watgpu608:255301:255516 [1] NCCL INFO Received and initiated operation=Setup res=0
watgpu608:255301:255512 [1] NCCL INFO resp.opId=0x78607c003810 matches expected opId=0x78607c003810
watgpu608:255302:255514 [2] NCCL INFO Received and initiated operation=Init res=0
watgpu608:255302:255511 [2] NCCL INFO resp.opId=0x7a5f5c003810 matches expected opId=0x7a5f5c003810
watgpu608:255302:255511 [2] NCCL INFO Connected to proxy localRank 2 -> connection 0x7a5f54002040
watgpu608:255302:255514 [2] NCCL INFO transport/p2p.cc:218 Cuda Alloc Size 2097152 pointer 0x7a5f93400000
watgpu608:255302:255514 [2] NCCL INFO Allocated shareable buffer 0x7a5f93400000 size 2097152 ipcDesc 0x7a5f5400ad50
watgpu608:255302:255514 [2] NCCL INFO proxyProgressAsync opId=0x7a5f5c003810 op.type=3 op.reqBuff=0x7a5f5401ad90 op.respSize=80 done
watgpu608:255302:255511 [2] NCCL INFO ncclPollProxyResponse Received new opId=0x7a5f5c003810
watgpu608:255302:255514 [2] NCCL INFO Received and initiated operation=Setup res=0
watgpu608:255302:255511 [2] NCCL INFO resp.opId=0x7a5f5c003810 matches expected opId=0x7a5f5c003810
watgpu608:255302:255511 [2] NCCL INFO Channel 05/0 : 2[2] -> 1[1] via P2P/IPC
watgpu608:255300:255509 [0] NCCL INFO Imported shareable buffer device 0 size 2097152 ptr 0x701808c00000
watgpu608:255302:255514 [2] NCCL INFO New proxy send connection 29 from local rank 2, transport 0
watgpu608:255302:255514 [2] NCCL INFO proxyProgressAsync opId=0x7a5f5c003810 op.type=1 op.reqBuff=0x7a5f5401ad90 op.respSize=16 done
watgpu608:255302:255511 [2] NCCL INFO ncclPollProxyResponse Received new opId=0x7a5f5c003810
watgpu608:255302:255514 [2] NCCL INFO Received and initiated operation=Init res=0
watgpu608:255302:255511 [2] NCCL INFO resp.opId=0x7a5f5c003810 matches expected opId=0x7a5f5c003810
watgpu608:255302:255511 [2] NCCL INFO Connected to proxy localRank 2 -> connection 0x7a5f540020b8
watgpu608:255300:255509 [0] NCCL INFO Imported shareable buffer device 0 size 2097152 ptr 0x701808e00000
watgpu608:255300:255509 [0] NCCL INFO Imported shareable buffer device 0 size 2097152 ptr 0x701809000000
watgpu608:255302:255514 [2] NCCL INFO transport/p2p.cc:218 Cuda Alloc Size 2097152 pointer 0x7a5f93600000
watgpu608:255302:255514 [2] NCCL INFO Allocated shareable buffer 0x7a5f93600000 size 2097152 ipcDesc 0x7a5f5400ad50
watgpu608:255302:255514 [2] NCCL INFO proxyProgressAsync opId=0x7a5f5c003810 op.type=3 op.reqBuff=0x7a5f5401b9e0 op.respSize=80 done
watgpu608:255302:255511 [2] NCCL INFO ncclPollProxyResponse Received new opId=0x7a5f5c003810
watgpu608:255302:255514 [2] NCCL INFO Received and initiated operation=Setup res=0
watgpu608:255302:255511 [2] NCCL INFO resp.opId=0x7a5f5c003810 matches expected opId=0x7a5f5c003810
watgpu608:255302:255511 [2] NCCL INFO Channel 06/0 : 2[2] -> 1[1] via P2P/IPC
watgpu608:255300:255509 [0] NCCL INFO Imported shareable buffer device 0 size 2097152 ptr 0x701809200000
watgpu608:255302:255514 [2] NCCL INFO New proxy send connection 30 from local rank 2, transport 0
watgpu608:255302:255514 [2] NCCL INFO proxyProgressAsync opId=0x7a5f5c003810 op.type=1 op.reqBuff=0x7a5f5401b9e0 op.respSize=16 done
watgpu608:255302:255511 [2] NCCL INFO ncclPollProxyResponse Received new opId=0x7a5f5c003810
watgpu608:255302:255514 [2] NCCL INFO Received and initiated operation=Init res=0
watgpu608:255302:255511 [2] NCCL INFO resp.opId=0x7a5f5c003810 matches expected opId=0x7a5f5c003810
watgpu608:255302:255511 [2] NCCL INFO Connected to proxy localRank 2 -> connection 0x7a5f54002130
watgpu608:255300:255509 [0] NCCL INFO Imported shareable buffer device 0 size 2097152 ptr 0x701809400000
watgpu608:255300:255509 [0] NCCL INFO Imported shareable buffer device 0 size 2097152 ptr 0x701809600000
watgpu608:255302:255514 [2] NCCL INFO transport/p2p.cc:218 Cuda Alloc Size 2097152 pointer 0x7a5f93800000
watgpu608:255302:255514 [2] NCCL INFO Allocated shareable buffer 0x7a5f93800000 size 2097152 ipcDesc 0x7a5f5400ad50
watgpu608:255300:255509 [0] NCCL INFO Imported shareable buffer device 0 size 2097152 ptr 0x701809800000
watgpu608:255302:255514 [2] NCCL INFO proxyProgressAsync opId=0x7a5f5c003810 op.type=3 op.reqBuff=0x7a5f5401c630 op.respSize=80 done
watgpu608:255302:255511 [2] NCCL INFO ncclPollProxyResponse Received new opId=0x7a5f5c003810
watgpu608:255302:255514 [2] NCCL INFO Received and initiated operation=Setup res=0
watgpu608:255302:255511 [2] NCCL INFO resp.opId=0x7a5f5c003810 matches expected opId=0x7a5f5c003810
watgpu608:255302:255511 [2] NCCL INFO Channel 07/0 : 2[2] -> 1[1] via P2P/IPC
watgpu608:255302:255514 [2] NCCL INFO New proxy send connection 31 from local rank 2, transport 0
watgpu608:255302:255514 [2] NCCL INFO proxyProgressAsync opId=0x7a5f5c003810 op.type=1 op.reqBuff=0x7a5f5401c630 op.respSize=16 done
watgpu608:255302:255511 [2] NCCL INFO ncclPollProxyResponse Received new opId=0x7a5f5c003810
watgpu608:255300:255509 [0] NCCL INFO Imported shareable buffer device 0 size 2097152 ptr 0x701809a00000
watgpu608:255302:255514 [2] NCCL INFO Received and initiated operation=Init res=0
watgpu608:255302:255511 [2] NCCL INFO resp.opId=0x7a5f5c003810 matches expected opId=0x7a5f5c003810
watgpu608:255302:255511 [2] NCCL INFO Connected to proxy localRank 2 -> connection 0x7a5f540021a8
watgpu608:255302:255514 [2] NCCL INFO transport/p2p.cc:218 Cuda Alloc Size 2097152 pointer 0x7a5f93a00000
watgpu608:255302:255514 [2] NCCL INFO Allocated shareable buffer 0x7a5f93a00000 size 2097152 ipcDesc 0x7a5f5400ad50
watgpu608:255302:255514 [2] NCCL INFO proxyProgressAsync opId=0x7a5f5c003810 op.type=3 op.reqBuff=0x7a5f5401d280 op.respSize=80 done
watgpu608:255302:255511 [2] NCCL INFO ncclPollProxyResponse Received new opId=0x7a5f5c003810
watgpu608:255302:255514 [2] NCCL INFO Received and initiated operation=Setup res=0
watgpu608:255302:255511 [2] NCCL INFO resp.opId=0x7a5f5c003810 matches expected opId=0x7a5f5c003810
watgpu608:255303:255510 [3] NCCL INFO Imported shareable buffer device 3 size 10485760 ptr 0x7a7b68c00000
watgpu608:255302:255511 [2] NCCL INFO Imported shareable buffer device 2 size 10485760 ptr 0x7a5f93c00000
watgpu608:255303:255510 [3] NCCL INFO Imported shareable buffer device 3 size 10485760 ptr 0x7a7b69600000
watgpu608:255301:255512 [1] NCCL INFO Imported shareable buffer device 1 size 10485760 ptr 0x7860b1c00000
watgpu608:255301:255512 [1] NCCL INFO Imported shareable buffer device 1 size 2097152 ptr 0x7860b2600000
watgpu608:255302:255511 [2] NCCL INFO Imported shareable buffer device 2 size 2097152 ptr 0x7a5f94600000
watgpu608:255303:255510 [3] NCCL INFO Imported shareable buffer device 3 size 10485760 ptr 0x7a7b6a000000
watgpu608:255301:255512 [1] NCCL INFO Imported shareable buffer device 1 size 10485760 ptr 0x7860b2800000
watgpu608:255302:255511 [2] NCCL INFO Imported shareable buffer device 2 size 10485760 ptr 0x7a5f94800000
watgpu608:255301:255512 [1] NCCL INFO Imported shareable buffer device 1 size 2097152 ptr 0x7860b3200000
watgpu608:255303:255510 [3] NCCL INFO Imported shareable buffer device 3 size 10485760 ptr 0x7a7b6aa00000
watgpu608:255303:255510 [3] NCCL INFO Imported shareable buffer device 3 size 10485760 ptr 0x7a7b6b400000
watgpu608:255302:255511 [2] NCCL INFO Imported shareable buffer device 2 size 2097152 ptr 0x7a5f95200000
watgpu608:255301:255512 [1] NCCL INFO Imported shareable buffer device 1 size 10485760 ptr 0x7860b3400000
watgpu608:255301:255512 [1] NCCL INFO Imported shareable buffer device 1 size 2097152 ptr 0x7860b3e00000
watgpu608:255302:255511 [2] NCCL INFO Imported shareable buffer device 2 size 10485760 ptr 0x7a5f95400000
watgpu608:255302:255511 [2] NCCL INFO Imported shareable buffer device 2 size 2097152 ptr 0x7a5f95e00000
watgpu608:255303:255510 [3] NCCL INFO Imported shareable buffer device 3 size 10485760 ptr 0x7a7b6be00000
watgpu608:255301:255512 [1] NCCL INFO Imported shareable buffer device 1 size 10485760 ptr 0x7860b4000000
watgpu608:255301:255512 [1] NCCL INFO Imported shareable buffer device 1 size 2097152 ptr 0x7860b4a00000
watgpu608:255303:255510 [3] NCCL INFO Imported shareable buffer device 3 size 10485760 ptr 0x7a7b6c800000
watgpu608:255303:255510 [3] NCCL INFO Imported shareable buffer device 3 size 10485760 ptr 0x7a7b6d200000
watgpu608:255302:255511 [2] NCCL INFO Imported shareable buffer device 2 size 10485760 ptr 0x7a5f96000000
watgpu608:255301:255512 [1] NCCL INFO Imported shareable buffer device 1 size 10485760 ptr 0x7860b4c00000
watgpu608:255301:255512 [1] NCCL INFO Imported shareable buffer device 1 size 2097152 ptr 0x7860b5600000
watgpu608:255302:255511 [2] NCCL INFO Imported shareable buffer device 2 size 2097152 ptr 0x7a5f96a00000
watgpu608:255302:255511 [2] NCCL INFO Imported shareable buffer device 2 size 10485760 ptr 0x7a5f96c00000
watgpu608:255301:255512 [1] NCCL INFO Imported shareable buffer device 1 size 10485760 ptr 0x7860b5800000
watgpu608:255301:255512 [1] NCCL INFO Imported shareable buffer device 1 size 2097152 ptr 0x7860b6200000
watgpu608:255302:255511 [2] NCCL INFO Imported shareable buffer device 2 size 2097152 ptr 0x7a5f97600000
watgpu608:255302:255511 [2] NCCL INFO Imported shareable buffer device 2 size 10485760 ptr 0x7a5f97800000
watgpu608:255301:255512 [1] NCCL INFO Imported shareable buffer device 1 size 10485760 ptr 0x7860b6400000
watgpu608:255302:255511 [2] NCCL INFO Imported shareable buffer device 2 size 2097152 ptr 0x7a5f98200000
watgpu608:255301:255512 [1] NCCL INFO Imported shareable buffer device 1 size 2097152 ptr 0x786072000000
watgpu608:255302:255511 [2] NCCL INFO Imported shareable buffer device 2 size 10485760 ptr 0x7a5f98400000
watgpu608:255301:255512 [1] NCCL INFO Imported shareable buffer device 1 size 10485760 ptr 0x786072200000
watgpu608:255302:255511 [2] NCCL INFO Imported shareable buffer device 2 size 2097152 ptr 0x7a5f52000000
watgpu608:255301:255512 [1] NCCL INFO Imported shareable buffer device 1 size 2097152 ptr 0x786072c00000
watgpu608:255302:255511 [2] NCCL INFO Imported shareable buffer device 2 size 10485760 ptr 0x7a5f52200000
watgpu608:255300:255509 [0] NCCL INFO Connected all trees
watgpu608:255300:255509 [0] NCCL INFO NCCL_PROTO set by environment to Simple
watgpu608:255300:255509 [0] NCCL INFO NCCL_ALGO set by environment to Tree,Ring
watgpu608:255300:255509 [0] NCCL INFO   Algorithm   |                            Tree                  |                            Ring                  |                   CollNetDirect                  |
watgpu608:255300:255509 [0] NCCL INFO   Protocol    |             LL |          LL128 |         Simple |             LL |          LL128 |         Simple |             LL |          LL128 |         Simple |
watgpu608:255300:255509 [0] NCCL INFO  Max NThreads |            512 |            640 |            512 |            512 |            640 |            512 |              0 |              0 |            640 |
watgpu608:255302:255511 [2] NCCL INFO Imported shareable buffer device 2 size 2097152 ptr 0x7a5f52c00000
watgpu608:255300:255509 [0] NCCL INFO     Broadcast |     0.0/   0.0 |     0.0/   0.0 |     0.0/   0.0 |     7.6/   0.0 |    16.5/   0.0 |    14.1/  24.0 |     0.0/   0.0 |     0.0/   0.0 |     0.0/   0.0 |
watgpu608:255300:255509 [0] NCCL INFO        Reduce |     0.0/   0.0 |     0.0/   0.0 |     0.0/   0.0 |     7.6/   0.0 |    16.5/   0.0 |    14.1/  24.0 |     0.0/   0.0 |     0.0/   0.0 |     0.0/   0.0 |
watgpu608:255300:255509 [0] NCCL INFO     AllGather |     0.0/   0.0 |     0.0/   0.0 |     0.0/   0.0 |     9.6/   0.0 |    21.5/   0.0 |    25.5/  32.0 |     2.4/   0.0 |     2.4/   0.0 |    40.8/   0.0 |
watgpu608:255300:255509 [0] NCCL INFO ReduceScatter |     0.0/   0.0 |     0.0/   0.0 |     0.0/   0.0 |     9.6/   0.0 |    21.5/   0.0 |    25.5/  32.0 |     2.4/   0.0 |     2.4/   0.0 |    40.8/   0.0 |
watgpu608:255300:255509 [0] NCCL INFO     AllReduce |    12.8/   0.0 |    25.4/   0.0 |   168.0/  11.0 |    12.6/   0.0 |    29.0/   0.0 |    42.6/  16.0 |     2.4/   0.0 |     2.4/   0.0 |    40.8/   0.0 |
watgpu608:255300:255509 [0] NCCL INFO   Algorithm   |                    CollNetChain                  |                            NVLS                  |                        NVLSTree                  |
watgpu608:255300:255509 [0] NCCL INFO   Protocol    |             LL |          LL128 |         Simple |             LL |          LL128 |         Simple |             LL |          LL128 |         Simple |
watgpu608:255300:255509 [0] NCCL INFO  Max NThreads |              0 |              0 |            640 |              0 |              0 |            640 |              0 |              0 |            640 |
watgpu608:255300:255509 [0] NCCL INFO     Broadcast |     0.0/   0.0 |     0.0/   0.0 |     0.0/   0.0 |     0.0/   0.0 |     0.0/   0.0 |     0.0/   0.0 |     0.0/   0.0 |     0.0/   0.0 |     0.0/   0.0 |
watgpu608:255300:255509 [0] NCCL INFO        Reduce |     0.0/   0.0 |     0.0/   0.0 |     0.0/   0.0 |     0.0/   0.0 |     0.0/   0.0 |     0.0/   0.0 |     0.0/   0.0 |     0.0/   0.0 |     0.0/   0.0 |
watgpu608:255300:255509 [0] NCCL INFO     AllGather |     0.0/   0.0 |     0.0/   0.0 |     0.0/   0.0 |     0.0/   0.0 |     0.0/   0.0 |     0.0/   0.0 |     0.0/   0.0 |     0.0/   0.0 |     0.0/   0.0 |
watgpu608:255300:255509 [0] NCCL INFO ReduceScatter |     0.0/   0.0 |     0.0/   0.0 |     0.0/   0.0 |     0.0/   0.0 |     0.0/   0.0 |     0.0/   0.0 |     0.0/   0.0 |     0.0/   0.0 |     0.0/   0.0 |
watgpu608:255300:255509 [0] NCCL INFO     AllReduce |     0.0/   0.0 |     0.0/   0.0 |    46.8/   0.0 |     0.0/   0.0 |     0.0/   0.0 |     0.0/   0.0 |     0.0/   0.0 |     0.0/   0.0 |     0.0/   0.0 |
watgpu608:255300:255509 [0] NCCL INFO threadThresholds 8/8/64 | 32/8/64 | 512 | 512
watgpu608:255300:255509 [0] NCCL INFO 8 coll channels, 8 collnet channels, 0 nvls channels, 8 p2p channels, 2 p2p channels per peer
watgpu608:255301:255512 [1] NCCL INFO Connected all trees
watgpu608:255301:255512 [1] NCCL INFO NCCL_PROTO set by environment to Simple
watgpu608:255301:255512 [1] NCCL INFO NCCL_ALGO set by environment to Tree,Ring
watgpu608:255301:255512 [1] NCCL INFO threadThresholds 8/8/64 | 32/8/64 | 512 | 512
watgpu608:255301:255512 [1] NCCL INFO 8 coll channels, 8 collnet channels, 0 nvls channels, 8 p2p channels, 2 p2p channels per peer
watgpu608:255303:255510 [3] NCCL INFO Connected all trees
watgpu608:255303:255510 [3] NCCL INFO NCCL_PROTO set by environment to Simple
watgpu608:255303:255510 [3] NCCL INFO NCCL_ALGO set by environment to Tree,Ring
watgpu608:255303:255510 [3] NCCL INFO threadThresholds 8/8/64 | 32/8/64 | 512 | 512
watgpu608:255303:255510 [3] NCCL INFO 8 coll channels, 8 collnet channels, 0 nvls channels, 8 p2p channels, 2 p2p channels per peer
watgpu608:255302:255511 [2] NCCL INFO Connected all trees
watgpu608:255302:255511 [2] NCCL INFO NCCL_PROTO set by environment to Simple
watgpu608:255302:255511 [2] NCCL INFO NCCL_ALGO set by environment to Tree,Ring
watgpu608:255302:255511 [2] NCCL INFO threadThresholds 8/8/64 | 32/8/64 | 512 | 512
watgpu608:255302:255511 [2] NCCL INFO 8 coll channels, 8 collnet channels, 0 nvls channels, 8 p2p channels, 2 p2p channels per peer
watgpu608:255301:255516 [1] NCCL INFO Allocated 7340388 bytes of shared memory in /dev/shm/nccl-9zKZ1G
watgpu608:255300:255515 [0] NCCL INFO Allocated 7340388 bytes of shared memory in /dev/shm/nccl-3gCQwT
watgpu608:255302:255514 [2] NCCL INFO Allocated 7340388 bytes of shared memory in /dev/shm/nccl-9TaEme
watgpu608:255303:255513 [3] NCCL INFO Allocated 7340388 bytes of shared memory in /dev/shm/nccl-tS4BMy
watgpu608:255301:255516 [1] NCCL INFO New proxy send connection 32 from local rank 1, transport 2
watgpu608:255301:255516 [1] NCCL INFO proxyProgressAsync opId=0x78607c003810 op.type=1 op.reqBuff=0x78607401d280 op.respSize=16 done
watgpu608:255301:255512 [1] NCCL INFO ncclPollProxyResponse Received new opId=0x78607c003810
watgpu608:255301:255516 [1] NCCL INFO Received and initiated operation=Init res=0
watgpu608:255301:255512 [1] NCCL INFO resp.opId=0x78607c003810 matches expected opId=0x78607c003810
watgpu608:255301:255512 [1] NCCL INFO Connected to proxy localRank 1 -> connection 0x786074002220
watgpu608:255301:255516 [1] NCCL INFO transport/net.cc:510 Cuda Alloc Size 16777216 pointer 0x786072e00000
watgpu608:255301:255516 [1] NCCL INFO proxyProgressAsync opId=0x78607c003810 op.type=2 op.reqBuff=0x78607401ded0 op.respSize=0 done
watgpu608:255301:255512 [1] NCCL INFO ncclPollProxyResponse Received new opId=0x78607c003810
watgpu608:255301:255512 [1] NCCL INFO resp.opId=0x78607c003810 matches expected opId=0x78607c003810
watgpu608:255301:255516 [1] NCCL INFO Received and initiated operation=SharedInit res=0
watgpu608:255301:255512 [1] NCCL INFO init.cc:402 Cuda Alloc Size 11856 pointer 0x786099407000
watgpu608:255300:255515 [0] NCCL INFO New proxy send connection 24 from local rank 0, transport 2
watgpu608:255300:255515 [0] NCCL INFO proxyProgressAsync opId=0x7017cc003810 op.type=1 op.reqBuff=0x7017f4017000 op.respSize=16 done
watgpu608:255300:255509 [0] NCCL INFO ncclPollProxyResponse Received new opId=0x7017cc003810
watgpu608:255300:255515 [0] NCCL INFO Received and initiated operation=Init res=0
watgpu608:255300:255509 [0] NCCL INFO resp.opId=0x7017cc003810 matches expected opId=0x7017cc003810
watgpu608:255300:255509 [0] NCCL INFO Connected to proxy localRank 0 -> connection 0x7017f4001f90
watgpu608:255302:255514 [2] NCCL INFO New proxy send connection 32 from local rank 2, transport 2
watgpu608:255302:255514 [2] NCCL INFO proxyProgressAsync opId=0x7a5f5c003810 op.type=1 op.reqBuff=0x7a5f5401d280 op.respSize=16 done
watgpu608:255302:255511 [2] NCCL INFO ncclPollProxyResponse Received new opId=0x7a5f5c003810
watgpu608:255302:255514 [2] NCCL INFO Received and initiated operation=Init res=0
watgpu608:255302:255511 [2] NCCL INFO resp.opId=0x7a5f5c003810 matches expected opId=0x7a5f5c003810
watgpu608:255303:255513 [3] NCCL INFO New proxy send connection 24 from local rank 3, transport 2
watgpu608:255302:255511 [2] NCCL INFO Connected to proxy localRank 2 -> connection 0x7a5f54002220
